Component: ARM Compiler 5.06 update 6 (build 750) Tool: armlink [4d35ed]

==============================================================================

Section Cross References

    startup_cm0.o(RESET) refers to startup_cm0.o(.text) for Reset_Handler
    startup_cm0.o(RESET) refers to isr.o(i.NMI_Handler) for NMI_Handler
    startup_cm0.o(RESET) refers to isr.o(i.HardFault_Handler) for HardFault_Handler
    startup_cm0.o(RESET) refers to isr.o(i.SVC_Handler) for SVC_Handler
    startup_cm0.o(RESET) refers to isr.o(i.PendSV_Handler) for PendSV_Handler
    startup_cm0.o(RESET) refers to isr.o(ram_code) for SysTick_Handler
    startup_cm0.o(RESET) refers to isr.o(i.UART0_IRQHandler) for UART0_IRQHandler
    startup_cm0.o(RESET) refers to isr.o(i.UART1_IRQHandler) for UART1_IRQHandler
    startup_cm0.o(RESET) refers to isr.o(i.TIMER0_IRQHandler) for TIMER0_IRQHandler
    startup_cm0.o(RESET) refers to isr.o(i.TIMER1_IRQHandler) for TIMER1_IRQHandler
    startup_cm0.o(RESET) refers to isr.o(i.WDT_IRQHandler) for WDT_IRQHandler
    startup_cm0.o(RESET) refers to isr.o(i.APB_SPI0_IRQnHandler) for APB_SPI0_IRQnHandler
    startup_cm0.o(RESET) refers to isr.o(i.APB_SPI1_IRQnHandler) for APB_SPI1_IRQnHandler
    startup_cm0.o(RESET) refers to isr.o(i.QSPI_CTRL_IRQHandler) for QSPI_CTRL_IRQHandler
    startup_cm0.o(RESET) refers to isr.o(i.iWDT_IRQHandler) for iWDT_IRQHandler
    startup_cm0.o(RESET) refers to isr.o(i.GPIO_A5_IRQHandler) for GPIO_A5_IRQHandler
    startup_cm0.o(RESET) refers to isr.o(i.GPIO_B6_IRQHandler) for GPIO_B6_IRQHandler
    startup_cm0.o(RESET) refers to isr.o(i.AON_WKUP_IRQHandler) for AON_WKUP_IRQHandler
    startup_cm0.o(RESET) refers to isr.o(i.CMU2AHB_IRQHandler) for CMU2AHB_IRQHandler
    startup_cm0.o(.text) refers to entry.o(.ARM.Collect$$$$00000000) for __main
    system_initial.o(i.hal_nvic_clear_pending_irq) refers to system_initial.o(i.NVIC_ClearPendingIRQ) for NVIC_ClearPendingIRQ
    system_initial.o(i.hal_nvic_disable_irq) refers to system_initial.o(i.NVIC_DisableIRQ) for NVIC_DisableIRQ
    system_initial.o(i.hal_nvic_enable_irq) refers to system_initial.o(i.NVIC_EnableIRQ) for NVIC_EnableIRQ
    system_initial.o(i.hal_nvic_get_pending_irq) refers to system_initial.o(i.NVIC_GetPendingIRQ) for NVIC_GetPendingIRQ
    system_initial.o(i.hal_nvic_set_pending_irq) refers to system_initial.o(i.NVIC_SetPendingIRQ) for NVIC_SetPendingIRQ
    system_initial.o(i.hal_nvic_set_priority) refers to system_initial.o(i.NVIC_SetPriority) for NVIC_SetPriority
    system_initial.o(i.soft_reset) refers to system_initial.o(i.NVIC_SystemReset) for NVIC_SystemReset
    aon.o(i.Analog_Ctrl_1_Init) refers to dpi_common.o(ram_code) for reg_write
    aon.o(i.Analog_Ctrl_1_Init) refers to aon.o(.data) for .data
    aon.o(i.BSR1901_CFG_LPBG_VTRIM) refers to dpi_common.o(ram_code) for reg_read
    aon.o(i.BSR1901_GetBOR_VoltageCode) refers to dpi_common.o(ram_code) for reg_read
    aon.o(i.BSR1901_GetLdo_NORFlashVoltageCode) refers to dpi_common.o(ram_code) for reg_read
    aon.o(i.BSR1901_SetBOR_Voltage) refers to dpi_common.o(ram_code) for reg_read
    aon.o(i.BSR1901_SetLdo_NorFlashVoltage) refers to dpi_common.o(ram_code) for reg_read
    aon.o(i.ConfigPort_AnalogFunction) refers to dpi_common.o(ram_code) for reg_read
    aon.o(i.GEK_Retention_Reg_Access) refers to dpi_common.o(ram_code) for reg_write
    aon.o(i.GPIO_WakeUp_Setting) refers to dpi_common.o(ram_code) for reg_read
    aon.o(i.LDO18_Ctrl) refers to dpi_common.o(ram_code) for reg_read
    aon.o(i.LDO18_Ctrl) refers to aon.o(.data) for .data
    aon.o(i.LDO33_LCD_Disable) refers to dpi_common.o(ram_code) for reg_read
    aon.o(i.LDO33_LCD_Enable) refers to dpi_common.o(ram_code) for reg_read
    aon.o(i.LDO33_OUT_Ctrl) refers to dpi_common.o(ram_code) for reg_read
    aon.o(i.LDO33_OUT_Ctrl) refers to aon.o(.data) for .data
    aon.o(i.Osc32M_Freq_Trimming) refers to dpi_common.o(ram_code) for reg_read
    aon.o(i.Osc32M_Freq_Trimming) refers to aon.o(.data) for .data
    aon.o(i.aon_reg_wr_busy) refers to dpi_common.o(ram_code) for reg_read
    aon.o(i.aon_reg_wr_busy) refers to xt25f32.o(i.h2l_wr_busy) for h2l_wr_busy
    aon.o(i.aon_reg_wr_no_busy_ctrl) refers to dpi_common.o(ram_code) for reg_read
    aon.o(i.aon_reg_wr_no_busy_ctrl) refers to xt25f32.o(i.h2l_wr_busy) for h2l_wr_busy
    aon.o(i.aon_wakeup_irq_cfg) refers to system_initial.o(i.hal_nvic_clear_pending_irq) for hal_nvic_clear_pending_irq
    aon.o(i.aon_wakeup_irq_cfg) refers to system_initial.o(i.hal_nvic_set_priority) for hal_nvic_set_priority
    aon.o(i.aon_wakeup_irq_cfg) refers to system_initial.o(i.hal_nvic_enable_irq) for hal_nvic_enable_irq
    aon.o(i.bsr1901_PAD_pullup_pulldown_Config) refers to dpi_common.o(ram_code) for reg_read
    aon.o(i.bsr1901_adc_0_1_analog_port) refers to dpi_common.o(ram_code) for reg_write
    aon.o(i.bsr1901_adc_8_9_analog_port) refers to dpi_common.o(ram_code) for reg_write
[...]
    Removing fire_eye_img.o(.constdata), (51200 bytes).
    Removing fire_eye_img.o(.constdata), (51200 bytes).
    Removing fire_eye_img.o(.constdata), (51200 bytes).
    Removing fire_eye_img.o(.constdata), (51200 bytes).
    Removing fire_eye_img.o(.constdata), (51200 bytes).
    Removing fire_eye_img.o(.constdata), (51200 bytes).
    Removing fire_eye_img.o(.constdata), (51200 bytes).
    Removing font_0_9_digital_32b.o(.constdata), (640 bytes).
    Removing font_0_9_digital_32b.o(.constdata), (1440 bytes).
    Removing font_0_9_digital_32b.o(.constdata), (160 bytes).
    Removing font_0_9_digital_32b.o(.constdata), (32 bytes).
    Removing font_a_z_32b.o(.constdata), (3328 bytes).
    Removing img_battery.o(.constdata), (32768 bytes).
    Removing img_cake.o(.constdata), (32768 bytes).
    Removing img_star.o(.constdata), (32768 bytes).
    Removing ui_circle_100x100.o(.constdata), (20000 bytes).
    Removing img_watch_240x240.o(.constdata), (115200 bytes).
    Removing sc_arc.o(i.CHECK_XY), (24 bytes).
    Removing sc_arc.o(i._sc_DrawRound), (908 bytes).
    Removing sc_arc.o(i.sc_atan2_alpha), (164 bytes).
    Removing sc_arc.o(i.sc_dot_sin_cos), (70 bytes).
    Removing sc_arc.o(i.sc_draw_Arc), (70 bytes).
    Removing sc_arc.o(i.sc_draw_compose_arc), (148 bytes).
    Removing sc_arc.o(.constdata), (54 bytes).
    Removing sc_common.o(i._dirty_overlap_merged), (256 bytes).
    Removing sc_common.o(i._sc_draw_Line), (264 bytes).
    Removing sc_common.o(i.sc_cos), (14 bytes).
    Removing sc_common.o(i.sc_dirty_mark), (168 bytes).
    Removing sc_common.o(i.sc_dirty_merge_out), (124 bytes).
    Removing sc_common.o(i.sc_parent_align), (106 bytes).
    Removing sc_common.o(i.sc_sin), (80 bytes).
    Removing sc_common.o(i.sc_sqrt), (54 bytes).
    Removing sc_common.o(.constdata), (182 bytes).
    Removing sc_common.o(.data), (1 bytes).
    Removing sc_compose.o(i.sc_draw_Button), (152 bytes).
    Removing sc_compose.o(i.sc_draw_Chart), (596 bytes).
    Removing sc_compose.o(i.sc_draw_Led), (48 bytes).
    Removing sc_compose.o(i.sc_draw_Slider), (280 bytes).
    Removing sc_compose.o(i.sc_draw_Switch), (280 bytes).
    Removing sc_compose.o(i.sc_draw_compose), (76 bytes).
    Removing sc_compose.o(i.sc_init_Button), (32 bytes).
    Removing sc_compose.o(i.sc_put_Chart_ch), (126 bytes).
    Removing sc_event_task.o(i.EventQueue_Push), (88 bytes).
    Removing sc_event_task.o(i.sc_add_delay), (28 bytes).
    Removing sc_event_task.o(i.sc_delete_task), (20 bytes).
    Removing sc_event_task.o(i.sc_send_cmd_event), (20 bytes).
    Removing sc_event_task.o(i.sc_send_event_mask), (82 bytes).
    Removing sc_event_task.o(i.sc_send_pos_event), (40 bytes).
    Removing sc_event_task.o(i.sc_stop_delay), (20 bytes).
    Removing sc_event_task.o(i.sc_task_true), (24 bytes).
    Removing sc_gui.o(i.sc_draw_Bar), (144 bytes).
    Removing sc_gui.o(i.sc_draw_Fill), (168 bytes).
    Removing sc_gui.o(i.sc_draw_Frame), (118 bytes).
    Removing sc_gui.o(i.sc_draw_Icon), (308 bytes).
    Removing sc_gui.o(i.sc_draw_Image), (284 bytes).
    Removing sc_gui.o(i.sc_draw_Image_zip), (408 bytes).
    Removing sc_gui.o(i.sc_draw_Line_AA), (756 bytes).
    Removing sc_gui.o(i.sc_draw_Rounded_rect), (740 bytes).
    Removing sc_gui.o(i.spiflash_read), (2 bytes).
    Removing sc_gui.o(.constdata), (9 bytes).
    Removing sc_keyboard.o(i.sc_draw_kb_btn), (176 bytes).
    Removing sc_keyboard.o(i.sc_get_kb_vol), (20 bytes).
    Removing sc_keyboard.o(i.sc_init_keyboard), (72 bytes).
    Removing sc_keyboard.o(.constdata), (1600 bytes).
    Removing sc_keyboard.o(.conststring), (50 bytes).
    Removing sc_lvgl_font.o(i.lv_txt_utf8_next), (128 bytes).
    Removing sc_lvgl_font.o(i.sc_draw_Label), (308 bytes).
    Removing sc_lvgl_font.o(i.sc_draw_Num), (224 bytes).
    Removing sc_lvgl_font.o(i.sc_draw_Text), (56 bytes).
    Removing sc_lvgl_font.o(i.sc_draw_lv_letter), (388 bytes).
    Removing sc_lvgl_font.o(i.sc_get_font_dsc), (34 bytes).
    Removing sc_lvgl_font.o(i.sc_get_line_width), (186 bytes).
    Removing sc_lvgl_font.o(i.sc_init_Label), (44 bytes).
    Removing sc_lvgl_font.o(.constdata), (9 bytes).
    Removing sc_menu.o(i.SetBrightness_cb), (2 bytes).
    Removing sc_menu.o(i.SetLanguage_cb), (10 bytes).
    Removing sc_menu.o(i.find_menu), (48 bytes).
    Removing sc_menu.o(i.sc_menu_child), (92 bytes).
    Removing sc_menu.o(i.sc_menu_init), (116 bytes).
    Removing sc_menu.o(i.sc_menu_items), (32 bytes).
    Removing sc_menu.o(i.sc_menu_items_draw), (232 bytes).
    Removing sc_menu.o(i.sc_menu_loop_key), (128 bytes).
    Removing sc_menu.o(i.sc_menu_parent), (30 bytes).
    Removing sc_menu.o(i.sc_strcmp), (26 bytes).
    Removing sc_menu.o(.constdata), (8 bytes).
    Removing sc_menu.o(.constdata), (24 bytes).
    Removing sc_menu.o(.constdata), (32 bytes).
    Removing sc_menu.o(.constdata), (24 bytes).
    Removing sc_menu.o(.constdata), (24 bytes).
    Removing sc_menu.o(.constdata), (32 bytes).
    Removing sc_menu.o(.constdata), (16 bytes).
    Removing sc_menu.o(.constdata), (16 bytes).
    Removing sc_menu.o(.constdata), (160 bytes).
    Removing sc_menu.o(.conststring), (5 bytes).
    Removing sc_menu.o(.conststring), (52 bytes).
    Removing sc_menu.o(.conststring), (96 bytes).
    Removing sc_menu.o(.conststring), (52 bytes).
    Removing sc_menu.o(.conststring), (48 bytes).
    Removing sc_menu.o(.conststring), (52 bytes).
    Removing sc_menu.o(.conststring), (24 bytes).
    Removing sc_menu.o(.conststring), (44 bytes).
    Removing sc_menu.o(.conststring), (78 bytes).
    Removing sc_transform.o(i._Bilinear_Image), (352 bytes).
    Removing sc_transform.o(i._Bilinear_font), (232 bytes).
    Removing sc_transform.o(i._label_to_mask), (356 bytes).
    Removing sc_transform.o(i.get_bpp_value), (60 bytes).
    Removing sc_transform.o(i.sc_demo_transform), (124 bytes).
    Removing sc_transform.o(i.sc_draw_trans), (496 bytes).
    Removing sc_transform.o(i.sc_init_trans), (36 bytes).
    Removing sc_transform.o(i.sc_init_trans_label), (248 bytes).
    Removing sc_transform.o(i.sc_set_trans_angle), (468 bytes).
    Removing sc_transform.o(.constdata), (17 bytes).
    Removing lv_font_12.o(i.__user_font_get_bitmap), (70 bytes).
    Removing lv_font_12.o(i.__user_font_get_glyph_dsc), (98 bytes).
    Removing lv_font_12.o(i.binsearch), (42 bytes).
    Removing lv_font_12.o(.constdata), (4822 bytes).
    Removing lv_font_12.o(.constdata), (1152 bytes).
    Removing lv_font_12.o(.constdata), (290 bytes).
    Removing lv_font_12.o(.constdata), (20 bytes).
    Removing lv_font_12.o(.data), (28 bytes).
    Removing lv_font_12.o(.data), (20 bytes).
    Removing lv_font_20.o(i.__user_font_get_bitmap), (70 bytes).
    Removing lv_font_20.o(i.__user_font_get_glyph_dsc), (98 bytes).
    Removing lv_font_20.o(i.binsearch), (42 bytes).
    Removing lv_font_20.o(.constdata), (4088 bytes).
    Removing lv_font_20.o(.constdata), (792 bytes).
    Removing lv_font_20.o(.constdata), (200 bytes).
    Removing lv_font_20.o(.constdata), (20 bytes).
    Removing lv_font_20.o(.data), (28 bytes).
    Removing lv_font_20.o(.data), (20 bytes).
    Removing bashen.o(.constdata), (111657 bytes).
    Removing bashen.o(.constdata), (264 bytes).
    Removing test_img.o(.constdata), (2048 bytes).
    Removing test_img.o(.constdata), (4608 bytes).
    Removing test_img.o(.constdata), (2304 bytes).
    Removing test_img.o(.constdata), (12 bytes).
    Removing test_img.o(.constdata), (2833 bytes).
    Removing test_img.o(.constdata), (12 bytes).
    Removing test_img.o(.data), (12 bytes).
    Removing watch_106_64.o(.constdata), (4099 bytes).
    Removing watch_106_64.o(.constdata), (12 bytes).
    Removing sc_demo_test.o(i.sc_demo_Image_zip), (68 bytes).
    Removing sc_demo_test.o(i.sc_demo_arc), (84 bytes).
    Removing sc_demo_test.o(i.sc_demo_chart_task), (128 bytes).
    Removing sc_demo_test.o(i.sc_demo_commpose), (164 bytes).
    Removing sc_demo_test.o(i.sc_demo_drity_task), (648 bytes).
    Removing sc_demo_test.o(i.sc_demo_gif_task), (244 bytes).
    Removing sc_demo_test.o(i.sc_demo_menu_task), (48 bytes).
    Removing sc_demo_test.o(i.sc_demo_rect_pfs), (404 bytes).
    Removing sc_demo_test.o(i.sc_demo_text), (252 bytes).
    Removing sc_demo_test.o(i.sc_demo_trans_task), (196 bytes).
    Removing sc_demo_test.o(i.sc_dirty_to_rect), (42 bytes).
    Removing sc_demo_test.o(i.sc_move_rect), (90 bytes).
    Removing sc_demo_test.o(i.sc_watch_demo_task), (268 bytes).
    Removing sc_demo_test.o(.bss), (1228 bytes).
    Removing main.o(.data), (2 bytes).
    Removing main.o(.data), (1 bytes).
    Removing main.o(.data), (1 bytes).
    Removing main.o(.data), (4 bytes).
    Removing key_process.o(i.Key_Process), (140 bytes).
    Removing key_process.o(i.Task_KeyScan), (132 bytes).
    Removing key_process.o(.bss), (16 bytes).
    Removing ui_app.o(i.ShowPersent), (80 bytes).
    Removing ui_app.o(i.Task_UI_Refresh), (10 bytes).
    Removing ui_app.o(i.set_bat_percentage), (100 bytes).
    Removing ui_app.o(i.set_charge_circle), (80 bytes).
    Removing ui_app.o(i.ui_paint_bat), (32 bytes).
    Removing ui_app.o(i.ui_paint_bat_percent), (172 bytes).
    Removing ui_app.o(i.ui_paint_color_circle), (32 bytes).
    Removing ui_app.o(.data), (3 bytes).
    Removing fadd.o(.text), (178 bytes).
    Removing fmul.o(.text), (122 bytes).
    Removing fdiv.o(.text), (124 bytes).
    Removing fflti.o(.text), (22 bytes).
    Removing ffltui.o(.text), (14 bytes).
    Removing dfltui.o(.text), (28 bytes).
    Removing ffixi.o(.text), (50 bytes).
    Removing dfixui.o(.text), (60 bytes).
    Removing cfcmple.o(.text), (20 bytes).
    Removing cfrcmple.o(.text), (20 bytes).
    Removing fepilogue.o(.text), (130 bytes).
    Removing sc_transform.o(i.__ARM_common_ll_mulss), (48 bytes).

703 unused section(s) (total 1270895 bytes) removed from the image.

==============================================================================

Adding Veneers to the image

    Adding TT veneer (12 bytes, Long) for call to 'reg_read' from adc.o(i.BSR1901_SetADC_Ref_Voltage).
    Adding TT veneer (12 bytes, Long) for call to 'reg_write' from adc.o(i.BSR1901_SetADC_Ref_Voltage).
    Adding TT veneer (12 bytes, Long) for call to 'dma_sram_wait' from spi.o(i.HW_SPI_Tx_DMA_16bit_ColorBlock).
    Adding TT veneer (12 bytes, Long) for call to 'HW_SPI_Tx_DMA_16bit' from spi.o(i.lcd_dma_16bit_refresh).
    Adding TT veneer (12 bytes, Long) for call to 'gpio_set_value' from spi.o(ram_code).
    Adding TT veneer (12 bytes, Long) for call to 'Gecko_DMA_Transport' from spi.o(ram_code).

6 Veneer(s) (total 72 bytes) added to the image.

==============================================================================

Image Symbol Table

    Local Symbols

    Symbol Name                              Value     Ov Type        Size  Object(Section)

    RESET                                    0x00000000   Section      192  startup_cm0.o(RESET)
    ../clib/microlib/division.c              0x00000000   Number         0  uldiv.o ABSOLUTE
    ../clib/microlib/division.c              0x00000000   Number         0  idiv.o ABSOLUTE
    ../clib/microlib/division.c              0x00000000   Number         0  uidiv.o ABSOLUTE
    ../clib/microlib/init/entry.s            0x00000000   Number         0  entry9a.o ABSOLUTE
    ../clib/microlib/init/entry.s            0x00000000   Number         0  entry.o ABSOLUTE
    ../clib/microlib/init/entry.s            0x00000000   Number         0  entry8b.o ABSOLUTE
    ../clib/microlib/init/entry.s            0x00000000   Number         0  entry2.o ABSOLUTE
    ../clib/microlib/init/entry.s            0x00000000   Number         0  entry7a.o ABSOLUTE
    ../clib/microlib/init/entry.s            0x00000000   Number         0  entry5.o ABSOLUTE
    ../clib/microlib/init/entry.s            0x00000000   Number         0  entry7b.o ABSOLUTE
    ../clib/microlib/init/entry.s            0x00000000   Number         0  entry11b.o ABSOLUTE
    ../clib/microlib/init/entry.s            0x00000000   Number         0  entry8a.o ABSOLUTE
    ../clib/microlib/init/entry.s            0x00000000   Number         0  entry11a.o ABSOLUTE
    ../clib/microlib/init/entry.s            0x00000000   Number         0  entry10b.o ABSOLUTE
    ../clib/microlib/init/entry.s            0x00000000   Number         0  entry10a.o ABSOLUTE
    ../clib/microlib/init/entry.s            0x00000000   Number         0  entry9b.o ABSOLUTE
    ../clib/microlib/longlong.c              0x00000000   Number         0  llushr.o ABSOLUTE
    ../clib/microlib/longlong.c              0x00000000   Number         0  llsshr.o ABSOLUTE
    ../clib/microlib/longlong.c              0x00000000   Number         0  llshl.o ABSOLUTE
    ../clib/microlib/malloc/malloc.c         0x00000000   Number         0  malloc.o ABSOLUTE
    ../clib/microlib/malloc/malloc.c         0x00000000   Number         0  mallocra.o ABSOLUTE
    ../clib/microlib/malloc/malloc.c         0x00000000   Number         0  mallocr.o ABSOLUTE
    ../clib/microlib/malloc/malloc.c         0x00000000   Number         0  malloca.o ABSOLUTE
    ../clib/microlib/malloc/mvars.c          0x00000000   Number         0  mvars.o ABSOLUTE
    ../clib/microlib/printf/printf.c         0x00000000   Number         0  printfa.o ABSOLUTE
    ../clib/microlib/printf/printf.c         0x00000000   Number         0  printf7.o ABSOLUTE
    ../clib/microlib/printf/printf.c         0x00000000   Number         0  printf6.o ABSOLUTE
    ../clib/microlib/printf/printf.c         0x00000000   Number         0  printf4.o ABSOLUTE
    ../clib/microlib/printf/printf.c         0x00000000   Number         0  printf3.o ABSOLUTE
    ../clib/microlib/printf/printf.c         0x00000000   Number         0  printf2.o ABSOLUTE
    ../clib/microlib/printf/printf.c         0x00000000   Number         0  printf1.o ABSOLUTE
    ../clib/microlib/printf/printf.c         0x00000000   Number         0  printf0.o ABSOLUTE
    ../clib/microlib/printf/printf.c         0x00000000   Number         0  printfb.o ABSOLUTE
    ../clib/microlib/printf/printf.c         0x00000000   Number         0  printf5.o ABSOLUTE
    ../clib/microlib/printf/printf.c         0x00000000   Number         0  printf8.o ABSOLUTE
    ../clib/microlib/printf/stubs.s          0x00000000   Number         0  stubs.o ABSOLUTE
    ../clib/microlib/stdio/streams.c         0x00000000   Number         0  stdout.o ABSOLUTE
    ../clib/microlib/string/memcpy.c         0x00000000   Number         0  memcpyb.o ABSOLUTE
    ../clib/microlib/string/memcpy.c         0x00000000   Number         0  memcpya.o ABSOLUTE
    ../clib/microlib/string/memset.c         0x00000000   Number         0  memseta.o ABSOLUTE
    ../clib/microlib/stubs.s                 0x00000000   Number         0  iusefp.o ABSOLUTE
    ../clib/microlib/unhosted.c              0x00000000   Number         0  uread4.o ABSOLUTE
    ../fplib/microlib/fpadd.c                0x00000000   Number         0  dadd.o ABSOLUTE
    ../fplib/microlib/fpadd.c                0x00000000   Number         0  fadd.o ABSOLUTE
    ../fplib/microlib/fpdiv.c                0x00000000   Number         0  fdiv.o ABSOLUTE
    ../fplib/microlib/fpdiv.c                0x00000000   Number         0  ddiv.o ABSOLUTE
    ../fplib/microlib/fpepilogue.c           0x00000000   Number         0  depilogue.o ABSOLUTE
    ../fplib/microlib/fpepilogue.c           0x00000000   Number         0  fepilogue.o ABSOLUTE
    ../fplib/microlib/fpfix.c                0x00000000   Number         0  dfixul.o ABSOLUTE
    ../fplib/microlib/fpfix.c                0x00000000   Number         0  dfixi.o ABSOLUTE
    ../fplib/microlib/fpfix.c                0x00000000   Number         0  ffixi.o ABSOLUTE
    ../fplib/microlib/fpfix.c                0x00000000   Number         0  dfixui.o ABSOLUTE
    ../fplib/microlib/fpflt.c                0x00000000   Number         0  ffltui.o ABSOLUTE
    ../fplib/microlib/fpflt.c                0x00000000   Number         0  dfltui.o ABSOLUTE
    ../fplib/microlib/fpflt.c                0x00000000   Number         0  dflti.o ABSOLUTE
    ../fplib/microlib/fpflt.c                0x00000000   Number         0  fflti.o ABSOLUTE
    ../fplib/microlib/fpmul.c                0x00000000   Number         0  dmul.o ABSOLUTE
    ../fplib/microlib/fpmul.c                0x00000000   Number         0  fmul.o ABSOLUTE
    RLE_decompression\rle_decompression.c    0x00000000   Number         0  rle_decompression.o ABSOLUTE
    SCGUI\bmp\bashen.c                       0x00000000   Number         0  bashen.o ABSOLUTE
    SCGUI\bmp\test_img.c                     0x00000000   Number         0  test_img.o ABSOLUTE
    SCGUI\bmp\watch_106_64.c                 0x00000000   Number         0  watch_106_64.o ABSOLUTE
    SCGUI\example\sc_demo_test.c             0x00000000   Number         0  sc_demo_test.o ABSOLUTE
    SCGUI\font\lv_font_12.c                  0x00000000   Number         0  lv_font_12.o ABSOLUTE
    SCGUI\font\lv_font_16.c                  0x00000000   Number         0  lv_font_16.o ABSOLUTE
    SCGUI\font\lv_font_20.c                  0x00000000   Number         0  lv_font_20.o ABSOLUTE
    SCGUI\sc_arc.c                           0x00000000   Number         0  sc_arc.o ABSOLUTE
    SCGUI\sc_common.c                        0x00000000   Number         0  sc_common.o ABSOLUTE
    SCGUI\sc_compose.c                       0x00000000   Number         0  sc_compose.o ABSOLUTE
    SCGUI\sc_event_task.c                    0x00000000   Number         0  sc_event_task.o ABSOLUTE
    SCGUI\sc_gui.c                           0x00000000   Number         0  sc_gui.o ABSOLUTE
    SCGUI\sc_keyboard.c                      0x00000000   Number         0  sc_keyboard.o ABSOLUTE
    SCGUI\sc_lvgl_font.c                     0x00000000   Number         0  sc_lvgl_font.o ABSOLUTE
    SCGUI\sc_menu.c                          0x00000000   Number         0  sc_menu.o ABSOLUTE
    SCGUI\sc_transform.c                     0x00000000   Number         0  sc_transform.o ABSOLUTE
    bms\ip2366\bms_ip2366.c                  0x00000000   Number         0  bms_ip2366.o ABSOLUTE
    cdrcmple.s                               0x00000000   Number         0  cdrcmple.o ABSOLUTE
    cfcmple.s                                0x00000000   Number         0  cfcmple.o ABSOLUTE
    cfrcmple.s                               0x00000000   Number         0  cfrcmple.o ABSOLUTE
    dc.s                                     0x00000000   Number         0  dc.o ABSOLUTE
    handlers.s                               0x00000000   Number         0  handlers.o ABSOLUTE
    img_res\120x240.c                        0x00000000   Number         0  120x240.o ABSOLUTE
    img_res\120x240_1.c                      0x00000000   Number         0  120x240_1.o ABSOLUTE
    img_res\120x240_1_32bit.c                0x00000000   Number         0  120x240_1_32bit.o ABSOLUTE
    img_res\120x240_32bit.c                  0x00000000   Number         0  120x240_32bit.o ABSOLUTE
    img_res\bat_64x35.c                      0x00000000   Number         0  bat_64x35.o ABSOLUTE
    img_res\bat_90x49.c                      0x00000000   Number         0  bat_90x49.o ABSOLUTE
    img_res\bat_percent_162x43.c             0x00000000   Number         0  bat_percent_162x43.o ABSOLUTE
    img_res\black_128x128.c                  0x00000000   Number         0  black_128x128.o ABSOLUTE
    img_res\charging.c                       0x00000000   Number         0  charging.o ABSOLUTE
    img_res\charging_32bit.c                 0x00000000   Number         0  charging_32bit.o ABSOLUTE
    img_res\fire_eye_img.c                   0x00000000   Number         0  fire_eye_img.o ABSOLUTE
    img_res\font_0_9_digital_32b.c           0x00000000   Number         0  font_0_9_digital_32b.o ABSOLUTE
    img_res\font_A_z_32b.c                   0x00000000   Number         0  font_a_z_32b.o ABSOLUTE
    img_res\img.c                            0x00000000   Number         0  img.o ABSOLUTE
    img_res\img_battery.c                    0x00000000   Number         0  img_battery.o ABSOLUTE
    img_res\img_battery_32b.c                0x00000000   Number         0  img_battery_32b.o ABSOLUTE
    img_res\img_cake.c                       0x00000000   Number         0  img_cake.o ABSOLUTE
    img_res\img_cake_32b.c                   0x00000000   Number         0  img_cake_32b.o ABSOLUTE
    img_res\img_star.c                       0x00000000   Number         0  img_star.o ABSOLUTE
    img_res\img_star_32b.c                   0x00000000   Number         0  img_star_32b.o ABSOLUTE
    img_res\img_watch_240x240.c              0x00000000   Number         0  img_watch_240x240.o ABSOLUTE
    img_res\ui_circle_100x100.c              0x00000000   Number         0  ui_circle_100x100.o ABSOLUTE
    init.s                                   0x00000000   Number         0  init.o ABSOLUTE
    norflash\xtxflash\dpi_common.c           0x00000000   Number         0  dpi_common.o ABSOLUTE
    norflash\xtxflash\xt25f32.c              0x00000000   Number         0  xt25f32.o ABSOLUTE
    peripheral\adc.c                         0x00000000   Number         0  adc.o ABSOLUTE
    peripheral\aon.c                         0x00000000   Number         0  aon.o ABSOLUTE
    peripheral\charger.c                     0x00000000   Number         0  charger.o ABSOLUTE
    peripheral\cmu.c                         0x00000000   Number         0  cmu.o ABSOLUTE
    peripheral\dma.c                         0x00000000   Number         0  dma.o ABSOLUTE
    peripheral\efuse.c                       0x00000000   Number         0  efuse.o ABSOLUTE
    peripheral\gpio.c                        0x00000000   Number         0  gpio.o ABSOLUTE
    peripheral\gpio_i2c.c                    0x00000000   Number         0  gpio_i2c.o ABSOLUTE
    peripheral\iomux.c                       0x00000000   Number         0  iomux.o ABSOLUTE
    peripheral\isr.c                         0x00000000   Number         0  isr.o ABSOLUTE
    peripheral\mos.c                         0x00000000   Number         0  mos.o ABSOLUTE
    peripheral\opa.c                         0x00000000   Number         0  opa.o ABSOLUTE
    peripheral\puf.c                         0x00000000   Number         0  puf.o ABSOLUTE
    peripheral\pwm.c                         0x00000000   Number         0  pwm.o ABSOLUTE
    peripheral\spi.c                         0x00000000   Number         0  spi.o ABSOLUTE
    peripheral\spi2ahb.c                     0x00000000   Number         0  spi2ahb.o ABSOLUTE
    peripheral\systick.c                     0x00000000   Number         0  systick.o ABSOLUTE
    peripheral\timer.c                       0x00000000   Number         0  timer.o ABSOLUTE
    peripheral\uart.c                        0x00000000   Number         0  uart.o ABSOLUTE
    peripheral\watchdog.c                    0x00000000   Number         0  watchdog.o ABSOLUTE
    startup\startup_cm0.s                    0x00000000   Number         0  startup_cm0.o ABSOLUTE
    startup\system_initial.c                 0x00000000   Number         0  system_initial.o ABSOLUTE
    tft_lcd\GC9A01\drv_lcd_gc9a01.c          0x00000000   Number         0  drv_lcd_gc9a01.o ABSOLUTE
    tft_lcd\NV3022B\drv_lcd_nv3022b.c        0x00000000   Number         0  drv_lcd_nv3022b.o ABSOLUTE
    tft_lcd\ST7735S\drv_lcd_st7735s.c        0x00000000   Number         0  drv_lcd_st7735s.o ABSOLUTE
    tft_lcd\lcd_driver.c                     0x00000000   Number         0  lcd_driver.o ABSOLUTE
    user\key_process.c                       0x00000000   Number         0  key_process.o ABSOLUTE
    user\main.c                              0x00000000   Number         0  main.o ABSOLUTE
    user\ui_app.c                            0x00000000   Number         0  ui_app.o ABSOLUTE
    .ARM.Collect$$$$00000000                 0x000000c0   Section        0  entry.o(.ARM.Collect$$$$00000000)
    .ARM.Collect$$$$00000001                 0x000000c0   Section        4  entry2.o(.ARM.Collect$$$$00000001)
    .ARM.Collect$$$$00000004                 0x000000c4   Section        4  entry5.o(.ARM.Collect$$$$00000004)
    .ARM.Collect$$$$00000008                 0x000000c8   Section        0  entry7b.o(.ARM.Collect$$$$00000008)
    .ARM.Collect$$$$0000000A                 0x000000c8   Section        0  entry8b.o(.ARM.Collect$$$$0000000A)
    .ARM.Collect$$$$0000000B                 0x000000c8   Section        8  entry9a.o(.ARM.Collect$$$$0000000B)
    .ARM.Collect$$$$0000000D                 0x000000d0   Section        0  entry10a.o(.ARM.Collect$$$$0000000D)
    .ARM.Collect$$$$0000000F                 0x000000d0   Section        0  entry11a.o(.ARM.Collect$$$$0000000F)
    .ARM.Collect$$$$00002712                 0x000000d0   Section        4  entry2.o(.ARM.Collect$$$$00002712)
    __lit__00000000                          0x000000d0   Data           4  entry2.o(.ARM.Collect$$$$00002712)
    .text                                    0x000000d4   Section       28  startup_cm0.o(.text)
    GPIO_A0_IRQHandler                       0x000000eb   Thumb Code     0  startup_cm0.o(.text)
    .text                                    0x000000f0   Section        0  uidiv.o(.text)
    .text                                    0x0000011c   Section        0  llshl.o(.text)
    .text                                    0x0000013c   Section        0  memseta.o(.text)
    .text                                    0x00000160   Section        0  dmul.o(.text)
    .text                                    0x00000230   Section        0  ddiv.o(.text)
    .text                                    0x00000320   Section        0  dflti.o(.text)
    .text                                    0x00000348   Section        0  dfixi.o(.text)
    .text                                    0x00000390   Section        0  uldiv.o(.text)
    .text                                    0x000003f0   Section        0  llushr.o(.text)
    .text                                    0x00000412   Section        0  iusefp.o(.text)
    .text                                    0x00000412   Section        0  depilogue.o(.text)
    .text                                    0x000004d0   Section        0  dadd.o(.text)
    .text                                    0x00000634   Section        0  dfixul.o(.text)
    .text                                    0x00000674   Section       40  cdrcmple.o(.text)
    .text                                    0x0000069c   Section       36  init.o(.text)
    .text                                    0x000006c0   Section        0  llsshr.o(.text)
    i.ADC_Init                               0x00000718   Section        0  adc.o(i.ADC_Init)
    i.AON_WKUP_IRQHandler                    0x00000754   Section        0  isr.o(i.AON_WKUP_IRQHandler)
    i.APB_SPI0_IRQnHandler                   0x0000075c   Section        0  isr.o(i.APB_SPI0_IRQnHandler)
    i.APB_SPI1_IRQnHandler                   0x00000764   Section        0  isr.o(i.APB_SPI1_IRQnHandler)
    i.BSR1901_SetADC_Ref_Voltage             0x00000768   Section        0  adc.o(i.BSR1901_SetADC_Ref_Voltage)
    i.CMU2AHB_IRQHandler                     0x000007b8   Section        0  isr.o(i.CMU2AHB_IRQHandler)
    i.DMA_Configuration                      0x000007bc   Section        0  dma.o(i.DMA_Configuration)
    i.DrawEye_Blink_test                     0x000007f0   Section        0  sc_arc.o(i.DrawEye_Blink_test)
    i.EventQueue_Pop                         0x00000888   Section        0  sc_event_task.o(i.EventQueue_Pop)
    i.GPIO_A5_IRQHandler                     0x000008bc   Section        0  isr.o(i.GPIO_A5_IRQHandler)
    i.GPIO_B6_IRQHandler                     0x000008be   Section        0  isr.o(i.GPIO_B6_IRQHandler)
    i.Gecko_DMA_Transport                    0x000008c0   Section        0  dma.o(i.Gecko_DMA_Transport)
    i.Gecko_Set_BaudRate                     0x000008ec   Section        0  uart.o(i.Gecko_Set_BaudRate)
    i.Gecko_Uart1_Send_Char                  0x000009c8   Section        0  uart.o(i.Gecko_Uart1_Send_Char)
    i.Get_Vbat_Voltage                       0x000009d8   Section        0  adc.o(i.Get_Vbat_Voltage)
    i.Gui_Draw_Line                          0x00000adc   Section        0  lcd_driver.o(i.Gui_Draw_Line)
    i.Gui_ShowString_Transparent             0x00000b38   Section        0  lcd_driver.o(i.Gui_ShowString_Transparent)
    i.HW_SPI_Initialise                      0x00000bbc   Section        0  spi.o(i.HW_SPI_Initialise)
    i.HW_SPI_Interrupt_Handler               0x00000c6c   Section        0  spi.o(i.HW_SPI_Interrupt_Handler)
    i.HW_SPI_Tx_DMA_16bit_ColorBlock         0x00000c9c   Section        0  spi.o(i.HW_SPI_Tx_DMA_16bit_ColorBlock)
    i.HW_SPI_Tx_DMA_32bit                    0x00000cd4   Section        0  spi.o(i.HW_SPI_Tx_DMA_32bit)
    i.HardFault_Handler                      0x00000d0c   Section        0  isr.o(i.HardFault_Handler)
    i.LCD_DrawPoint                          0x00000d0e   Section        0  lcd_driver.o(i.LCD_DrawPoint)
    i.LCD_GPIO_Init                          0x00000d22   Section        0  lcd_driver.o(i.LCD_GPIO_Init)
    i.LCD_Init_GC9A01_M128T_240240           0x00000d4e   Section        0  drv_lcd_gc9a01.o(i.LCD_Init_GC9A01_M128T_240240)
    i.LCD_WriteData_16Bit                    0x000011b0   Section        0  spi.o(i.LCD_WriteData_16Bit)
    i.Lcd_Clear                              0x000011d0   Section        0  lcd_driver.o(i.Lcd_Clear)
    i.Lcd_Fill                               0x000011ec   Section        0  lcd_driver.o(i.Lcd_Fill)
    i.Lcd_Init                               0x00001208   Section        0  lcd_driver.o(i.Lcd_Init)
    i.Lcd_Reset                              0x00001218   Section        0  lcd_driver.o(i.Lcd_Reset)
    i.Lcd_SetRegion                          0x0000124e   Section        0  lcd_driver.o(i.Lcd_SetRegion)
    i.Lcd_WriteData                          0x00001284   Section        0  spi.o(i.Lcd_WriteData)
    i.Lcd_WriteIndex                         0x000012a4   Section        0  spi.o(i.Lcd_WriteIndex)
    i.NMI_Handler                            0x000012c4   Section        0  isr.o(i.NMI_Handler)
    i.NVIC_ClearPendingIRQ                   0x000012c8   Section        0  system_initial.o(i.NVIC_ClearPendingIRQ)
    i.NVIC_EnableIRQ                         0x000012e0   Section        0  system_initial.o(i.NVIC_EnableIRQ)
    i.NVIC_SetPriority                       0x000012f8   Section        0  system_initial.o(i.NVIC_SetPriority)
    i.Osc32M_Freq_Trimming                   0x0000133c   Section        0  aon.o(i.Osc32M_Freq_Trimming)
    i.PendSV_Handler                         0x000013c0   Section        0  isr.o(i.PendSV_Handler)
    i.QSPI_CTRL_IRQHandler                   0x000013c2   Section        0  isr.o(i.QSPI_CTRL_IRQHandler)
    i.SVC_Handler                            0x000013ca   Section        0  isr.o(i.SVC_Handler)
    i.SystemInit                             0x000013cc   Section        0  main.o(i.SystemInit)
    i.TIMER0_IRQHandler                      0x000013f0   Section        0  isr.o(i.TIMER0_IRQHandler)
    i.TIMER1_IRQHandler                      0x000013f8   Section        0  isr.o(i.TIMER1_IRQHandler)
    i.Timer0_Interrupt_Handler               0x00001400   Section        0  timer.o(i.Timer0_Interrupt_Handler)
    i.UART0_IRQHandler                       0x00001410   Section        0  isr.o(i.UART0_IRQHandler)
    i.UART0_Interrupt_Handler                0x00001418   Section        0  uart.o(i.UART0_Interrupt_Handler)
    i.UART1_IRQHandler                       0x0000144c   Section        0  isr.o(i.UART1_IRQHandler)
    i.UART1_Interrupt_Handler                0x00001454   Section        0  uart.o(i.UART1_Interrupt_Handler)
    i.Uart_16550_Initialise                  0x00001488   Section        0  uart.o(i.Uart_16550_Initialise)
    i.WDT_IRQHandler                         0x000014e4   Section        0  isr.o(i.WDT_IRQHandler)
    i.__0printf                              0x00001504   Section        0  printfa.o(i.__0printf)
    i.__ARM_clz                              0x00001524   Section        0  depilogue.o(i.__ARM_clz)
    i.__ARM_common_switch8                   0x00001552   Section        0  iomux.o(i.__ARM_common_switch8)
    i.__scatterload_copy                     0x0000156c   Section       14  handlers.o(i.__scatterload_copy)
    i.__scatterload_null                     0x0000157a   Section        2  handlers.o(i.__scatterload_null)
    i.__scatterload_zeroinit                 0x0000157c   Section       14  handlers.o(i.__scatterload_zeroinit)
    i.__user_font_get_bitmap                 0x0000158a   Section        0  lv_font_16.o(i.__user_font_get_bitmap)
    __user_font_get_bitmap                   0x0000158b   Thumb Code    70  lv_font_16.o(i.__user_font_get_bitmap)
    i.__user_font_get_glyph_dsc              0x000015d0   Section        0  lv_font_16.o(i.__user_font_get_glyph_dsc)
    __user_font_get_glyph_dsc                0x000015d1   Thumb Code    98  lv_font_16.o(i.__user_font_get_glyph_dsc)
    i._fp_digits                             0x00001634   Section        0  printfa.o(i._fp_digits)
    _fp_digits                               0x00001635   Thumb Code   344  printfa.o(i._fp_digits)
    i._printf_core                           0x000017a8   Section        0  printfa.o(i._printf_core)
    _printf_core                             0x000017a9   Thumb Code  1754  printfa.o(i._printf_core)
    i._printf_post_padding                   0x00001e94   Section        0  printfa.o(i._printf_post_padding)
    _printf_post_padding                     0x00001e95   Thumb Code    32  printfa.o(i._printf_post_padding)
    i._printf_pre_padding                    0x00001eb4   Section        0  printfa.o(i._printf_pre_padding)
    _printf_pre_padding                      0x00001eb5   Thumb Code    44  printfa.o(i._printf_pre_padding)
    i.alphaBlend                             0x00001ee0   Section        0  sc_common.o(i.alphaBlend)
    i.binsearch                              0x00001f1c   Section        0  lv_font_16.o(i.binsearch)
    binsearch                                0x00001f1d   Thumb Code    42  lv_font_16.o(i.binsearch)
    i.delay_1ms                              0x00001f46   Section        0  lcd_driver.o(i.delay_1ms)
    i.delay_1us                              0x00001f5c   Section        0  dpi_common.o(i.delay_1us)
    i.delay_ms                               0x00001f6c   Section        0  lcd_driver.o(i.delay_ms)
    i.fputc                                  0x00001f80   Section        0  uart.o(i.fputc)
    i.gecko_ahb2qspi_ctrl_irq_handler        0x00001f90   Section        0  xt25f32.o(i.gecko_ahb2qspi_ctrl_irq_handler)
    i.gecko_aon_wakeup_irq_handler           0x00001fb4   Section        0  xt25f32.o(i.gecko_aon_wakeup_irq_handler)
    i.gecko_cmu_init                         0x00001fc4   Section        0  cmu.o(i.gecko_cmu_init)
    i.gecko_pinmux_config                    0x00001fd8   Section        0  iomux.o(i.gecko_pinmux_config)
    i.gecko_pinmux_default_config            0x0000216c   Section        0  iomux.o(i.gecko_pinmux_default_config)
    i.gecko_task_cm0_sw_flash                0x0000217c   Section        0  xt25f32.o(i.gecko_task_cm0_sw_flash)
    i.gecko_timer1_irq_handler               0x000021c8   Section        0  timer.o(i.gecko_timer1_irq_handler)
    i.gpio_set_output                        0x000021ec   Section        0  gpio.o(i.gpio_set_output)
    i.gpio_set_value                         0x00002228   Section        0  gpio.o(i.gpio_set_value)
    i.hal_nvic_clear_pending_irq             0x0000224c   Section        0  system_initial.o(i.hal_nvic_clear_pending_irq)
    i.hal_nvic_enable_irq                    0x00002254   Section        0  system_initial.o(i.hal_nvic_enable_irq)
    i.hal_nvic_set_priority                  0x0000225c   Section        0  system_initial.o(i.hal_nvic_set_priority)
    i.iWDT_IRQHandler                        0x00002264   Section        0  isr.o(i.iWDT_IRQHandler)
    i.iWDT_Timer_Disable                     0x00002268   Section        0  watchdog.o(i.iWDT_Timer_Disable)
    i.iWDT_Timer_Init                        0x00002284   Section        0  watchdog.o(i.iWDT_Timer_Init)
    i.iWDT_Timer_Restart                     0x000022a4   Section        0  watchdog.o(i.iWDT_Timer_Restart)
    i.lcd_dma_16bit_refresh                  0x000022bc   Section        0  spi.o(i.lcd_dma_16bit_refresh)
    i.main                                   0x000022e0   Section        0  main.o(i.main)
    i.pEnterCriticalSection                  0x00002538   Section        0  system_initial.o(i.pEnterCriticalSection)
    i.pExitCriticalSection                   0x0000253e   Section        0  system_initial.o(i.pExitCriticalSection)
    i.sc_clear                               0x00002542   Section        0  sc_gui.o(i.sc_clear)
    i.sc_create_task                         0x00002578   Section        0  sc_event_task.o(i.sc_create_task)
    i.sc_demo_DrawEye_task                   0x000025b0   Section        0  sc_demo_test.o(i.sc_demo_DrawEye_task)
    i.sc_draw_Eye_blink                      0x00002654   Section        0  sc_arc.o(i.sc_draw_Eye_blink)
    i.sc_gui_init                            0x00002798   Section        0  sc_gui.o(i.sc_gui_init)
    i.sc_pfb_init_slices                     0x000027c8   Section        0  sc_common.o(i.sc_pfb_init_slices)
    i.sc_pfb_intersection                    0x00002816   Section        0  sc_common.o(i.sc_pfb_intersection)
    i.sc_pfb_memset                          0x000028e4   Section        0  sc_common.o(i.sc_pfb_memset)
    sc_pfb_memset                            0x000028e5   Thumb Code    42  sc_common.o(i.sc_pfb_memset)
    i.sc_pfb_next_slice                      0x00002914   Section        0  sc_common.o(i.sc_pfb_next_slice)
    i.sc_pfb_refresh                         0x00002968   Section        0  sc_common.o(i.sc_pfb_refresh)
    sc_pfb_refresh                           0x00002969   Thumb Code    20  sc_common.o(i.sc_pfb_refresh)
    i.sc_rect_intersect_to_area              0x00002980   Section        0  sc_common.o(i.sc_rect_intersect_to_area)
    sc_rect_intersect_to_area                0x00002981   Thumb Code   104  sc_common.o(i.sc_rect_intersect_to_area)
    i.sc_rect_nor_intersect                  0x000029e8   Section        0  sc_common.o(i.sc_rect_nor_intersect)
    sc_rect_nor_intersect                    0x000029e9   Thumb Code    58  sc_common.o(i.sc_rect_nor_intersect)
    i.sc_task_loop                           0x00002a24   Section        0  sc_event_task.o(i.sc_task_loop)
    .constdata                               0x00002aec   Section     1521  lcd_driver.o(.constdata)
    .constdata                               0x000030e0   Section    32768  charging_32bit.o(.constdata)
    .constdata                               0x0000b0e0   Section    32768  img_battery_32b.o(.constdata)
    .constdata                               0x000130e0   Section    32768  img_cake_32b.o(.constdata)
    .constdata                               0x0001b0e0   Section     2726  lv_font_16.o(.constdata)
    glyph_bitmap                             0x0001b0e0   Data        2726  lv_font_16.o(.constdata)
    .constdata                               0x0001bb88   Section      792  lv_font_16.o(.constdata)
    glyph_dsc                                0x0001bb88   Data         792  lv_font_16.o(.constdata)
    .constdata                               0x0001bea0   Section      200  lv_font_16.o(.constdata)
    unicode_list_1                           0x0001bea0   Data         200  lv_font_16.o(.constdata)
    .constdata                               0x0001bf68   Section       20  lv_font_16.o(.constdata)
    cmaps                                    0x0001bf68   Data          20  lv_font_16.o(.constdata)
    .constdata                               0x0001bf7c   Section      180  sc_demo_test.o(.constdata)
    km_prt_tab                               0x0001bf7c   Data         180  sc_demo_test.o(.constdata)
    .constdata                               0x0001c030   Section      132  sc_demo_test.o(.constdata)
    km_prt                                   0x0001c0a8   Data          12  sc_demo_test.o(.constdata)
    .constdata                               0x0001c0b4   Section       28  main.o(.constdata)
    .conststring                             0x0001c0d0   Section       70  main.o(.conststring)
    .ARM.__at_0x0001F000                     0x0001f000   Section        8  main.o(.ARM.__at_0x0001F000)
    .constdata                               0x0001f008   Section    32768  img_star_32b.o(.constdata)
    .data                                    0x20000000   Section        8  aon.o(.data)
    .data                                    0x20000008   Section        8  isr.o(.data)
    .data                                    0x20000010   Section        8  spi.o(.data)
    .data                                    0x20000018   Section        4  timer.o(.data)
    .data                                    0x2000001c   Section       12  sc_event_task.o(.data)
    id                                       0x2000001c   Data           1  sc_event_task.o(.data)
    .data                                    0x20000028   Section        4  sc_gui.o(.data)
    .data                                    0x2000002c   Section       28  lv_font_16.o(.data)
    font_dsc                                 0x2000002c   Data          28  lv_font_16.o(.data)
    .data                                    0x20000048   Section       20  lv_font_16.o(.data)
    .data                                    0x2000005c   Section       68  sc_demo_test.o(.data)
    angle0                                   0x2000005c   Data           2  sc_demo_test.o(.data)
    vol                                      0x2000005e   Data           2  sc_demo_test.o(.data)
    angle                                    0x20000060   Data           2  sc_demo_test.o(.data)
    stup                                     0x20000062   Data           2  sc_demo_test.o(.data)
    buf_i                                    0x20000064   Data           4  sc_demo_test.o(.data)
    xs                                       0x20000068   Data           4  sc_demo_test.o(.data)
    ys                                       0x2000006c   Data           4  sc_demo_test.o(.data)
    angle                                    0x20000070   Data           4  sc_demo_test.o(.data)
    angle                                    0x20000074   Data           4  sc_demo_test.o(.data)
    Eye                                      0x20000078   Data           4  sc_demo_test.o(.data)
    stup                                     0x2000007c   Data           4  sc_demo_test.o(.data)
    rect1                                    0x20000080   Data           8  sc_demo_test.o(.data)
    rect2                                    0x20000088   Data           8  sc_demo_test.o(.data)
    rect3                                    0x20000090   Data           8  sc_demo_test.o(.data)
    rect4                                    0x20000098   Data           8  sc_demo_test.o(.data)
    .data                                    0x200000a0   Section        4  stdout.o(.data)
    .bss                                     0x200000a4   Section       18  adc.o(.bss)
    .bss                                     0x200000b8   Section     1024  sc_common.o(.bss)
    g_pfb_buf                                0x200000b8   Data         960  sc_common.o(.bss)
    sc_dirty_buckets                         0x20000478   Data          64  sc_common.o(.bss)
    .bss                                     0x200004b8   Section      132  sc_event_task.o(.bss)
    .bss                                     0x2000053c   Section       28  sc_gui.o(.bss)
    tft                                      0x2000053c   Data          28  sc_gui.o(.bss)
    ram_code                                 0x20000570   Section        0  isr.o(ram_code)
    ram_code                                 0x200005b0   Section        0  spi.o(ram_code)
    ram_code                                 0x200005e8   Section        0  dma.o(ram_code)
    ram_code                                 0x2000062c   Section        0  dpi_common.o(ram_code)

    Global Symbols

    Symbol Name                              Value     Ov Type        Size  Object(Section)

    BuildAttributes$$THM_ISAv3M$S$PE$A:L22$X:L11$S22$IEEE1$IW$USESV6$~STKCKD$USESV7$~SHL$OTIME$ROPI$EBA8$MICROLIB$REQ8$PRES8$EABIv2 0x00000000   Number         0  anon$$obj.o ABSOLUTE
    __ARM_use_no_argv                        0x00000000   Number         0  main.o ABSOLUTE
    __Vectors                                0x00000000   Data           4  startup_cm0.o(RESET)
    _printf_a                                0x00000000   Number         0  stubs.o ABSOLUTE
    _printf_c                                0x00000000   Number         0  stubs.o ABSOLUTE
    _printf_charcount                        0x00000000   Number         0  stubs.o ABSOLUTE
    _printf_d                                0x00000000   Number         0  stubs.o ABSOLUTE
    _printf_e                                0x00000000   Number         0  stubs.o ABSOLUTE
    _printf_f                                0x00000000   Number         0  stubs.o ABSOLUTE
    _printf_flags                            0x00000000   Number         0  stubs.o ABSOLUTE
    _printf_fp_dec                           0x00000000   Number         0  stubs.o ABSOLUTE
    _printf_fp_hex                           0x00000000   Number         0  stubs.o ABSOLUTE
    _printf_g                                0x00000000   Number         0  stubs.o ABSOLUTE
    _printf_i                                0x00000000   Number         0  stubs.o ABSOLUTE
    _printf_int_dec                          0x00000000   Number         0  stubs.o ABSOLUTE
    _printf_l                                0x00000000   Number         0  stubs.o ABSOLUTE
    _printf_lc                               0x00000000   Number         0  stubs.o ABSOLUTE
    _printf_ll                               0x00000000   Number         0  stubs.o ABSOLUTE
    _printf_lld                              0x00000000   Number         0  stubs.o ABSOLUTE
    _printf_lli                              0x00000000   Number         0  stubs.o ABSOLUTE
    _printf_llo                              0x00000000   Number         0  stubs.o ABSOLUTE
    _printf_llu                              0x00000000   Number         0  stubs.o ABSOLUTE
    _printf_llx                              0x00000000   Number         0  stubs.o ABSOLUTE
    _printf_longlong_dec                     0x00000000   Number         0  stubs.o ABSOLUTE
    _printf_longlong_hex                     0x00000000   Number         0  stubs.o ABSOLUTE
    _printf_longlong_oct                     0x00000000   Number         0  stubs.o ABSOLUTE
    _printf_ls                               0x00000000   Number         0  stubs.o ABSOLUTE
    _printf_mbtowc                           0x00000000   Number         0  stubs.o ABSOLUTE
    _printf_n                                0x00000000   Number         0  stubs.o ABSOLUTE
    _printf_o                                0x00000000   Number         0  stubs.o ABSOLUTE
    _printf_p                                0x00000000   Number         0  stubs.o ABSOLUTE
    _printf_percent                          0x00000000   Number         0  stubs.o ABSOLUTE
    _printf_pre_padding                      0x00000000   Number         0  stubs.o ABSOLUTE
    _printf_return_value                     0x00000000   Number         0  stubs.o ABSOLUTE
    _printf_s                                0x00000000   Number         0  stubs.o ABSOLUTE
    _printf_sizespec                         0x00000000   Number         0  stubs.o ABSOLUTE
    _printf_str                              0x00000000   Number         0  stubs.o ABSOLUTE
    _printf_truncate_signed                  0x00000000   Number         0  stubs.o ABSOLUTE
    _printf_truncate_unsigned                0x00000000   Number         0  stubs.o ABSOLUTE
    _printf_u                                0x00000000   Number         0  stubs.o ABSOLUTE
    _printf_wc                               0x00000000   Number         0  stubs.o ABSOLUTE
    _printf_wctomb                           0x00000000   Number         0  stubs.o ABSOLUTE
    _printf_widthprec                        0x00000000   Number         0  stubs.o ABSOLUTE
    _printf_x                                0x00000000   Number         0  stubs.o ABSOLUTE
    __cpp_initialize__aeabi_                  - Undefined Weak Reference
    __cxa_finalize                            - Undefined Weak Reference
    __decompress                              - Undefined Weak Reference
    _clock_init                               - Undefined Weak Reference
    _microlib_exit                            - Undefined Weak Reference
    __main                                   0x000000c1   Thumb Code     0  entry.o(.ARM.Collect$$$$00000000)
    _main_stk                                0x000000c1   Thumb Code     0  entry2.o(.ARM.Collect$$$$00000001)
    _main_scatterload                        0x000000c5   Thumb Code     0  entry5.o(.ARM.Collect$$$$00000004)
    __main_after_scatterload                 0x000000c9   Thumb Code     0  entry5.o(.ARM.Collect$$$$00000004)
    _main_clock                              0x000000c9   Thumb Code     0  entry7b.o(.ARM.Collect$$$$00000008)
    _main_cpp_init                           0x000000c9   Thumb Code     0  entry8b.o(.ARM.Collect$$$$0000000A)
    _main_init                               0x000000c9   Thumb Code     0  entry9a.o(.ARM.Collect$$$$0000000B)
    __rt_final_cpp                           0x000000d1   Thumb Code     0  entry10a.o(.ARM.Collect$$$$0000000D)
    __rt_final_exit                          0x000000d1   Thumb Code     0  entry11a.o(.ARM.Collect$$$$0000000F)
    Reset_Handler                            0x000000d5   Thumb Code     4  startup_cm0.o(.text)
    MemManage_Handler                        0x000000dd   Thumb Code     2  startup_cm0.o(.text)
    BusFault_Handler                         0x000000df   Thumb Code     2  startup_cm0.o(.text)
    UsageFault_Handler                       0x000000e1   Thumb Code     2  startup_cm0.o(.text)
    DebugMon_Handler                         0x000000e5   Thumb Code     2  startup_cm0.o(.text)
    CMP1_IRQn                                0x000000eb   Thumb Code     0  startup_cm0.o(.text)
    CMP2_IRQn                                0x000000eb   Thumb Code     0  startup_cm0.o(.text)
    GPADC_IRQHandler                         0x000000eb   Thumb Code     0  startup_cm0.o(.text)
    GPIO_A2_IRQHandler                       0x000000eb   Thumb Code     0  startup_cm0.o(.text)
    GPIO_A3_IRQHandler                       0x000000eb   Thumb Code     0  startup_cm0.o(.text)
    GPIO_A4_IRQHandler                       0x000000eb   Thumb Code     0  startup_cm0.o(.text)
    GPIO_A6_IRQHandler                       0x000000eb   Thumb Code     0  startup_cm0.o(.text)
    GPIO_A7_IRQHandler                       0x000000eb   Thumb Code     0  startup_cm0.o(.text)
    GPIO_B0_IRQHandler                       0x000000eb   Thumb Code     0  startup_cm0.o(.text)
    GPIO_B1_IRQHandler                       0x000000eb   Thumb Code     0  startup_cm0.o(.text)
    GPIO_B2_IRQHandler                       0x000000eb   Thumb Code     0  startup_cm0.o(.text)
    GPIO_B3_IRQHandler                       0x000000eb   Thumb Code     0  startup_cm0.o(.text)
    GPIO_B4_IRQHandler                       0x000000eb   Thumb Code     0  startup_cm0.o(.text)
    GPIO_B5_IRQHandler                       0x000000eb   Thumb Code     0  startup_cm0.o(.text)
    GPIO_B7_IRQHandler                       0x000000eb   Thumb Code     0  startup_cm0.o(.text)
    SYS_GPIO_0_IRQHandler                    0x000000eb   Thumb Code     0  startup_cm0.o(.text)
    SYS_GPIO_1_IRQHandler                    0x000000eb   Thumb Code     0  startup_cm0.o(.text)
    UART2_IRQHandler                         0x000000eb   Thumb Code     0  startup_cm0.o(.text)
    __aeabi_uidiv                            0x000000f1   Thumb Code     0  uidiv.o(.text)
    __aeabi_uidivmod                         0x000000f1   Thumb Code    44  uidiv.o(.text)
    __aeabi_llsl                             0x0000011d   Thumb Code    32  llshl.o(.text)
    _ll_shift_l                              0x0000011d   Thumb Code     0  llshl.o(.text)
    __aeabi_memset                           0x0000013d   Thumb Code    14  memseta.o(.text)
    __aeabi_memset4                          0x0000013d   Thumb Code     0  memseta.o(.text)
    __aeabi_memset8                          0x0000013d   Thumb Code     0  memseta.o(.text)
    __aeabi_memclr                           0x0000014b   Thumb Code     4  memseta.o(.text)
    __aeabi_memclr4                          0x0000014b   Thumb Code     0  memseta.o(.text)
    __aeabi_memclr8                          0x0000014b   Thumb Code     0  memseta.o(.text)
    _memset$wrapper                          0x0000014f   Thumb Code    18  memseta.o(.text)
    __aeabi_dmul                             0x00000161   Thumb Code   202  dmul.o(.text)
    __aeabi_ddiv                             0x00000231   Thumb Code   234  ddiv.o(.text)
    __aeabi_i2d                              0x00000321   Thumb Code    34  dflti.o(.text)
    __aeabi_d2iz                             0x00000349   Thumb Code    62  dfixi.o(.text)
    __aeabi_uldivmod                         0x00000391   Thumb Code    96  uldiv.o(.text)
    __aeabi_llsr                             0x000003f1   Thumb Code    34  llushr.o(.text)
    _ll_ushift_r                             0x000003f1   Thumb Code     0  llushr.o(.text)
    __I$use$fp                               0x00000413   Thumb Code     0  iusefp.o(.text)
    _double_round                            0x00000413   Thumb Code    26  depilogue.o(.text)
    _double_epilogue                         0x0000042d   Thumb Code   164  depilogue.o(.text)
    __aeabi_dadd                             0x000004d1   Thumb Code   328  dadd.o(.text)
    __aeabi_dsub                             0x00000619   Thumb Code    12  dadd.o(.text)
    __aeabi_drsub                            0x00000625   Thumb Code    12  dadd.o(.text)
    __aeabi_d2ulz                            0x00000635   Thumb Code    54  dfixul.o(.text)
    __aeabi_cdrcmple                         0x00000675   Thumb Code    38  cdrcmple.o(.text)
    __scatterload                            0x0000069d   Thumb Code    28  init.o(.text)
    __scatterload_rt2                        0x0000069d   Thumb Code     0  init.o(.text)
    __aeabi_lasr                             0x000006c1   Thumb Code    38  llsshr.o(.text)
    _ll_sshift_r                             0x000006c1   Thumb Code     0  llsshr.o(.text)
    Long Thumb to Thumb Veneer to reg_read   0x000006e9   Thumb Code    12  anon$$obj.o(Veneer$$Code)
    Long Thumb to Thumb Veneer to reg_write  0x000006f5   Thumb Code    12  anon$$obj.o(Veneer$$Code)
    Long Thumb to Thumb Veneer to dma_sram_wait 0x00000701   Thumb Code    12  anon$$obj.o(Veneer$$Code)
    Long Thumb to Thumb Veneer to HW_SPI_Tx_DMA_16bit 0x0000070d   Thumb Code    12  anon$$obj.o(Veneer$$Code)
    ADC_Init                                 0x00000719   Thumb Code    50  adc.o(i.ADC_Init)
    AON_WKUP_IRQHandler                      0x00000755   Thumb Code     8  isr.o(i.AON_WKUP_IRQHandler)
    APB_SPI0_IRQnHandler                     0x0000075d   Thumb Code     8  isr.o(i.APB_SPI0_IRQnHandler)
    APB_SPI1_IRQnHandler                     0x00000765   Thumb Code     2  isr.o(i.APB_SPI1_IRQnHandler)
    BSR1901_SetADC_Ref_Voltage               0x00000769   Thumb Code    70  adc.o(i.BSR1901_SetADC_Ref_Voltage)
    CMU2AHB_IRQHandler                       0x000007b9   Thumb Code     2  isr.o(i.CMU2AHB_IRQHandler)
    DMA_Configuration                        0x000007bd   Thumb Code    48  dma.o(i.DMA_Configuration)
    DrawEye_Blink_test                       0x000007f1   Thumb Code   152  sc_arc.o(i.DrawEye_Blink_test)
    EventQueue_Pop                           0x00000889   Thumb Code    48  sc_event_task.o(i.EventQueue_Pop)
    GPIO_A5_IRQHandler                       0x000008bd   Thumb Code     2  isr.o(i.GPIO_A5_IRQHandler)
    GPIO_B6_IRQHandler                       0x000008bf   Thumb Code     2  isr.o(i.GPIO_B6_IRQHandler)
    Gecko_DMA_Transport                      0x000008c1   Thumb Code    38  dma.o(i.Gecko_DMA_Transport)
    Gecko_Set_BaudRate                       0x000008ed   Thumb Code   198  uart.o(i.Gecko_Set_BaudRate)
    Gecko_Uart1_Send_Char                    0x000009c9   Thumb Code    12  uart.o(i.Gecko_Uart1_Send_Char)
    Get_Vbat_Voltage                         0x000009d9   Thumb Code   124  adc.o(i.Get_Vbat_Voltage)
    Gui_Draw_Line                            0x00000add   Thumb Code    92  lcd_driver.o(i.Gui_Draw_Line)
    Gui_ShowString_Transparent               0x00000b39   Thumb Code   128  lcd_driver.o(i.Gui_ShowString_Transparent)
    HW_SPI_Initialise                        0x00000bbd   Thumb Code   102  spi.o(i.HW_SPI_Initialise)
    HW_SPI_Interrupt_Handler                 0x00000c6d   Thumb Code    38  spi.o(i.HW_SPI_Interrupt_Handler)
    HW_SPI_Tx_DMA_16bit_ColorBlock           0x00000c9d   Thumb Code    46  spi.o(i.HW_SPI_Tx_DMA_16bit_ColorBlock)
    HW_SPI_Tx_DMA_32bit                      0x00000cd5   Thumb Code    46  spi.o(i.HW_SPI_Tx_DMA_32bit)
    HardFault_Handler                        0x00000d0d   Thumb Code     2  isr.o(i.HardFault_Handler)
    LCD_DrawPoint                            0x00000d0f   Thumb Code    20  lcd_driver.o(i.LCD_DrawPoint)
    LCD_GPIO_Init                            0x00000d23   Thumb Code    44  lcd_driver.o(i.LCD_GPIO_Init)
    LCD_Init_GC9A01_M128T_240240             0x00000d4f   Thumb Code  1120  drv_lcd_gc9a01.o(i.LCD_Init_GC9A01_M128T_240240)
    LCD_WriteData_16Bit                      0x000011b1   Thumb Code    24  spi.o(i.LCD_WriteData_16Bit)
    Lcd_Clear                                0x000011d1   Thumb Code    28  lcd_driver.o(i.Lcd_Clear)
    Lcd_Fill                                 0x000011ed   Thumb Code    28  lcd_driver.o(i.Lcd_Fill)
    Lcd_Init                                 0x00001209   Thumb Code    16  lcd_driver.o(i.Lcd_Init)
    Lcd_Reset                                0x00001219   Thumb Code    54  lcd_driver.o(i.Lcd_Reset)
    Lcd_SetRegion                            0x0000124f   Thumb Code    54  lcd_driver.o(i.Lcd_SetRegion)
    Lcd_WriteData                            0x00001285   Thumb Code    24  spi.o(i.Lcd_WriteData)
    Lcd_WriteIndex                           0x000012a5   Thumb Code    24  spi.o(i.Lcd_WriteIndex)
    NMI_Handler                              0x000012c5   Thumb Code     2  isr.o(i.NMI_Handler)
    NVIC_ClearPendingIRQ                     0x000012c9   Thumb Code    18  system_initial.o(i.NVIC_ClearPendingIRQ)
    NVIC_EnableIRQ                           0x000012e1   Thumb Code    18  system_initial.o(i.NVIC_EnableIRQ)
    NVIC_SetPriority                         0x000012f9   Thumb Code    60  system_initial.o(i.NVIC_SetPriority)
    Osc32M_Freq_Trimming                     0x0000133d   Thumb Code   118  aon.o(i.Osc32M_Freq_Trimming)
    PendSV_Handler                           0x000013c1   Thumb Code     2  isr.o(i.PendSV_Handler)
    QSPI_CTRL_IRQHandler                     0x000013c3   Thumb Code     8  isr.o(i.QSPI_CTRL_IRQHandler)
    SVC_Handler                              0x000013cb   Thumb Code     2  isr.o(i.SVC_Handler)
    SystemInit                               0x000013cd   Thumb Code    36  main.o(i.SystemInit)
    TIMER0_IRQHandler                        0x000013f1   Thumb Code     8  isr.o(i.TIMER0_IRQHandler)
    TIMER1_IRQHandler                        0x000013f9   Thumb Code     8  isr.o(i.TIMER1_IRQHandler)
    Timer0_Interrupt_Handler                 0x00001401   Thumb Code    10  timer.o(i.Timer0_Interrupt_Handler)
    UART0_IRQHandler                         0x00001411   Thumb Code     8  isr.o(i.UART0_IRQHandler)
    UART0_Interrupt_Handler                  0x00001419   Thumb Code    48  uart.o(i.UART0_Interrupt_Handler)
    UART1_IRQHandler                         0x0000144d   Thumb Code     8  isr.o(i.UART1_IRQHandler)
    UART1_Interrupt_Handler                  0x00001455   Thumb Code    48  uart.o(i.UART1_Interrupt_Handler)
    Uart_16550_Initialise                    0x00001489   Thumb Code    76  uart.o(i.Uart_16550_Initialise)
    WDT_IRQHandler                           0x000014e5   Thumb Code    18  isr.o(i.WDT_IRQHandler)
    __0printf                                0x00001505   Thumb Code    24  printfa.o(i.__0printf)
    __1printf                                0x00001505   Thumb Code     0  printfa.o(i.__0printf)
    __2printf                                0x00001505   Thumb Code     0  printfa.o(i.__0printf)
    __c89printf                              0x00001505   Thumb Code     0  printfa.o(i.__0printf)
    printf                                   0x00001505   Thumb Code     0  printfa.o(i.__0printf)
    __ARM_clz                                0x00001525   Thumb Code    46  depilogue.o(i.__ARM_clz)
    __ARM_common_switch8                     0x00001553   Thumb Code    26  iomux.o(i.__ARM_common_switch8)
    __scatterload_copy                       0x0000156d   Thumb Code    14  handlers.o(i.__scatterload_copy)
    __scatterload_null                       0x0000157b   Thumb Code     2  handlers.o(i.__scatterload_null)
    __scatterload_zeroinit                   0x0000157d   Thumb Code    14  handlers.o(i.__scatterload_zeroinit)
    alphaBlend                               0x00001ee1   Thumb Code    56  sc_common.o(i.alphaBlend)
    delay_1ms                                0x00001f47   Thumb Code    22  lcd_driver.o(i.delay_1ms)
    delay_1us                                0x00001f5d   Thumb Code    16  dpi_common.o(i.delay_1us)
    delay_ms                                 0x00001f6d   Thumb Code    20  lcd_driver.o(i.delay_ms)
    fputc                                    0x00001f81   Thumb Code    14  uart.o(i.fputc)
    gecko_ahb2qspi_ctrl_irq_handler          0x00001f91   Thumb Code    32  xt25f32.o(i.gecko_ahb2qspi_ctrl_irq_handler)
    gecko_aon_wakeup_irq_handler             0x00001fb5   Thumb Code    12  xt25f32.o(i.gecko_aon_wakeup_irq_handler)
    gecko_cmu_init                           0x00001fc5   Thumb Code    16  cmu.o(i.gecko_cmu_init)
    gecko_pinmux_config                      0x00001fd9   Thumb Code   400  iomux.o(i.gecko_pinmux_config)
    gecko_pinmux_default_config              0x0000216d   Thumb Code    12  iomux.o(i.gecko_pinmux_default_config)
    gecko_task_cm0_sw_flash                  0x0000217d   Thumb Code    68  xt25f32.o(i.gecko_task_cm0_sw_flash)
    gecko_timer1_irq_handler                 0x000021c9   Thumb Code    26  timer.o(i.gecko_timer1_irq_handler)
    gpio_set_output                          0x000021ed   Thumb Code    52  gpio.o(i.gpio_set_output)
    gpio_set_value                           0x00002229   Thumb Code    28  gpio.o(i.gpio_set_value)
    hal_nvic_clear_pending_irq               0x0000224d   Thumb Code     8  system_initial.o(i.hal_nvic_clear_pending_irq)
    hal_nvic_enable_irq                      0x00002255   Thumb Code     8  system_initial.o(i.hal_nvic_enable_irq)
    hal_nvic_set_priority                    0x0000225d   Thumb Code     8  system_initial.o(i.hal_nvic_set_priority)
    iWDT_IRQHandler                          0x00002265   Thumb Code     2  isr.o(i.iWDT_IRQHandler)
    iWDT_Timer_Disable                       0x00002269   Thumb Code    20  watchdog.o(i.iWDT_Timer_Disable)
    iWDT_Timer_Init                          0x00002285   Thumb Code    18  watchdog.o(i.iWDT_Timer_Init)
    iWDT_Timer_Restart                       0x000022a5   Thumb Code    12  watchdog.o(i.iWDT_Timer_Restart)
    lcd_dma_16bit_refresh                    0x000022bd   Thumb Code    34  spi.o(i.lcd_dma_16bit_refresh)
    main                                     0x000022e1   Thumb Code   478  main.o(i.main)
    pEnterCriticalSection                    0x00002539   Thumb Code     6  system_initial.o(i.pEnterCriticalSection)
    pExitCriticalSection                     0x0000253f   Thumb Code     4  system_initial.o(i.pExitCriticalSection)
    sc_clear                                 0x00002543   Thumb Code    52  sc_gui.o(i.sc_clear)
    sc_create_task                           0x00002579   Thumb Code    46  sc_event_task.o(i.sc_create_task)
    sc_demo_DrawEye_task                     0x000025b1   Thumb Code   152  sc_demo_test.o(i.sc_demo_DrawEye_task)
    sc_draw_Eye_blink                        0x00002655   Thumb Code   318  sc_arc.o(i.sc_draw_Eye_blink)
    sc_gui_init                              0x00002799   Thumb Code    40  sc_gui.o(i.sc_gui_init)
    sc_pfb_init_slices                       0x000027c9   Thumb Code    78  sc_common.o(i.sc_pfb_init_slices)
    sc_pfb_intersection                      0x00002817   Thumb Code   204  sc_common.o(i.sc_pfb_intersection)
    sc_pfb_next_slice                        0x00002915   Thumb Code    78  sc_common.o(i.sc_pfb_next_slice)
    sc_task_loop                             0x00002a25   Thumb Code   192  sc_event_task.o(i.sc_task_loop)
    asc16                                    0x00002aec   Data        1521  lcd_driver.o(.constdata)
    gImage_128x128_charging_32bit            0x000030e0   Data       32768  charging_32bit.o(.constdata)
    gImage_128x128_battery_32b               0x0000b0e0   Data       32768  img_battery_32b.o(.constdata)
    gImage_128x128_cake_32bit                0x000130e0   Data       32768  img_cake_32b.o(.constdata)
    gSysDate                                 0x0001c0b4   Data          12  main.o(.constdata)
    gSysTime                                 0x0001c0c0   Data          16  main.o(.constdata)
    Region$$Table$$Base                      0x0001c118   Number         0  anon$$obj.o(Region$$Table)
    Region$$Table$$Limit                     0x0001c148   Number         0  anon$$obj.o(Region$$Table)
    Trim                                     0x0001f000   Data           8  main.o(.ARM.__at_0x0001F000)
    gImage_128x128_star_32bit                0x0001f008   Data       32768  img_star_32b.o(.constdata)
    AON_CFG_ANA_CTRL_1_0x20_Default          0x20000000   Data           4  aon.o(.data)
    AON_CFG_ANA_CTRL_2_0x24_Default          0x20000004   Data           4  aon.o(.data)
    dc5v_online_flag                         0x20000008   Data           1  isr.o(.data)
    dma_int_flag                             0x20000009   Data           1  isr.o(.data)
    TimeTick                                 0x2000000c   Data           4  isr.o(.data)
    hw_spi_rx_length                         0x20000010   Data           2  spi.o(.data)
    hw_spi_rx_buffer                         0x20000014   Data           4  spi.o(.data)
    timer1_tmp_cnt1                          0x20000018   Data           4  timer.o(.data)
    system_tick                              0x20000020   Data           4  sc_event_task.o(.data)
    sc_tick                                  0x20000024   Data           4  sc_event_task.o(.data)
    gui                                      0x20000028   Data           4  sc_gui.o(.data)
    lv_font_16                               0x20000048   Data          20  lv_font_16.o(.data)
    __stdout                                 0x200000a0   Data           4  stdout.o(.data)
    adcstruct                                0x200000a4   Data          18  adc.o(.bss)
    sc_task                                  0x200004b8   Data          80  sc_event_task.o(.bss)
    eventQueue                               0x20000508   Data          52  sc_event_task.o(.bss)
    Long Thumb to Thumb Veneer to gpio_set_value 0x20000559   Thumb Code    12  anon$$obj.o(Veneer$$Code)
    Long Thumb to Thumb Veneer to Gecko_DMA_Transport 0x20000565   Thumb Code    12  anon$$obj.o(Veneer$$Code)
    SysTick_Handler                          0x20000571   Thumb Code    10  isr.o(ram_code)
    DMA_IRQHandler                           0x2000057b   Thumb Code    14  isr.o(ram_code)
    dma_sram_wait                            0x20000589   Thumb Code    34  isr.o(ram_code)
    HW_SPI_Tx_DMA_16bit                      0x200005b1   Thumb Code    46  spi.o(ram_code)
    Clear_DMA_Interrupt                      0x200005e9   Thumb Code    14  dma.o(ram_code)
    HW_SPI_Tx_DMA_16bit_ColorBlock_Opt       0x200005f7   Thumb Code    40  dma.o(ram_code)
    reg_read                                 0x2000062d   Thumb Code     4  dpi_common.o(ram_code)
    reg_write                                0x20000631   Thumb Code     4  dpi_common.o(ram_code)
    sram_run_delay                           0x20000635   Thumb Code    20  dpi_common.o(ram_code)
    __initial_sp                             0x20000ffc   Number         0  startup_cm0.o ABSOLUTE



==============================================================================

Memory Map of the image

  Image Entry point : 0x000000c1

  Load Region LR_IROM1 (Base: 0x00000000, Size: 0x0002719c, Max: 0x00400000, ABSOLUTE)

    Execution Region ER_IROM1 (Exec base: 0x00000000, Load base: 0x00000000, Size: 0x00027008, Max: 0x00400000, ABSOLUTE)

    Exec Addr    Load Addr    Size         Type   Attr      Idx    E Section Name        Object

    0x00000000   0x00000000   0x000000c0   Data   RO            2    RESET               startup_cm0.o
    0x000000c0   0x000000c0   0x00000000   Code   RO         4388  * .ARM.Collect$$$$00000000  mc_p.l(entry.o)
    0x000000c0   0x000000c0   0x00000004   Code   RO         4722    .ARM.Collect$$$$00000001  mc_p.l(entry2.o)
    0x000000c4   0x000000c4   0x00000004   Code   RO         4725    .ARM.Collect$$$$00000004  mc_p.l(entry5.o)
    0x000000c8   0x000000c8   0x00000000   Code   RO         4727    .ARM.Collect$$$$00000008  mc_p.l(entry7b.o)
    0x000000c8   0x000000c8   0x00000000   Code   RO         4729    .ARM.Collect$$$$0000000A  mc_p.l(entry8b.o)
    0x000000c8   0x000000c8   0x00000008   Code   RO         4730    .ARM.Collect$$$$0000000B  mc_p.l(entry9a.o)
    0x000000d0   0x000000d0   0x00000000   Code   RO         4732    .ARM.Collect$$$$0000000D  mc_p.l(entry10a.o)
    0x000000d0   0x000000d0   0x00000000   Code   RO         4734    .ARM.Collect$$$$0000000F  mc_p.l(entry11a.o)
    0x000000d0   0x000000d0   0x00000004   Code   RO         4723    .ARM.Collect$$$$00002712  mc_p.l(entry2.o)
    0x000000d4   0x000000d4   0x0000001c   Code   RO            3    .text               startup_cm0.o
    0x000000f0   0x000000f0   0x0000002c   Code   RO         4391    .text               mc_p.l(uidiv.o)
    0x0000011c   0x0000011c   0x00000020   Code   RO         4395    .text               mc_p.l(llshl.o)
    0x0000013c   0x0000013c   0x00000024   Code   RO         4399    .text               mc_p.l(memseta.o)
    0x00000160   0x00000160   0x000000d0   Code   RO         4700    .text               mf_p.l(dmul.o)
    0x00000230   0x00000230   0x000000f0   Code   RO         4702    .text               mf_p.l(ddiv.o)
    0x00000320   0x00000320   0x00000028   Code   RO         4708    .text               mf_p.l(dflti.o)
    0x00000348   0x00000348   0x00000048   Code   RO         4714    .text               mf_p.l(dfixi.o)
    0x00000390   0x00000390   0x00000060   Code   RO         4737    .text               mc_p.l(uldiv.o)
    0x000003f0   0x000003f0   0x00000022   Code   RO         4739    .text               mc_p.l(llushr.o)
    0x00000412   0x00000412   0x00000000   Code   RO         4743    .text               mc_p.l(iusefp.o)
    0x00000412   0x00000412   0x000000be   Code   RO         4746    .text               mf_p.l(depilogue.o)
    0x000004d0   0x000004d0   0x00000164   Code   RO         4750    .text               mf_p.l(dadd.o)
    0x00000634   0x00000634   0x00000040   Code   RO         4752    .text               mf_p.l(dfixul.o)
    0x00000674   0x00000674   0x00000028   Code   RO         4754    .text               mf_p.l(cdrcmple.o)
    0x0000069c   0x0000069c   0x00000024   Code   RO         4756    .text               mc_p.l(init.o)
    0x000006c0   0x000006c0   0x00000026   Code   RO         4758    .text               mc_p.l(llsshr.o)
    0x000006e6   0x000006e6   0x00000002   PAD
    0x000006e8   0x000006e8   0x0000000c   Ven    RO         4768    Veneer$$Code        anon$$obj.o
    0x000006f4   0x000006f4   0x0000000c   Ven    RO         4769    Veneer$$Code        anon$$obj.o
    0x00000700   0x00000700   0x0000000c   Ven    RO         4770    Veneer$$Code        anon$$obj.o
    0x0000070c   0x0000070c   0x0000000c   Ven    RO         4771    Veneer$$Code        anon$$obj.o
    0x00000718   0x00000718   0x0000003c   Code   RO         1130    i.ADC_Init          adc.o
    0x00000754   0x00000754   0x00000008   Code   RO          429    i.AON_WKUP_IRQHandler  isr.o
    0x0000075c   0x0000075c   0x00000008   Code   RO          430    i.APB_SPI0_IRQnHandler  isr.o
    0x00000764   0x00000764   0x00000002   Code   RO          431    i.APB_SPI1_IRQnHandler  isr.o
    0x00000766   0x00000766   0x00000002   PAD
    0x00000768   0x00000768   0x00000050   Code   RO         1132    i.BSR1901_SetADC_Ref_Voltage  adc.o
    0x000007b8   0x000007b8   0x00000002   Code   RO          432    i.CMU2AHB_IRQHandler  isr.o
    0x000007ba   0x000007ba   0x00000002   PAD
    0x000007bc   0x000007bc   0x00000034   Code   RO         1723    i.DMA_Configuration  dma.o
    0x000007f0   0x000007f0   0x00000098   Code   RO         3207    i.DrawEye_Blink_test  sc_arc.o
    0x00000888   0x00000888   0x00000034   Code   RO         3474    i.EventQueue_Pop    sc_event_task.o
    0x000008bc   0x000008bc   0x00000002   Code   RO          434    i.GPIO_A5_IRQHandler  isr.o
    0x000008be   0x000008be   0x00000002   Code   RO          435    i.GPIO_B6_IRQHandler  isr.o
    0x000008c0   0x000008c0   0x0000002c   Code   RO         1727    i.Gecko_DMA_Transport  dma.o
    0x000008ec   0x000008ec   0x000000dc   Code   RO          571    i.Gecko_Set_BaudRate  uart.o
    0x000009c8   0x000009c8   0x00000010   Code   RO          575    i.Gecko_Uart1_Send_Char  uart.o
    0x000009d8   0x000009d8   0x00000104   Code   RO         1134    i.Get_Vbat_Voltage  adc.o
    0x00000adc   0x00000adc   0x0000005c   Code   RO         2758    i.Gui_Draw_Line     lcd_driver.o
    0x00000b38   0x00000b38   0x00000084   Code   RO         2762    i.Gui_ShowString_Transparent  lcd_driver.o
    0x00000bbc   0x00000bbc   0x000000b0   Code   RO         1239    i.HW_SPI_Initialise  spi.o
    0x00000c6c   0x00000c6c   0x00000030   Code   RO         1240    i.HW_SPI_Interrupt_Handler  spi.o
    0x00000c9c   0x00000c9c   0x00000038   Code   RO         1246    i.HW_SPI_Tx_DMA_16bit_ColorBlock  spi.o
    0x00000cd4   0x00000cd4   0x00000038   Code   RO         1247    i.HW_SPI_Tx_DMA_32bit  spi.o
    0x00000d0c   0x00000d0c   0x00000002   Code   RO          437    i.HardFault_Handler  isr.o
    0x00000d0e   0x00000d0e   0x00000014   Code   RO         2765    i.LCD_DrawPoint     lcd_driver.o
    0x00000d22   0x00000d22   0x0000002c   Code   RO         2769    i.LCD_GPIO_Init     lcd_driver.o
    0x00000d4e   0x00000d4e   0x00000460   Code   RO         2973    i.LCD_Init_GC9A01_M128T_240240  drv_lcd_gc9a01.o
    0x000011ae   0x000011ae   0x00000002   PAD
    0x000011b0   0x000011b0   0x00000020   Code   RO         1250    i.LCD_WriteData_16Bit  spi.o
    0x000011d0   0x000011d0   0x0000001c   Code   RO         2770    i.Lcd_Clear         lcd_driver.o
    0x000011ec   0x000011ec   0x0000001c   Code   RO         2771    i.Lcd_Fill          lcd_driver.o
    0x00001208   0x00001208   0x00000010   Code   RO         2772    i.Lcd_Init          lcd_driver.o
    0x00001218   0x00001218   0x00000036   Code   RO         2773    i.Lcd_Reset         lcd_driver.o
    0x0000124e   0x0000124e   0x00000036   Code   RO         2774    i.Lcd_SetRegion     lcd_driver.o
    0x00001284   0x00001284   0x00000020   Code   RO         1251    i.Lcd_WriteData     spi.o
    0x000012a4   0x000012a4   0x00000020   Code   RO         1252    i.Lcd_WriteIndex    spi.o
    0x000012c4   0x000012c4   0x00000002   Code   RO          438    i.NMI_Handler       isr.o
    0x000012c6   0x000012c6   0x00000002   PAD
    0x000012c8   0x000012c8   0x00000018   Code   RO           10    i.NVIC_ClearPendingIRQ  system_initial.o
    0x000012e0   0x000012e0   0x00000018   Code   RO           12    i.NVIC_EnableIRQ    system_initial.o
    0x000012f8   0x000012f8   0x00000044   Code   RO           15    i.NVIC_SetPriority  system_initial.o
    0x0000133c   0x0000133c   0x00000084   Code   RO          179    i.Osc32M_Freq_Trimming  aon.o
    0x000013c0   0x000013c0   0x00000002   Code   RO          439    i.PendSV_Handler    isr.o
    0x000013c2   0x000013c2   0x00000008   Code   RO          440    i.QSPI_CTRL_IRQHandler  isr.o
    0x000013ca   0x000013ca   0x00000002   Code   RO          441    i.SVC_Handler       isr.o
    0x000013cc   0x000013cc   0x00000024   Code   RO         4224    i.SystemInit        main.o
    0x000013f0   0x000013f0   0x00000008   Code   RO          442    i.TIMER0_IRQHandler  isr.o
    0x000013f8   0x000013f8   0x00000008   Code   RO          443    i.TIMER1_IRQHandler  isr.o
    0x00001400   0x00001400   0x00000010   Code   RO         1421    i.Timer0_Interrupt_Handler  timer.o
    0x00001410   0x00001410   0x00000008   Code   RO          444    i.UART0_IRQHandler  isr.o
    0x00001418   0x00001418   0x00000034   Code   RO          584    i.UART0_Interrupt_Handler  uart.o
    0x0000144c   0x0000144c   0x00000008   Code   RO          445    i.UART1_IRQHandler  isr.o
    0x00001454   0x00001454   0x00000034   Code   RO          585    i.UART1_Interrupt_Handler  uart.o
    0x00001488   0x00001488   0x0000005c   Code   RO          591    i.Uart_16550_Initialise  uart.o
    0x000014e4   0x000014e4   0x00000020   Code   RO          446    i.WDT_IRQHandler    isr.o
    0x00001504   0x00001504   0x00000020   Code   RO         4636    i.__0printf         mc_p.l(printfa.o)
    0x00001524   0x00001524   0x0000002e   Code   RO         4748    i.__ARM_clz         mf_p.l(depilogue.o)
    0x00001552   0x00001552   0x0000001a   Code   RO          414    i.__ARM_common_switch8  iomux.o
    0x0000156c   0x0000156c   0x0000000e   Code   RO         4762    i.__scatterload_copy  mc_p.l(handlers.o)
    0x0000157a   0x0000157a   0x00000002   Code   RO         4763    i.__scatterload_null  mc_p.l(handlers.o)
    0x0000157c   0x0000157c   0x0000000e   Code   RO         4764    i.__scatterload_zeroinit  mc_p.l(handlers.o)
    0x0000158a   0x0000158a   0x00000046   Code   RO         3995    i.__user_font_get_bitmap  lv_font_16.o
    0x000015d0   0x000015d0   0x00000062   Code   RO         3996    i.__user_font_get_glyph_dsc  lv_font_16.o
    0x00001632   0x00001632   0x00000002   PAD
    0x00001634   0x00001634   0x00000174   Code   RO         4643    i._fp_digits        mc_p.l(printfa.o)
    0x000017a8   0x000017a8   0x000006ec   Code   RO         4644    i._printf_core      mc_p.l(printfa.o)
    0x00001e94   0x00001e94   0x00000020   Code   RO         4645    i._printf_post_padding  mc_p.l(printfa.o)
    0x00001eb4   0x00001eb4   0x0000002c   Code   RO         4646    i._printf_pre_padding  mc_p.l(printfa.o)
    0x00001ee0   0x00001ee0   0x0000003c   Code   RO         3297    i.alphaBlend        sc_common.o
    0x00001f1c   0x00001f1c   0x0000002a   Code   RO         3997    i.binsearch         lv_font_16.o
    0x00001f46   0x00001f46   0x00000016   Code   RO         2777    i.delay_1ms         lcd_driver.o
    0x00001f5c   0x00001f5c   0x00000010   Code   RO         2444    i.delay_1us         dpi_common.o
    0x00001f6c   0x00001f6c   0x00000014   Code   RO         2778    i.delay_ms          lcd_driver.o
    0x00001f80   0x00001f80   0x0000000e   Code   RO          593    i.fputc             uart.o
    0x00001f8e   0x00001f8e   0x00000002   PAD
    0x00001f90   0x00001f90   0x00000024   Code   RO         2531    i.gecko_ahb2qspi_ctrl_irq_handler  xt25f32.o
    0x00001fb4   0x00001fb4   0x00000010   Code   RO         2532    i.gecko_aon_wakeup_irq_handler  xt25f32.o
    0x00001fc4   0x00001fc4   0x00000014   Code   RO          320    i.gecko_cmu_init    cmu.o
    0x00001fd8   0x00001fd8   0x00000194   Code   RO          353    i.gecko_pinmux_config  iomux.o
    0x0000216c   0x0000216c   0x00000010   Code   RO          354    i.gecko_pinmux_default_config  iomux.o
    0x0000217c   0x0000217c   0x0000004c   Code   RO         2533    i.gecko_task_cm0_sw_flash  xt25f32.o
    0x000021c8   0x000021c8   0x00000024   Code   RO         1422    i.gecko_timer1_irq_handler  timer.o
    0x000021ec   0x000021ec   0x0000003c   Code   RO          795    i.gpio_set_output   gpio.o
    0x00002228   0x00002228   0x00000024   Code   RO          796    i.gpio_set_value    gpio.o
    0x0000224c   0x0000224c   0x00000008   Code   RO           21    i.hal_nvic_clear_pending_irq  system_initial.o
    0x00002254   0x00002254   0x00000008   Code   RO           23    i.hal_nvic_enable_irq  system_initial.o
    0x0000225c   0x0000225c   0x00000008   Code   RO           26    i.hal_nvic_set_priority  system_initial.o
    0x00002264   0x00002264   0x00000002   Code   RO          447    i.iWDT_IRQHandler   isr.o
    0x00002266   0x00002266   0x00000002   PAD
    0x00002268   0x00002268   0x0000001c   Code   RO         1666    i.iWDT_Timer_Disable  watchdog.o
    0x00002284   0x00002284   0x00000020   Code   RO         1667    i.iWDT_Timer_Init   watchdog.o
    0x000022a4   0x000022a4   0x00000018   Code   RO         1668    i.iWDT_Timer_Restart  watchdog.o
    0x000022bc   0x000022bc   0x00000022   Code   RO         1258    i.lcd_dma_16bit_refresh  spi.o
    0x000022de   0x000022de   0x00000002   PAD
    0x000022e0   0x000022e0   0x00000258   Code   RO         4225    i.main              main.o
    0x00002538   0x00002538   0x00000006   Code   RO           27    i.pEnterCriticalSection  system_initial.o
    0x0000253e   0x0000253e   0x00000004   Code   RO           28    i.pExitCriticalSection  system_initial.o
    0x00002542   0x00002542   0x00000034   Code   RO         3557    i.sc_clear          sc_gui.o
    0x00002576   0x00002576   0x00000002   PAD
    0x00002578   0x00002578   0x00000038   Code   RO         3477    i.sc_create_task    sc_event_task.o
    0x000025b0   0x000025b0   0x000000a4   Code   RO         4100    i.sc_demo_DrawEye_task  sc_demo_test.o
    0x00002654   0x00002654   0x00000144   Code   RO         3212    i.sc_draw_Eye_blink  sc_arc.o
    0x00002798   0x00002798   0x00000030   Code   RO         3566    i.sc_gui_init       sc_gui.o
    0x000027c8   0x000027c8   0x0000004e   Code   RO         3302    i.sc_pfb_init_slices  sc_common.o
    0x00002816   0x00002816   0x000000cc   Code   RO         3303    i.sc_pfb_intersection  sc_common.o
    0x000028e2   0x000028e2   0x00000002   PAD
    0x000028e4   0x000028e4   0x00000030   Code   RO         3304    i.sc_pfb_memset     sc_common.o
    0x00002914   0x00002914   0x00000054   Code   RO         3305    i.sc_pfb_next_slice  sc_common.o
    0x00002968   0x00002968   0x00000018   Code   RO         3306    i.sc_pfb_refresh    sc_common.o
    0x00002980   0x00002980   0x00000068   Code   RO         3307    i.sc_rect_intersect_to_area  sc_common.o
    0x000029e8   0x000029e8   0x0000003a   Code   RO         3308    i.sc_rect_nor_intersect  sc_common.o
    0x00002a22   0x00002a22   0x00000002   PAD
    0x00002a24   0x00002a24   0x000000c8   Code   RO         3483    i.sc_task_loop      sc_event_task.o
    0x00002aec   0x00002aec   0x000005f1   Data   RO         2780    .constdata          lcd_driver.o
    0x000030dd   0x000030dd   0x00000003   PAD
    0x000030e0   0x000030e0   0x00008000   Data   RO         3100    .constdata          charging_32bit.o
    0x0000b0e0   0x0000b0e0   0x00008000   Data   RO         3150    .constdata          img_battery_32b.o
    0x000130e0   0x000130e0   0x00008000   Data   RO         3166    .constdata          img_cake_32b.o
    0x0001b0e0   0x0001b0e0   0x00000aa6   Data   RO         3998    .constdata          lv_font_16.o
    0x0001bb86   0x0001bb86   0x00000002   PAD
    0x0001bb88   0x0001bb88   0x00000318   Data   RO         3999    .constdata          lv_font_16.o
    0x0001bea0   0x0001bea0   0x000000c8   Data   RO         4000    .constdata          lv_font_16.o
    0x0001bf68   0x0001bf68   0x00000014   Data   RO         4001    .constdata          lv_font_16.o
    0x0001bf7c   0x0001bf7c   0x000000b4   Data   RO         4115    .constdata          sc_demo_test.o
    0x0001c030   0x0001c030   0x00000084   Data   RO         4116    .constdata          sc_demo_test.o
    0x0001c0b4   0x0001c0b4   0x0000001c   Data   RO         4227    .constdata          main.o
    0x0001c0d0   0x0001c0d0   0x00000046   Data   RO         4228    .conststring        main.o
    0x0001c116   0x0001c116   0x00000002   PAD
    0x0001c118   0x0001c118   0x00000030   Data   RO         4760    Region$$Table       anon$$obj.o
    0x0001c148   0x0001c148   0x00002eb8   PAD
    0x0001f000   0x0001f000   0x00000008   Data   RO         4226    .ARM.__at_0x0001F000  main.o
    0x0001f008   0x0001f008   0x00008000   Data   RO         3182    .constdata          img_star_32b.o


    Execution Region RW_IRAM1 (Exec base: 0x20000000, Load base: 0x00027008, Size: 0x00000558, Max: 0x00001000, ABSOLUTE)

    Exec Addr    Load Addr    Size         Type   Attr      Idx    E Section Name        Object

    0x20000000   0x00027008   0x00000008   Data   RW          188    .data               aon.o
    0x20000008   0x00027010   0x00000008   Data   RW          449    .data               isr.o
    0x20000010   0x00027018   0x00000008   Data   RW         1261    .data               spi.o
    0x20000018   0x00027020   0x00000004   Data   RW         1423    .data               timer.o
    0x2000001c   0x00027024   0x0000000c   Data   RW         3486    .data               sc_event_task.o
    0x20000028   0x00027030   0x00000004   Data   RW         3570    .data               sc_gui.o
    0x2000002c   0x00027034   0x0000001c   Data   RW         4002    .data               lv_font_16.o
    0x20000048   0x00027050   0x00000014   Data   RW         4003    .data               lv_font_16.o
    0x2000005c   0x00027064   0x00000044   Data   RW         4117    .data               sc_demo_test.o
    0x200000a0   0x000270a8   0x00000004   Data   RW         4736    .data               mc_p.l(stdout.o)
    0x200000a4        -       0x00000012   Zero   RW         1144    .bss                adc.o
    0x200000b6   0x000270ac   0x00000002   PAD
    0x200000b8        -       0x00000400   Zero   RW         3311    .bss                sc_common.o
    0x200004b8        -       0x00000084   Zero   RW         3485    .bss                sc_event_task.o
    0x2000053c        -       0x0000001c   Zero   RW         3568    .bss                sc_gui.o


    Execution Region __RAM_CODE__ (Exec base: 0x20000558, Load base: 0x000270ac, Size: 0x000000f0, Max: 0xffffffff, ABSOLUTE)

    Exec Addr    Load Addr    Size         Type   Attr      Idx    E Section Name        Object

    0x20000558   0x000270ac   0x0000000c   Ven    RO         4772    Veneer$$Code        anon$$obj.o
    0x20000564   0x000270b8   0x0000000c   Ven    RO         4773    Veneer$$Code        anon$$obj.o
    0x20000570   0x000270c4   0x00000040   Code   RO          448    ram_code            isr.o
    0x200005b0   0x00027104   0x00000038   Code   RO         1260    ram_code            spi.o
    0x200005e8   0x0002713c   0x00000044   Code   RO         1730    ram_code            dma.o
    0x2000062c   0x00027180   0x0000001c   Code   RO         2454    ram_code            dpi_common.o


==============================================================================

Image component sizes


      Code (inc. data)   RO Data    RW Data    ZI Data      Debug   Object Name

       400        156          0          0         18       2799   adc.o
       132         14          0          8          0        885   aon.o
         0          0      32768          0          0        612   charging_32bit.o
        20          4          0          0          0        833   cmu.o
       164         24          0          0          0       2519   dma.o
        44          0          0          0          0       2234   dpi_common.o
      1120          0          0          0          0       1219   drv_lcd_gc9a01.o
        96         16          0          0          0       1952   gpio.o
         0          0      32768          0          0        613   img_battery_32b.o
         0          0      32768          0          0        600   img_cake_32b.o
         0          0      32768          0          0        600   img_star_32b.o
       446         36          0          0          0      10347   iomux.o
       170         20          0          8          0      11723   isr.o
       510          4       1521          0          0       8851   lcd_driver.o
         0          0          0          0          0       1904   lv_font_12.o
       210          0       3738         48          0       2961   lv_font_16.o
       636        122        106          0          0       6872   main.o
         0          0          0          0          0       3064   puf.o
       476          6          0          0          0      11589   sc_arc.o
       660         20          0          0       1024      11080   sc_common.o
       164         12        312         68          0      13773   sc_demo_test.o
       308         22          0         12        132       3862   sc_event_task.o
       100          8          0          4         28       8351   sc_gui.o
         0          0          0          0          0       3194   sc_keyboard.o
       522        138          0          8          0       6161   spi.o
        28          4        192          0          0        780   startup_cm0.o
       150         20          0          0          0      21786   system_initial.o
        52         16          0          4          0       1805   timer.o
       446         50          0          0          0       4679   uart.o
        84         34          0          0          0       1276   watchdog.o
       128         16          0          0          0       1603   xt25f32.o

    ----------------------------------------------------------------------
      7160        766     148956        160       1204     150527   Object Totals
        72         24         48          0          0          0   (incl. Generated)
        22          0      11967          0          2          0   (incl. Padding)

    ----------------------------------------------------------------------

      Code (inc. data)   RO Data    RW Data    ZI Data      Debug   Library Member Name

         0          0          0          0          0          0   entry.o
         0          0          0          0          0          0   entry10a.o
         0          0          0          0          0          0   entry11a.o
         8          4          0          0          0          0   entry2.o
         4          0          0          0          0          0   entry5.o
         0          0          0          0          0          0   entry7b.o
         0          0          0          0          0          0   entry8b.o
         8          4          0          0          0          0   entry9a.o
        30          0          0          0          0          0   handlers.o
        36          8          0          0          0         68   init.o
         0          0          0          0          0          0   iusefp.o
        32          0          0          0          0         68   llshl.o
        38          0          0          0          0         68   llsshr.o
        34          0          0          0          0         68   llushr.o
        36          0          0          0          0        100   memseta.o
      2252         98          0          0          0        412   printfa.o
         0          0          0          4          0          0   stdout.o
        44          0          0          0          0         72   uidiv.o
        96          0          0          0          0         84   uldiv.o
        40          2          0          0          0         68   cdrcmple.o
       356          4          0          0          0        140   dadd.o
       240          6          0          0          0         84   ddiv.o
       236          0          0          0          0        216   depilogue.o
        72         10          0          0          0         72   dfixi.o
        64         10          0          0          0         68   dfixul.o
        40          6          0          0          0         68   dflti.o
       208          6          0          0          0         88   dmul.o

    ----------------------------------------------------------------------
      3876        158          0          4          0       1744   Library Totals
         2          0          0          0          0          0   (incl. Padding)

    ----------------------------------------------------------------------

      Code (inc. data)   RO Data    RW Data    ZI Data      Debug   Library Name

      2618        114          0          4          0        940   mc_p.l
      1256         44          0          0          0        804   mf_p.l

    ----------------------------------------------------------------------
      3876        158          0          4          0       1744   Library Totals

    ----------------------------------------------------------------------

==============================================================================


      Code (inc. data)   RO Data    RW Data    ZI Data      Debug   

     11036        924     148956        164       1204     147487   Grand Totals
     11036        924     148956        164       1204     147487   ELF Image Totals
     11036        924     148956        164          0          0   ROM Totals

==============================================================================

    Total RO  Size (Code + RO Data)               159992 ( 156.24kB)
    Total RW  Size (RW Data + ZI Data)              1368 (   1.34kB)
    Total ROM Size (Code + RO Data + RW Data)     160156 ( 156.40kB)

==============================================================================

