Component: ARM Compiler 5.06 update 6 (build 750) Tool: armlink [4d35ed]

==============================================================================

Section Cross References

    startup_cm0.o(RESET) refers to startup_cm0.o(.text) for Reset_Handler
    startup_cm0.o(RESET) refers to isr.o(i.NMI_Handler) for NMI_Handler
    startup_cm0.o(RESET) refers to isr.o(i.HardFault_Handler) for HardFault_Handler
    startup_cm0.o(RESET) refers to isr.o(i.SVC_Handler) for SVC_Handler
    startup_cm0.o(RESET) refers to isr.o(i.PendSV_Handler) for PendSV_Handler
    startup_cm0.o(RESET) refers to isr.o(ram_code) for SysTick_Handler
    startup_cm0.o(RESET) refers to isr.o(i.UART0_IRQHandler) for UART0_IRQHandler
    startup_cm0.o(RESET) refers to isr.o(i.UART1_IRQHandler) for UART1_IRQHandler
    startup_cm0.o(RESET) refers to isr.o(i.TIMER0_IRQHandler) for TIMER0_IRQHandler
    startup_cm0.o(RESET) refers to isr.o(i.TIMER1_IRQHandler) for TIMER1_IRQHandler
    startup_cm0.o(RESET) refers to isr.o(i.WDT_IRQHandler) for WDT_IRQHandler
    startup_cm0.o(RESET) refers to isr.o(i.APB_SPI0_IRQnHandler) for APB_SPI0_IRQnHandler
    startup_cm0.o(RESET) refers to isr.o(i.APB_SPI1_IRQnHandler) for APB_SPI1_IRQnHandler
    startup_cm0.o(RESET) refers to isr.o(i.QSPI_CTRL_IRQHandler) for QSPI_CTRL_IRQHandler
    startup_cm0.o(RESET) refers to isr.o(i.GPIO_A5_IRQHandler) for GPIO_A5_IRQHandler
    startup_cm0.o(RESET) refers to isr.o(i.GPIO_B6_IRQHandler) for GPIO_B6_IRQHandler
    startup_cm0.o(RESET) refers to isr.o(i.AON_WKUP_IRQHandler) for AON_WKUP_IRQHandler
    startup_cm0.o(RESET) refers to isr.o(i.CMU2AHB_IRQHandler) for CMU2AHB_IRQHandler
    startup_cm0.o(.text) refers to entry.o(.ARM.Collect$$$$00000000) for __main
    system_initial.o(i.hal_nvic_clear_pending_irq) refers to system_initial.o(i.NVIC_ClearPendingIRQ) for NVIC_ClearPendingIRQ
    system_initial.o(i.hal_nvic_disable_irq) refers to system_initial.o(i.NVIC_DisableIRQ) for NVIC_DisableIRQ
    system_initial.o(i.hal_nvic_enable_irq) refers to system_initial.o(i.NVIC_EnableIRQ) for NVIC_EnableIRQ
    system_initial.o(i.hal_nvic_get_pending_irq) refers to system_initial.o(i.NVIC_GetPendingIRQ) for NVIC_GetPendingIRQ
    system_initial.o(i.hal_nvic_set_pending_irq) refers to system_initial.o(i.NVIC_SetPendingIRQ) for NVIC_SetPendingIRQ
    system_initial.o(i.hal_nvic_set_priority) refers to system_initial.o(i.NVIC_SetPriority) for NVIC_SetPriority
    aon.o(i.Analog_Ctrl_1_Init) refers to dpi_common.o(ram_code) for reg_write
    aon.o(i.Analog_Ctrl_1_Init) refers to aon.o(.data) for .data
    aon.o(i.Analog_Ctrl_2_Init) refers to uart.o(i.UATR0_PRINT_LOG) for UATR0_PRINT_LOG
    aon.o(i.Analog_Ctrl_2_Init) refers to uart.o(i.my_itoa) for my_itoa
    aon.o(i.Analog_Ctrl_2_Init) refers to aon.o(.data) for .data
    aon.o(i.BSR1901_GPIO_WakeUp_From_DeepSleep) refers to dpi_common.o(ram_code) for reg_read
    aon.o(i.BSR1901_GPIO_WakeUp_From_DeepSleep) refers to xt25f32.o(i.h2l_wr_busy) for h2l_wr_busy
    aon.o(i.ConfigPort_AnalogFunction) refers to dpi_common.o(ram_code) for reg_read
    aon.o(i.GEK1109_PAD_pullup_pulldown_Config) refers to dpi_common.o(ram_code) for reg_read
    aon.o(i.GEK_Retention_Reg_Access) refers to dpi_common.o(ram_code) for reg_write
    aon.o(i.GPIO_WakeUp_Setting) refers to dpi_common.o(ram_code) for reg_read
    aon.o(i.GPIO_WakeUp_Setting) refers to aon.o(.data) for .data
    aon.o(i.LDO18_Ctrl) refers to dpi_common.o(ram_code) for reg_read
    aon.o(i.LDO18_Ctrl) refers to aon.o(.data) for .data
    aon.o(i.LDO33_AUX_Disable) refers to dpi_common.o(ram_code) for reg_read
    aon.o(i.LDO33_AUX_Enable) refers to dpi_common.o(ram_code) for reg_read
    aon.o(i.LDO33_OUT_Ctrl) refers to dpi_common.o(ram_code) for reg_read
    aon.o(i.LDO33_OUT_Ctrl) refers to aon.o(.data) for .data
    aon.o(i.Osc32M_Freq_Trimming) refers to dpi_common.o(ram_code) for reg_read
    aon.o(i.Osc32M_Freq_Trimming) refers to aon.o(.data) for .data
    aon.o(i.PWR_MOS_Gate_CTRL) refers to dpi_common.o(ram_code) for reg_read
    aon.o(i.PWR_MOS_Gate_CTRL) refers to uart.o(i.UATR0_PRINT_LOG) for UATR0_PRINT_LOG
    aon.o(i.PWR_MOS_Gate_CTRL) refers to uart.o(i.my_itoa) for my_itoa
    aon.o(i.PWR_MOS_Gate_CTRL) refers to aon.o(.data) for .data
    aon.o(i.aon_reg_wr_busy) refers to dpi_common.o(ram_code) for reg_read
    aon.o(i.aon_reg_wr_busy) refers to xt25f32.o(i.h2l_wr_busy) for h2l_wr_busy
    aon.o(i.aon_reg_wr_no_busy_ctrl) refers to dpi_common.o(ram_code) for reg_read
    aon.o(i.aon_reg_wr_no_busy_ctrl) refers to xt25f32.o(i.h2l_wr_busy) for h2l_wr_busy
    aon.o(i.aon_wakeup_irq_cfg) refers to system_initial.o(i.hal_nvic_clear_pending_irq) for hal_nvic_clear_pending_irq
    aon.o(i.aon_wakeup_irq_cfg) refers to system_initial.o(i.hal_nvic_set_priority) for hal_nvic_set_priority
    aon.o(i.aon_wakeup_irq_cfg) refers to system_initial.o(i.hal_nvic_enable_irq) for hal_nvic_enable_irq
[...]
    Removing bms_ip2366.o(i.iSet_12v_pdo_add10mA), (38 bytes).
    Removing bms_ip2366.o(i.iSet_15v_pdo), (72 bytes).
    Removing bms_ip2366.o(i.iSet_15v_pdo_add10mA), (38 bytes).
    Removing bms_ip2366.o(i.iSet_20v_pdo), (72 bytes).
    Removing bms_ip2366.o(i.iSet_20v_pdo_add10mA), (38 bytes).
    Removing bms_ip2366.o(i.iSet_5v_pdo), (70 bytes).
    Removing bms_ip2366.o(i.iSet_5v_pdo_add10mA), (38 bytes).
    Removing bms_ip2366.o(i.iSet_9v_pdo), (72 bytes).
    Removing bms_ip2366.o(i.iSet_9v_pdo_add10mA), (38 bytes).
    Removing bms_ip2366.o(i.iSet_iStop), (32 bytes).
    Removing bms_ip2366.o(i.iSet_limit_battery), (22 bytes).
    Removing bms_ip2366.o(i.iSet_pps1_pdo), (72 bytes).
    Removing bms_ip2366.o(i.iSet_pps2_pdo), (72 bytes).
    Removing bms_ip2366.o(i.iSet_trickle_charge), (14 bytes).
    Removing bms_ip2366.o(i.init_ip23xs), (56 bytes).
    Removing bms_ip2366.o(i.ipxs_charge), (38 bytes).
    Removing bms_ip2366.o(i.ipxs_readByte), (20 bytes).
    Removing bms_ip2366.o(i.ipxs_usba_output), (38 bytes).
    Removing bms_ip2366.o(i.ipxs_vbus_input), (38 bytes).
    Removing bms_ip2366.o(i.ipxs_vbus_output), (38 bytes).
    Removing bms_ip2366.o(i.ipxs_vbus_scp), (38 bytes).
    Removing bms_ip2366.o(i.ipxs_writeByte), (32 bytes).
    Removing bms_ip2366.o(i.mSet_role_typec), (32 bytes).
    Removing bms_ip2366.o(i.pSet_pdo_select), (28 bytes).
    Removing bms_ip2366.o(i.pSet_src_12v_pdo), (38 bytes).
    Removing bms_ip2366.o(i.pSet_src_15v_pdo), (38 bytes).
    Removing bms_ip2366.o(i.pSet_src_20v_pdo), (38 bytes).
    Removing bms_ip2366.o(i.pSet_src_9v_pdo), (38 bytes).
    Removing bms_ip2366.o(i.pSet_src_pps1_pdo), (38 bytes).
    Removing bms_ip2366.o(i.pSet_src_pps2_pdo), (38 bytes).
    Removing bms_ip2366.o(i.pSet_vbus_Src_Power), (32 bytes).
    Removing bms_ip2366.o(i.quick_discharge), (38 bytes).
    Removing bms_ip2366.o(i.set_force_standby_mode), (72 bytes).
    Removing bms_ip2366.o(i.vSet_bat_low), (14 bytes).
    Removing bms_ip2366.o(i.vSet_reCharge), (32 bytes).
    Removing bms_ip2366.o(i.vSet_single_battery_full), (22 bytes).
    Removing bms_ip2366.o(.conststring), (141 bytes).
    Removing bms_ip2366.o(.data), (49 bytes).
    Removing bms_ip2366.o(.data), (1 bytes).
    Removing bms_ip2366.o(.data), (1 bytes).
    Removing bms_ip2366.o(.data), (1 bytes).
    Removing bms_ip2366.o(.data), (1 bytes).
    Removing bms_ip2366.o(.data), (1 bytes).
    Removing bms_ip2366.o(.data), (1 bytes).
    Removing bms_ip2366.o(.data), (1 bytes).
    Removing bms_ip2366.o(.data), (1 bytes).
    Removing bms_ip2366.o(.data), (1 bytes).
    Removing bms_ip2366.o(.data), (1 bytes).
    Removing bms_ip2366.o(.data), (1 bytes).
    Removing bms_ip2366.o(.data), (1 bytes).
    Removing bms_ip2366.o(.data), (1 bytes).
    Removing bms_ip2366.o(.data), (1 bytes).
    Removing bms_ip2366.o(.data), (1 bytes).
    Removing bms_ip2366.o(.data), (1 bytes).
    Removing bms_ip2366.o(.data), (1 bytes).
    Removing bms_ip2366.o(.data), (1 bytes).
    Removing bms_ip2366.o(.data), (1 bytes).
    Removing bms_ip2366.o(.data), (1 bytes).
    Removing bms_ip2366.o(.data), (1 bytes).
    Removing bms_ip2366.o(.data), (1 bytes).
    Removing bms_ip2366.o(.data), (1 bytes).
    Removing bms_ip2366.o(.data), (1 bytes).
    Removing bms_ip2366.o(.data), (1 bytes).
    Removing bms_ip2366.o(.data), (1 bytes).
    Removing bms_ip2366.o(.data), (1 bytes).
    Removing bms_ip2366.o(.data), (1 bytes).
    Removing bms_ip2366.o(.data), (1 bytes).
    Removing bms_ip2366.o(.data), (1 bytes).
    Removing bms_ip2366.o(.data), (1 bytes).
    Removing bms_ip2366.o(.data), (1 bytes).
    Removing bms_ip2366.o(.data), (1 bytes).
    Removing bms_ip2366.o(.data), (1 bytes).
    Removing bms_ip2366.o(.data), (1 bytes).
    Removing bms_ip2366.o(.data), (1 bytes).
    Removing bms_ip2366.o(.data), (1 bytes).
    Removing bms_ip2366.o(.data), (1 bytes).
    Removing bms_ip2366.o(.data), (1 bytes).
    Removing bms_ip2366.o(.data), (1 bytes).
    Removing bms_ip2366.o(.data), (1 bytes).
    Removing bms_ip2366.o(.data), (1 bytes).
    Removing bms_ip2366.o(.data), (1 bytes).
    Removing bms_ip2366.o(.data), (1 bytes).
    Removing bms_ip2366.o(.data), (1 bytes).
    Removing bms_ip2366.o(.data), (1 bytes).
    Removing bms_ip2366.o(.data), (1 bytes).
    Removing bms_ip2366.o(.data), (1 bytes).
    Removing bms_ip2366.o(.data), (1 bytes).
    Removing bms_ip2366.o(.data), (1 bytes).
    Removing bms_ip2366.o(.data), (1 bytes).
    Removing bms_ip2366.o(.data), (1 bytes).
    Removing bms_ip2366.o(.data), (1 bytes).
    Removing bms_ip2366.o(.data), (1 bytes).
    Removing bms_ip2366.o(.data), (1 bytes).
    Removing bms_ip2366.o(.data), (1 bytes).
    Removing bms_ip2366.o(.data), (1 bytes).
    Removing bms_ip2366.o(.data), (1 bytes).
    Removing bms_ip2366.o(.data), (1 bytes).
    Removing bms_ip2366.o(.data), (1 bytes).
    Removing bms_ip2366.o(.data), (1 bytes).
    Removing bms_ip2366.o(.data), (1 bytes).
    Removing bms_ip2366.o(.data), (1 bytes).
    Removing bms_ip2366.o(.data), (1 bytes).
    Removing bms_ip2366.o(.data), (1 bytes).
    Removing bms_ip2366.o(.data), (1 bytes).
    Removing bms_ip2366.o(.data), (1 bytes).
    Removing bms_ip2366.o(.data), (1 bytes).
    Removing bms_ip2366.o(.data), (1 bytes).
    Removing bms_ip2366.o(.data), (1 bytes).
    Removing bms_ip2366.o(.data), (1 bytes).
    Removing bms_ip2366.o(.data), (1 bytes).
    Removing bms_ip2366.o(.data), (1 bytes).
    Removing bms_ip2366.o(.data), (1 bytes).
    Removing bms_ip2366.o(.data), (1 bytes).
    Removing bms_ip2366.o(.data), (1 bytes).
    Removing bms_ip2366.o(.data), (1 bytes).
    Removing bms_ip2366.o(.data), (1 bytes).
    Removing bms_ip2366.o(.data), (1 bytes).
    Removing bms_ip2366.o(.data), (1 bytes).
    Removing bms_ip2366.o(.data), (1 bytes).
    Removing bms_ip2366.o(.data), (4 bytes).
    Removing bms_ip2366.o(.data), (1 bytes).
    Removing bms_ip2366.o(.data), (1 bytes).
    Removing bms_ip2366.o(.data), (1 bytes).
    Removing bms_ip2366.o(.data), (1 bytes).
    Removing bms_ip2366.o(.data), (1 bytes).
    Removing bms_ip2366.o(.data), (1 bytes).
    Removing bms_ip2366.o(.data), (1 bytes).
    Removing bms_ip2366.o(.data), (1 bytes).
    Removing bms_ip2366.o(.data), (1 bytes).
    Removing bms_ip2366.o(.data), (1 bytes).
    Removing bms_ip2366.o(.data), (1 bytes).
    Removing bms_ip2366.o(.data), (1 bytes).
    Removing bms_ip2366.o(.data), (1 bytes).
    Removing bms_ip2366.o(.data), (4 bytes).
    Removing bms_ip2366.o(.data), (1 bytes).
    Removing bms_ip2366.o(.data), (1 bytes).
    Removing bms_ip2366.o(.data), (1 bytes).
    Removing bms_ip2366.o(.data), (1 bytes).
    Removing bms_ip2366.o(.data), (1 bytes).
    Removing bms_ip2366.o(.data), (4 bytes).
    Removing bms_ip2366.o(.data), (4 bytes).
    Removing bms_ip2366.o(.data), (4 bytes).
    Removing bms_ip2366.o(.data), (1 bytes).
    Removing bms_ip2366.o(.data), (1 bytes).
    Removing bms_ip2366.o(.data), (1 bytes).
    Removing bms_ip2366.o(.data), (4 bytes).
    Removing bms_ip2366.o(.data), (1 bytes).
    Removing bms_ip2366.o(.data), (1 bytes).
    Removing bms_ip2366.o(.data), (1 bytes).
    Removing bms_ip2366.o(.data), (1 bytes).
    Removing bms_ip2366.o(.data), (1 bytes).
    Removing bms_ip2366.o(.data), (1 bytes).
    Removing bms_ip2366.o(.data), (1 bytes).
    Removing bms_ip2366.o(.data), (1 bytes).
    Removing bms_ip2366.o(.data), (4 bytes).
    Removing bms_ip2366.o(.data), (4 bytes).
    Removing bms_ip2366.o(.data), (4 bytes).
    Removing bms_ip2366.o(.data), (4 bytes).
    Removing bms_ip2366.o(.data), (4 bytes).
    Removing bms_ip2366.o(.data), (1 bytes).
    Removing dpi_common.o(i.poll_reg_equal), (8 bytes).
    Removing dpi_common.o(i.poll_reg_equal_mask), (10 bytes).
    Removing dpi_common.o(i.reg_read_16bit), (4 bytes).
    Removing dpi_common.o(i.reg_read_32bit), (4 bytes).
    Removing dpi_common.o(i.reg_read_8bit), (4 bytes).
    Removing dpi_common.o(i.reg_read_check), (14 bytes).
    Removing dpi_common.o(i.reg_write_16bit), (4 bytes).
    Removing dpi_common.o(i.reg_write_32bit), (4 bytes).
    Removing dpi_common.o(i.reg_write_8bit), (4 bytes).
    Removing xt25f32.o(i.EraseChip), (64 bytes).
    Removing xt25f32.o(i.Gek1108_NV_Save_UserData), (264 bytes).
    Removing xt25f32.o(i.HJ_Read_UserData), (36 bytes).
    Removing xt25f32.o(i.HJ_Save_UserData), (76 bytes).
    Removing xt25f32.o(i.Init), (4 bytes).
    Removing xt25f32.o(i.OW_GetDQ), (4 bytes).
    Removing xt25f32.o(i.ReadPage), (76 bytes).
    Removing xt25f32.o(i.UnInit), (4 bytes).
    Removing xt25f32.o(i.bsr1901_prepare_sleep_for_pin_wakeup), (104 bytes).
    Removing xt25f32.o(i.gecko_task_cm0_sw_flash_quad), (308 bytes).
    Removing xt25f32.o(i.h2l_wr_busy), (40 bytes).
    Removing xt25f32.o(i.manba_task_clr_aon_wakeup_int), (24 bytes).
    Removing xt25f32.o(i.manba_task_cpu_goto_sleep), (20 bytes).
    Removing xt25f32.o(i.manba_task_sys_debug), (40 bytes).
    Removing xt25f32.o(i.qspi_task_config_trans), (92 bytes).
    Removing xt25f32.o(i.qspi_task_reset_rxfifo), (36 bytes).
    Removing xt25f32.o(i.qspi_task_reset_spi), (36 bytes).
    Removing xt25f32.o(i.qspi_task_wait_endint), (76 bytes).
    Removing xt25f32.o(i.spi_nor_read_SR1), (192 bytes).
    Removing xt25f32.o(i.tc_gecko_aon_sanity), (2 bytes).
    Removing xt25f32.o(i.tc_gecko_aon_sanity_cm0), (32 bytes).
    Removing xt25f32.o(i.tc_gecko_cm0_aon_sleep), (96 bytes).
    Removing xt25f32.o(i.tc_qspi_to_xtx_dual_fast_rd), (100 bytes).
    Removing xt25f32.o(i.tc_qspi_to_xtx_page_op), (96 bytes).
    Removing xt25f32.o(i.tc_qspi_to_xtx_quad_fast_rd), (208 bytes).
    Removing xt25f32.o(i.tc_qspi_to_xtx_s_ahb_rd), (80 bytes).
    Removing xt25f32.o(i.tc_qspi_to_xtx_sanity), (192 bytes).
    Removing xt25f32.o(i.tc_qspi_to_xtx_single_wr), (804 bytes).
    Removing xt25f32.o(i.xtxflash_test_entry), (8 bytes).
    Removing xt25f32.o(.bss), (30 bytes).
    Removing xt25f32.o(.constdata), (16 bytes).
    Removing xt25f32.o(.data), (260 bytes).
    Removing lcd_driver.o(i.Gui_DrawPoint), (44 bytes).
    Removing lcd_driver.o(i.Lcd_Clear), (30 bytes).
    Removing lcd_driver.o(i.Lcd_Fill), (30 bytes).
    Removing lcd_driver.o(i.Lcd_WriteReg), (16 bytes).
    Removing sc_arc.o(i.CHECK_XY), (24 bytes).
    Removing sc_arc.o(i.DrawEye_Blink_test), (152 bytes).
    Removing sc_arc.o(i._sc_DrawRound), (908 bytes).
    Removing sc_arc.o(i.sc_atan2_alpha), (164 bytes).
    Removing sc_arc.o(i.sc_dot_sin_cos), (70 bytes).
    Removing sc_arc.o(i.sc_draw_Arc), (70 bytes).
    Removing sc_arc.o(i.sc_draw_Eye_blink), (324 bytes).
    Removing sc_arc.o(i.sc_draw_compose_arc), (148 bytes).
    Removing sc_arc.o(.constdata), (54 bytes).
    Removing sc_common.o(i._dirty_overlap_merged), (256 bytes).
    Removing sc_common.o(i._sc_draw_Line), (264 bytes).
    Removing sc_common.o(i.alphaBlend), (60 bytes).
    Removing sc_common.o(i.sc_cos), (14 bytes).
    Removing sc_common.o(i.sc_dirty_mark), (168 bytes).
    Removing sc_common.o(i.sc_dirty_merge_out), (124 bytes).
    Removing sc_common.o(i.sc_parent_align), (106 bytes).
    Removing sc_common.o(i.sc_pfb_init_slices), (78 bytes).
    Removing sc_common.o(i.sc_pfb_intersection), (204 bytes).
    Removing sc_common.o(i.sc_pfb_memset), (48 bytes).
    Removing sc_common.o(i.sc_pfb_next_slice), (84 bytes).
    Removing sc_common.o(i.sc_pfb_refresh), (24 bytes).
    Removing sc_common.o(i.sc_rect_intersect_to_area), (104 bytes).
    Removing sc_common.o(i.sc_rect_nor_intersect), (58 bytes).
    Removing sc_common.o(i.sc_sin), (80 bytes).
    Removing sc_common.o(i.sc_sqrt), (54 bytes).
    Removing sc_common.o(.bss), (1024 bytes).
    Removing sc_common.o(.constdata), (182 bytes).
    Removing sc_common.o(.data), (1 bytes).
    Removing sc_compose.o(i.sc_draw_Button), (152 bytes).
    Removing sc_compose.o(i.sc_draw_Chart), (596 bytes).
    Removing sc_compose.o(i.sc_draw_Led), (48 bytes).
    Removing sc_compose.o(i.sc_draw_Slider), (280 bytes).
    Removing sc_compose.o(i.sc_draw_Switch), (280 bytes).
    Removing sc_compose.o(i.sc_draw_compose), (76 bytes).
    Removing sc_compose.o(i.sc_init_Button), (32 bytes).
    Removing sc_compose.o(i.sc_put_Chart_ch), (126 bytes).
    Removing sc_event_task.o(i.EventQueue_Push), (88 bytes).
    Removing sc_event_task.o(i.sc_add_delay), (28 bytes).
    Removing sc_event_task.o(i.sc_create_task), (56 bytes).
    Removing sc_event_task.o(i.sc_delete_task), (20 bytes).
    Removing sc_event_task.o(i.sc_send_cmd_event), (20 bytes).
    Removing sc_event_task.o(i.sc_send_event_mask), (82 bytes).
    Removing sc_event_task.o(i.sc_send_pos_event), (40 bytes).
    Removing sc_event_task.o(i.sc_stop_delay), (20 bytes).
    Removing sc_event_task.o(i.sc_task_true), (24 bytes).
    Removing sc_gui.o(i.sc_clear), (52 bytes).
    Removing sc_gui.o(i.sc_draw_Bar), (144 bytes).
    Removing sc_gui.o(i.sc_draw_Fill), (168 bytes).
    Removing sc_gui.o(i.sc_draw_Frame), (118 bytes).
    Removing sc_gui.o(i.sc_draw_Icon), (308 bytes).
    Removing sc_gui.o(i.sc_draw_Image), (284 bytes).
    Removing sc_gui.o(i.sc_draw_Image_zip), (408 bytes).
    Removing sc_gui.o(i.sc_draw_Line_AA), (756 bytes).
    Removing sc_gui.o(i.sc_draw_Rounded_rect), (740 bytes).
    Removing sc_gui.o(i.spiflash_read), (2 bytes).
    Removing sc_gui.o(.constdata), (9 bytes).
    Removing sc_keyboard.o(i.sc_draw_kb_btn), (176 bytes).
    Removing sc_keyboard.o(i.sc_get_kb_vol), (20 bytes).
    Removing sc_keyboard.o(i.sc_init_keyboard), (72 bytes).
    Removing sc_keyboard.o(.constdata), (1600 bytes).
    Removing sc_keyboard.o(.conststring), (50 bytes).
    Removing sc_lvgl_font.o(i.lv_txt_utf8_next), (128 bytes).
    Removing sc_lvgl_font.o(i.sc_draw_Label), (308 bytes).
    Removing sc_lvgl_font.o(i.sc_draw_Num), (224 bytes).
    Removing sc_lvgl_font.o(i.sc_draw_Text), (56 bytes).
    Removing sc_lvgl_font.o(i.sc_draw_lv_letter), (388 bytes).
    Removing sc_lvgl_font.o(i.sc_get_font_dsc), (34 bytes).
    Removing sc_lvgl_font.o(i.sc_get_line_width), (186 bytes).
    Removing sc_lvgl_font.o(i.sc_init_Label), (44 bytes).
    Removing sc_lvgl_font.o(.constdata), (9 bytes).
    Removing sc_menu.o(i.SetBrightness_cb), (2 bytes).
    Removing sc_menu.o(i.SetLanguage_cb), (10 bytes).
    Removing sc_menu.o(i.find_menu), (48 bytes).
    Removing sc_menu.o(i.sc_menu_child), (92 bytes).
    Removing sc_menu.o(i.sc_menu_init), (116 bytes).
    Removing sc_menu.o(i.sc_menu_items), (32 bytes).
    Removing sc_menu.o(i.sc_menu_items_draw), (232 bytes).
    Removing sc_menu.o(i.sc_menu_loop_key), (128 bytes).
    Removing sc_menu.o(i.sc_menu_parent), (30 bytes).
    Removing sc_menu.o(i.sc_strcmp), (26 bytes).
    Removing sc_menu.o(.constdata), (8 bytes).
    Removing sc_menu.o(.constdata), (24 bytes).
    Removing sc_menu.o(.constdata), (32 bytes).
    Removing sc_menu.o(.constdata), (24 bytes).
    Removing sc_menu.o(.constdata), (24 bytes).
    Removing sc_menu.o(.constdata), (32 bytes).
    Removing sc_menu.o(.constdata), (16 bytes).
    Removing sc_menu.o(.constdata), (16 bytes).
    Removing sc_menu.o(.constdata), (160 bytes).
    Removing sc_menu.o(.conststring), (5 bytes).
    Removing sc_menu.o(.conststring), (52 bytes).
    Removing sc_menu.o(.conststring), (96 bytes).
    Removing sc_menu.o(.conststring), (52 bytes).
    Removing sc_menu.o(.conststring), (48 bytes).
    Removing sc_menu.o(.conststring), (52 bytes).
    Removing sc_menu.o(.conststring), (24 bytes).
    Removing sc_menu.o(.conststring), (44 bytes).
    Removing sc_menu.o(.conststring), (78 bytes).
    Removing sc_transform.o(i._Bilinear_Image), (352 bytes).
    Removing sc_transform.o(i._Bilinear_font), (232 bytes).
    Removing sc_transform.o(i._label_to_mask), (356 bytes).
    Removing sc_transform.o(i.get_bpp_value), (60 bytes).
    Removing sc_transform.o(i.sc_demo_transform), (124 bytes).
    Removing sc_transform.o(i.sc_draw_trans), (496 bytes).
    Removing sc_transform.o(i.sc_init_trans), (36 bytes).
    Removing sc_transform.o(i.sc_init_trans_label), (248 bytes).
    Removing sc_transform.o(i.sc_set_trans_angle), (468 bytes).
    Removing sc_transform.o(.constdata), (17 bytes).
    Removing lv_font_12.o(i.__user_font_get_bitmap), (70 bytes).
    Removing lv_font_12.o(i.__user_font_get_glyph_dsc), (98 bytes).
    Removing lv_font_12.o(i.binsearch), (42 bytes).
    Removing lv_font_12.o(.constdata), (4822 bytes).
    Removing lv_font_12.o(.constdata), (1152 bytes).
    Removing lv_font_12.o(.constdata), (290 bytes).
    Removing lv_font_12.o(.constdata), (20 bytes).
    Removing lv_font_12.o(.data), (28 bytes).
    Removing lv_font_12.o(.data), (20 bytes).
    Removing lv_font_20.o(i.__user_font_get_bitmap), (70 bytes).
    Removing lv_font_20.o(i.__user_font_get_glyph_dsc), (98 bytes).
    Removing lv_font_20.o(i.binsearch), (42 bytes).
    Removing lv_font_20.o(.constdata), (4088 bytes).
    Removing lv_font_20.o(.constdata), (792 bytes).
    Removing lv_font_20.o(.constdata), (200 bytes).
    Removing lv_font_20.o(.constdata), (20 bytes).
    Removing lv_font_20.o(.data), (28 bytes).
    Removing lv_font_20.o(.data), (20 bytes).
    Removing bashen.o(.constdata), (111657 bytes).
    Removing bashen.o(.constdata), (264 bytes).
    Removing test_img.o(.constdata), (2048 bytes).
    Removing test_img.o(.constdata), (4608 bytes).
    Removing test_img.o(.constdata), (2304 bytes).
    Removing test_img.o(.constdata), (12 bytes).
    Removing test_img.o(.constdata), (2833 bytes).
    Removing test_img.o(.constdata), (12 bytes).
    Removing test_img.o(.data), (12 bytes).
    Removing watch_106_64.o(.constdata), (4099 bytes).
    Removing watch_106_64.o(.constdata), (12 bytes).
    Removing main.o(i.EnterDeepSleepMode), (20 bytes).
    Removing main.o(.constdata), (12 bytes).
    Removing main.o(.constdata), (16 bytes).
    Removing main.o(.data), (2 bytes).
    Removing main.o(.data), (1 bytes).
    Removing main.o(.data), (1 bytes).
    Removing img_cake_32b.o(.constdata), (32768 bytes).
    Removing key_process.o(i.Key_Process), (140 bytes).
    Removing key_process.o(.bss), (16 bytes).
    Removing img_cake.o(.constdata), (32768 bytes).
    Removing img_star.o(.constdata), (32768 bytes).
    Removing charging.o(.constdata), (32768 bytes).
    Removing img_battery.o(.constdata), (32768 bytes).
    Removing fire_eye_img.o(.constdata), (51200 bytes).
    Removing fire_eye_img.o(.constdata), (51200 bytes).
    Removing fire_eye_img.o(.constdata), (51200 bytes).
    Removing fire_eye_img.o(.constdata), (51200 bytes).
    Removing fire_eye_img.o(.constdata), (51200 bytes).
    Removing fire_eye_img.o(.constdata), (51200 bytes).
    Removing fire_eye_img.o(.constdata), (51200 bytes).
    Removing fire_eye_img.o(.constdata), (51200 bytes).
    Removing sc_demo_test.o(i.sc_demo_DrawEye_task), (112 bytes).
    Removing sc_demo_test.o(i.sc_demo_Image_zip), (68 bytes).
    Removing sc_demo_test.o(i.sc_demo_chart_task), (128 bytes).
    Removing sc_demo_test.o(i.sc_demo_commpose), (164 bytes).
    Removing sc_demo_test.o(i.sc_demo_drity_task), (652 bytes).
    Removing sc_demo_test.o(i.sc_demo_gif_task), (240 bytes).
    Removing sc_demo_test.o(i.sc_demo_menu_task), (48 bytes).
    Removing sc_demo_test.o(i.sc_demo_rect_pfs), (404 bytes).
    Removing sc_demo_test.o(i.sc_demo_text), (252 bytes).
    Removing sc_demo_test.o(i.sc_demo_trans_task), (196 bytes).
    Removing sc_demo_test.o(i.sc_dirty_to_rect), (42 bytes).
    Removing sc_demo_test.o(i.sc_move_rect), (90 bytes).
    Removing sc_demo_test.o(i.sc_watch_demo_tast), (268 bytes).
    Removing sc_demo_test.o(.bss), (1228 bytes).
    Removing sc_demo_test.o(.constdata), (180 bytes).
    Removing sc_demo_test.o(.constdata), (116 bytes).
    Removing sc_demo_test.o(.data), (68 bytes).
    Removing ui.o(i.ShowNum_48), (88 bytes).
    Removing ui.o(i.ShowPersent), (60 bytes).
    Removing ui.o(i.ui_paint_bat), (16 bytes).
    Removing ui.o(i.ui_paint_bat_percent), (232 bytes).
    Removing ui.o(i.ui_paint_bat_remain), (16 bytes).
    Removing ui.o(.bss), (2560 bytes).
    Removing ui.o(.data), (1 bytes).
    Removing gui.o(i.GuiShowChar_16), (84 bytes).
    Removing gui.o(i.GuiShowChar_32), (96 bytes).
    Removing gui.o(i.GuiShowNum), (92 bytes).
    Removing gui.o(i.GuiShowNumString_16), (88 bytes).
    Removing gui.o(i.GuiShowNumString_32), (88 bytes).
    Removing gui.o(i.GuiShowNumString_48), (92 bytes).
    Removing gui.o(i.GuiShowNum_16), (84 bytes).
    Removing gui.o(i.GuiShowNum_32), (96 bytes).
    Removing gui.o(i.GuiShowNum_48), (100 bytes).
    Removing gui.o(i.GuiShowPersent), (68 bytes).
    Removing gui.o(i.GuiShowString), (148 bytes).
    Removing gui.o(i.Gui_Circle), (186 bytes).
    Removing gui.o(i.Gui_DrawLine), (168 bytes).
    Removing gui.o(i.Gui_DrawRect), (78 bytes).
    Removing gui.o(i.Gui_DrawSector_M0), (354 bytes).
    Removing gui.o(i.Task_UI_Refresh), (10 bytes).
    Removing gui.o(i.oled_pow), (20 bytes).
    Removing gui.o(i.set_bat_percentage), (144 bytes).
    Removing gui.o(i.set_charge_circle), (80 bytes).
    Removing gui.o(ram_code), (134 bytes).
    Removing gui.o(.constdata), (1521 bytes).
    Removing gui.o(.data), (2 bytes).
    Removing font_0_9_digital_32b.o(.constdata), (640 bytes).
    Removing font_0_9_digital_32b.o(.constdata), (1440 bytes).
    Removing font_0_9_digital_32b.o(.constdata), (160 bytes).
    Removing font_0_9_digital_32b.o(.constdata), (32 bytes).
    Removing font_a_z_32b.o(.constdata), (3328 bytes).
    Removing black_128x128.o(.constdata), (32768 bytes).
    Removing dadd.o(.text), (356 bytes).
    Removing ddiv.o(.text), (240 bytes).
    Removing dfltui.o(.text), (28 bytes).
    Removing dfixui.o(.text), (60 bytes).
    Removing dfixul.o(.text), (64 bytes).
    Removing cdrcmple.o(.text), (40 bytes).
    Removing sc_transform.o(i.__ARM_common_ll_mulss), (48 bytes).

675 unused section(s) (total 800775 bytes) removed from the image.

==============================================================================

Adding Veneers to the image

    Adding TT veneer (12 bytes, Long) for call to 'dma_sram_delay' from spi.o(i.HW_SPI_Tx_DMA).
    Adding TT veneer (12 bytes, Long) for call to 'reg_read' from aon.o(i.LDO33_AUX_Enable).
    Adding TT veneer (12 bytes, Long) for call to 'reg_write' from aon.o(i.LDO33_AUX_Enable).
    Adding TT veneer (12 bytes, Long) for call to 'gecko_task_cm0_sw_flash' from main.o(i.SystemInit).
    Adding TT veneer (12 bytes, Long) for call to 'gpio_set_value' from dma.o(ram_code).
    Adding TT veneer (12 bytes, Long) for call to 'delay_1us' from xt25f32.o(ram_code).
    Adding TT veneer (12 bytes, Long) for call to '__aeabi_uread4' from xt25f32.o(ram_code).

7 Veneer(s) (total 84 bytes) added to the image.

==============================================================================

Image Symbol Table

    Local Symbols

    Symbol Name                              Value     Ov Type        Size  Object(Section)

    RESET                                    0x00000000   Section      192  startup_cm0.o(RESET)
    ../clib/microlib/division.c              0x00000000   Number         0  uidiv.o ABSOLUTE
    ../clib/microlib/division.c              0x00000000   Number         0  uldiv.o ABSOLUTE
    ../clib/microlib/division.c              0x00000000   Number         0  idiv.o ABSOLUTE
    ../clib/microlib/init/entry.s            0x00000000   Number         0  entry9a.o ABSOLUTE
    ../clib/microlib/init/entry.s            0x00000000   Number         0  entry9b.o ABSOLUTE
    ../clib/microlib/init/entry.s            0x00000000   Number         0  entry.o ABSOLUTE
    ../clib/microlib/init/entry.s            0x00000000   Number         0  entry8a.o ABSOLUTE
    ../clib/microlib/init/entry.s            0x00000000   Number         0  entry2.o ABSOLUTE
    ../clib/microlib/init/entry.s            0x00000000   Number         0  entry10b.o ABSOLUTE
    ../clib/microlib/init/entry.s            0x00000000   Number         0  entry11b.o ABSOLUTE
    ../clib/microlib/init/entry.s            0x00000000   Number         0  entry7b.o ABSOLUTE
    ../clib/microlib/init/entry.s            0x00000000   Number         0  entry11a.o ABSOLUTE
    ../clib/microlib/init/entry.s            0x00000000   Number         0  entry7a.o ABSOLUTE
    ../clib/microlib/init/entry.s            0x00000000   Number         0  entry5.o ABSOLUTE
    ../clib/microlib/init/entry.s            0x00000000   Number         0  entry8b.o ABSOLUTE
    ../clib/microlib/init/entry.s            0x00000000   Number         0  entry10a.o ABSOLUTE
    ../clib/microlib/longlong.c              0x00000000   Number         0  llshl.o ABSOLUTE
    ../clib/microlib/longlong.c              0x00000000   Number         0  llushr.o ABSOLUTE
    ../clib/microlib/longlong.c              0x00000000   Number         0  llsshr.o ABSOLUTE
    ../clib/microlib/malloc/malloc.c         0x00000000   Number         0  mallocr.o ABSOLUTE
    ../clib/microlib/malloc/malloc.c         0x00000000   Number         0  mallocra.o ABSOLUTE
    ../clib/microlib/malloc/malloc.c         0x00000000   Number         0  malloca.o ABSOLUTE
    ../clib/microlib/malloc/malloc.c         0x00000000   Number         0  malloc.o ABSOLUTE
    ../clib/microlib/malloc/mvars.c          0x00000000   Number         0  mvars.o ABSOLUTE
    ../clib/microlib/printf/printf.c         0x00000000   Number         0  printf6.o ABSOLUTE
    ../clib/microlib/printf/printf.c         0x00000000   Number         0  printf5.o ABSOLUTE
    ../clib/microlib/printf/printf.c         0x00000000   Number         0  printf4.o ABSOLUTE
    ../clib/microlib/printf/printf.c         0x00000000   Number         0  printfb.o ABSOLUTE
    ../clib/microlib/printf/printf.c         0x00000000   Number         0  printf3.o ABSOLUTE
    ../clib/microlib/printf/printf.c         0x00000000   Number         0  printf1.o ABSOLUTE
    ../clib/microlib/printf/printf.c         0x00000000   Number         0  printf0.o ABSOLUTE
    ../clib/microlib/printf/printf.c         0x00000000   Number         0  printf8.o ABSOLUTE
    ../clib/microlib/printf/printf.c         0x00000000   Number         0  printf7.o ABSOLUTE
    ../clib/microlib/printf/printf.c         0x00000000   Number         0  printf2.o ABSOLUTE
    ../clib/microlib/printf/printf.c         0x00000000   Number         0  printfa.o ABSOLUTE
    ../clib/microlib/printf/stubs.s          0x00000000   Number         0  stubs.o ABSOLUTE
    ../clib/microlib/stdio/streams.c         0x00000000   Number         0  stdout.o ABSOLUTE
    ../clib/microlib/string/memcpy.c         0x00000000   Number         0  memcpyb.o ABSOLUTE
    ../clib/microlib/string/memcpy.c         0x00000000   Number         0  memcpya.o ABSOLUTE
    ../clib/microlib/string/memset.c         0x00000000   Number         0  memseta.o ABSOLUTE
    ../clib/microlib/stubs.s                 0x00000000   Number         0  iusefp.o ABSOLUTE
    ../clib/microlib/unhosted.c              0x00000000   Number         0  uread4.o ABSOLUTE
    ../fplib/microlib/fpadd.c                0x00000000   Number         0  dadd.o ABSOLUTE
    ../fplib/microlib/fpadd.c                0x00000000   Number         0  fadd.o ABSOLUTE
    ../fplib/microlib/fpdiv.c                0x00000000   Number         0  ddiv.o ABSOLUTE
    ../fplib/microlib/fpepilogue.c           0x00000000   Number         0  fepilogue.o ABSOLUTE
    ../fplib/microlib/fpepilogue.c           0x00000000   Number         0  depilogue.o ABSOLUTE
    ../fplib/microlib/fpfix.c                0x00000000   Number         0  dfixi.o ABSOLUTE
    ../fplib/microlib/fpfix.c                0x00000000   Number         0  ffixi.o ABSOLUTE
    ../fplib/microlib/fpfix.c                0x00000000   Number         0  dfixui.o ABSOLUTE
    ../fplib/microlib/fpfix.c                0x00000000   Number         0  dfixul.o ABSOLUTE
    ../fplib/microlib/fpflt.c                0x00000000   Number         0  dflti.o ABSOLUTE
    ../fplib/microlib/fpflt.c                0x00000000   Number         0  dfltui.o ABSOLUTE
    ../fplib/microlib/fpmul.c                0x00000000   Number         0  fmul.o ABSOLUTE
    ../fplib/microlib/fpmul.c                0x00000000   Number         0  dmul.o ABSOLUTE
    SCGUI\bmp\bashen.c                       0x00000000   Number         0  bashen.o ABSOLUTE
    SCGUI\bmp\test_img.c                     0x00000000   Number         0  test_img.o ABSOLUTE
    SCGUI\bmp\watch_106_64.c                 0x00000000   Number         0  watch_106_64.o ABSOLUTE
    SCGUI\example\sc_demo_test.c             0x00000000   Number         0  sc_demo_test.o ABSOLUTE
    SCGUI\font\lv_font_12.c                  0x00000000   Number         0  lv_font_12.o ABSOLUTE
    SCGUI\font\lv_font_16.c                  0x00000000   Number         0  lv_font_16.o ABSOLUTE
    SCGUI\font\lv_font_20.c                  0x00000000   Number         0  lv_font_20.o ABSOLUTE
    SCGUI\sc_arc.c                           0x00000000   Number         0  sc_arc.o ABSOLUTE
    SCGUI\sc_common.c                        0x00000000   Number         0  sc_common.o ABSOLUTE
    SCGUI\sc_compose.c                       0x00000000   Number         0  sc_compose.o ABSOLUTE
    SCGUI\sc_event_task.c                    0x00000000   Number         0  sc_event_task.o ABSOLUTE
    SCGUI\sc_gui.c                           0x00000000   Number         0  sc_gui.o ABSOLUTE
    SCGUI\sc_keyboard.c                      0x00000000   Number         0  sc_keyboard.o ABSOLUTE
    SCGUI\sc_lvgl_font.c                     0x00000000   Number         0  sc_lvgl_font.o ABSOLUTE
    SCGUI\sc_menu.c                          0x00000000   Number         0  sc_menu.o ABSOLUTE
    SCGUI\sc_transform.c                     0x00000000   Number         0  sc_transform.o ABSOLUTE
    bms\ip2366\bms_ip2366.c                  0x00000000   Number         0  bms_ip2366.o ABSOLUTE
    cdrcmple.s                               0x00000000   Number         0  cdrcmple.o ABSOLUTE
    cfcmple.s                                0x00000000   Number         0  cfcmple.o ABSOLUTE
    cfrcmple.s                               0x00000000   Number         0  cfrcmple.o ABSOLUTE
    dc.s                                     0x00000000   Number         0  dc.o ABSOLUTE
    handlers.s                               0x00000000   Number         0  handlers.o ABSOLUTE
    init.s                                   0x00000000   Number         0  init.o ABSOLUTE
    norflash\xtxflash\dpi_common.c           0x00000000   Number         0  dpi_common.o ABSOLUTE
    norflash\xtxflash\xt25f32.c              0x00000000   Number         0  xt25f32.o ABSOLUTE
    peripheral\adc.c                         0x00000000   Number         0  adc.o ABSOLUTE
    peripheral\aon.c                         0x00000000   Number         0  aon.o ABSOLUTE
    peripheral\charger.c                     0x00000000   Number         0  charger.o ABSOLUTE
    peripheral\cmu.c                         0x00000000   Number         0  cmu.o ABSOLUTE
    peripheral\dma.c                         0x00000000   Number         0  dma.o ABSOLUTE
    peripheral\efuse.c                       0x00000000   Number         0  efuse.o ABSOLUTE
    peripheral\gpio.c                        0x00000000   Number         0  gpio.o ABSOLUTE
    peripheral\gpio_i2c.c                    0x00000000   Number         0  gpio_i2c.o ABSOLUTE
    peripheral\iomux.c                       0x00000000   Number         0  iomux.o ABSOLUTE
    peripheral\isr.c                         0x00000000   Number         0  isr.o ABSOLUTE
    peripheral\mos.c                         0x00000000   Number         0  mos.o ABSOLUTE
    peripheral\opa.c                         0x00000000   Number         0  opa.o ABSOLUTE
    peripheral\pwm.c                         0x00000000   Number         0  pwm.o ABSOLUTE
    peripheral\spi.c                         0x00000000   Number         0  spi.o ABSOLUTE
    peripheral\spi2ahb.c                     0x00000000   Number         0  spi2ahb.o ABSOLUTE
    peripheral\systick.c                     0x00000000   Number         0  systick.o ABSOLUTE
    peripheral\timer.c                       0x00000000   Number         0  timer.o ABSOLUTE
    peripheral\uart.c                        0x00000000   Number         0  uart.o ABSOLUTE
    peripheral\watchdog.c                    0x00000000   Number         0  watchdog.o ABSOLUTE
    startup\startup_cm0.s                    0x00000000   Number         0  startup_cm0.o ABSOLUTE
    startup\system_initial.c                 0x00000000   Number         0  system_initial.o ABSOLUTE
    tft_lcd\lcd_driver.c                     0x00000000   Number         0  lcd_driver.o ABSOLUTE
    user\GUI.c                               0x00000000   Number         0  gui.o ABSOLUTE
    user\bat_90x49.c                         0x00000000   Number         0  bat_90x49.o ABSOLUTE
    user\black_128x128.c                     0x00000000   Number         0  black_128x128.o ABSOLUTE
    user\fire_eye_img.c                      0x00000000   Number         0  fire_eye_img.o ABSOLUTE
    user\font_0_9_digital_32b.c              0x00000000   Number         0  font_0_9_digital_32b.o ABSOLUTE
    user\font_A_z_32b.c                      0x00000000   Number         0  font_a_z_32b.o ABSOLUTE
    user\img_battery.c                       0x00000000   Number         0  img_battery.o ABSOLUTE
    user\img_battery_32b.c                   0x00000000   Number         0  img_battery_32b.o ABSOLUTE
    user\img_cake.c                          0x00000000   Number         0  img_cake.o ABSOLUTE
    user\img_cake_32b.c                      0x00000000   Number         0  img_cake_32b.o ABSOLUTE
    user\img_star.c                          0x00000000   Number         0  img_star.o ABSOLUTE
    user\img_star_32b.c                      0x00000000   Number         0  img_star_32b.o ABSOLUTE
    user\key_process.c                       0x00000000   Number         0  key_process.o ABSOLUTE
    user\main.c                              0x00000000   Number         0  main.o ABSOLUTE
    user\ui.c                                0x00000000   Number         0  ui.o ABSOLUTE
    user\ui_circle_100x100.c                 0x00000000   Number         0  ui_circle_100x100.o ABSOLUTE
    user\ui_img\charging.c                   0x00000000   Number         0  charging.o ABSOLUTE
    user\ui_img\charging_32bit.c             0x00000000   Number         0  charging_32bit.o ABSOLUTE
    .ARM.Collect$$$$00000000                 0x000000c0   Section        0  entry.o(.ARM.Collect$$$$00000000)
    .ARM.Collect$$$$00000001                 0x000000c0   Section        4  entry2.o(.ARM.Collect$$$$00000001)
    .ARM.Collect$$$$00000004                 0x000000c4   Section        4  entry5.o(.ARM.Collect$$$$00000004)
    .ARM.Collect$$$$00000008                 0x000000c8   Section        0  entry7b.o(.ARM.Collect$$$$00000008)
    .ARM.Collect$$$$0000000A                 0x000000c8   Section        0  entry8b.o(.ARM.Collect$$$$0000000A)
    .ARM.Collect$$$$0000000B                 0x000000c8   Section        8  entry9a.o(.ARM.Collect$$$$0000000B)
    .ARM.Collect$$$$0000000D                 0x000000d0   Section        0  entry10a.o(.ARM.Collect$$$$0000000D)
    .ARM.Collect$$$$0000000F                 0x000000d0   Section        0  entry11a.o(.ARM.Collect$$$$0000000F)
    .ARM.Collect$$$$00002712                 0x000000d0   Section        4  entry2.o(.ARM.Collect$$$$00002712)
    __lit__00000000                          0x000000d0   Data           4  entry2.o(.ARM.Collect$$$$00002712)
    .text                                    0x000000d4   Section       28  startup_cm0.o(.text)
    GPIO_A0_IRQHandler                       0x000000eb   Thumb Code     0  startup_cm0.o(.text)
    .text                                    0x000000f0   Section        0  uidiv.o(.text)
    .text                                    0x0000011c   Section        0  uread4.o(.text)
    .text                                    0x00000130   Section        0  fadd.o(.text)
    .text                                    0x000001e2   Section        0  fmul.o(.text)
    .text                                    0x0000025c   Section        0  dmul.o(.text)
    .text                                    0x0000032c   Section        0  dflti.o(.text)
    .text                                    0x00000354   Section        0  ffixi.o(.text)
    .text                                    0x00000388   Section        0  dfixi.o(.text)
    .text                                    0x000003d0   Section       20  cfcmple.o(.text)
    .text                                    0x000003e4   Section       20  cfrcmple.o(.text)
    .text                                    0x000003f8   Section        0  llshl.o(.text)
    .text                                    0x00000418   Section        0  llushr.o(.text)
    .text                                    0x0000043a   Section        0  iusefp.o(.text)
    .text                                    0x0000043a   Section        0  fepilogue.o(.text)
    .text                                    0x000004bc   Section        0  depilogue.o(.text)
    .text                                    0x0000057c   Section       36  init.o(.text)
    i.AON_WKUP_IRQHandler                    0x000005d0   Section        0  isr.o(i.AON_WKUP_IRQHandler)
    i.APB_SPI0_IRQnHandler                   0x000005d8   Section        0  isr.o(i.APB_SPI0_IRQnHandler)
    i.APB_SPI1_IRQnHandler                   0x000005da   Section        0  isr.o(i.APB_SPI1_IRQnHandler)
    i.CMU2AHB_IRQHandler                     0x000005dc   Section        0  isr.o(i.CMU2AHB_IRQHandler)
    i.DMA_Configuration                      0x000005e0   Section        0  dma.o(i.DMA_Configuration)
    i.EventQueue_Pop                         0x0000061c   Section        0  sc_event_task.o(i.EventQueue_Pop)
    i.GPIO_A5_IRQHandler                     0x00000650   Section        0  isr.o(i.GPIO_A5_IRQHandler)
    i.GPIO_B6_IRQHandler                     0x00000652   Section        0  isr.o(i.GPIO_B6_IRQHandler)
    i.Gecko_DMA_Transport                    0x00000654   Section        0  dma.o(i.Gecko_DMA_Transport)
    i.Gecko_Set_BaudRate                     0x00000684   Section        0  uart.o(i.Gecko_Set_BaudRate)
    i.Get_Vbat_Voltage                       0x00000760   Section        0  adc.o(i.Get_Vbat_Voltage)
    i.HW_SPI_Initialise                      0x000007e0   Section        0  spi.o(i.HW_SPI_Initialise)
    i.HW_SPI_Tx_DMA                          0x0000082c   Section        0  spi.o(i.HW_SPI_Tx_DMA)
    i.HW_SPI_Tx_DMA_16bit_ColorBlock         0x00000864   Section        0  spi.o(i.HW_SPI_Tx_DMA_16bit_ColorBlock)
    i.HW_SPI_Tx_DMA_32bit                    0x0000089c   Section        0  spi.o(i.HW_SPI_Tx_DMA_32bit)
    i.HW_SPI_Tx_DMA_8bit                     0x000008d4   Section        0  spi.o(i.HW_SPI_Tx_DMA_8bit)
    i.HardFault_Handler                      0x0000090c   Section        0  isr.o(i.HardFault_Handler)
    i.LCD_GPIO_Init                          0x0000090e   Section        0  lcd_driver.o(i.LCD_GPIO_Init)
    i.LCD_WriteData_16Bit                    0x00000944   Section        0  lcd_driver.o(i.LCD_WriteData_16Bit)
    i.LDO33_AUX_Enable                       0x00000964   Section        0  aon.o(i.LDO33_AUX_Enable)
    i.Lcd_Init                               0x00000980   Section        0  lcd_driver.o(i.Lcd_Init)
    i.Lcd_Reset                              0x00000c32   Section        0  lcd_driver.o(i.Lcd_Reset)
    i.Lcd_SetRegion                          0x00000c68   Section        0  lcd_driver.o(i.Lcd_SetRegion)
    i.Lcd_WriteData                          0x00000ca0   Section        0  lcd_driver.o(i.Lcd_WriteData)
    i.Lcd_WriteIndex                         0x00000cc0   Section        0  lcd_driver.o(i.Lcd_WriteIndex)
    i.Lcd_Write_data_dma                     0x00000ce0   Section        0  spi.o(i.Lcd_Write_data_dma)
    i.NMI_Handler                            0x00000d10   Section        0  isr.o(i.NMI_Handler)
    i.NVIC_ClearPendingIRQ                   0x00000d14   Section        0  system_initial.o(i.NVIC_ClearPendingIRQ)
    i.NVIC_EnableIRQ                         0x00000d2c   Section        0  system_initial.o(i.NVIC_EnableIRQ)
    i.NVIC_SetPriority                       0x00000d44   Section        0  system_initial.o(i.NVIC_SetPriority)
    i.Osc32M_Freq_Trimming                   0x00000d88   Section        0  aon.o(i.Osc32M_Freq_Trimming)
    i.PendSV_Handler                         0x00000e04   Section        0  isr.o(i.PendSV_Handler)
    i.QSPI_CTRL_IRQHandler                   0x00000e06   Section        0  isr.o(i.QSPI_CTRL_IRQHandler)
    i.SVC_Handler                            0x00000e0e   Section        0  isr.o(i.SVC_Handler)
    i.SysTick_Config                         0x00000e10   Section        0  systick.o(i.SysTick_Config)
    i.SystemInit                             0x00000e40   Section        0  main.o(i.SystemInit)
    i.TIMER0_IRQHandler                      0x00000e64   Section        0  isr.o(i.TIMER0_IRQHandler)
    i.TIMER1_IRQHandler                      0x00000e6c   Section        0  isr.o(i.TIMER1_IRQHandler)
    i.Task_Charger_Control                   0x00000e74   Section        0  charger.o(i.Task_Charger_Control)
    i.Task_KeyScan                           0x00000e84   Section        0  key_process.o(i.Task_KeyScan)
    i.Timer0_Interrupt_Handler               0x00000e88   Section        0  timer.o(i.Timer0_Interrupt_Handler)
    i.UART0_IRQHandler                       0x00000e98   Section        0  isr.o(i.UART0_IRQHandler)
    i.UART0_Interrupt_Handler                0x00000ea0   Section        0  uart.o(i.UART0_Interrupt_Handler)
    i.UART1_IRQHandler                       0x00000ed4   Section        0  isr.o(i.UART1_IRQHandler)
    i.UART1_Interrupt_Handler                0x00000edc   Section        0  uart.o(i.UART1_Interrupt_Handler)
    i.Uart_16550_Initialise                  0x00000f10   Section        0  uart.o(i.Uart_16550_Initialise)
    i.WDT_IRQHandler                         0x00000f6c   Section        0  isr.o(i.WDT_IRQHandler)
    i.__ARM_clz                              0x00000f8c   Section        0  depilogue.o(i.__ARM_clz)
    i.__ARM_common_switch8                   0x00000fba   Section        0  iomux.o(i.__ARM_common_switch8)
    i.__scatterload_copy                     0x00000fd4   Section       14  handlers.o(i.__scatterload_copy)
    i.__scatterload_null                     0x00000fe2   Section        2  handlers.o(i.__scatterload_null)
    i.__scatterload_zeroinit                 0x00000fe4   Section       14  handlers.o(i.__scatterload_zeroinit)
    i.__user_font_get_bitmap                 0x00000ff2   Section        0  lv_font_16.o(i.__user_font_get_bitmap)
    __user_font_get_bitmap                   0x00000ff3   Thumb Code    70  lv_font_16.o(i.__user_font_get_bitmap)
    i.__user_font_get_glyph_dsc              0x00001038   Section        0  lv_font_16.o(i.__user_font_get_glyph_dsc)
    __user_font_get_glyph_dsc                0x00001039   Thumb Code    98  lv_font_16.o(i.__user_font_get_glyph_dsc)
    i.adc_delay_us                           0x0000109a   Section        0  adc.o(i.adc_delay_us)
    i.aon_wakeup_irq_cfg                     0x000010be   Section        0  aon.o(i.aon_wakeup_irq_cfg)
    i.binsearch                              0x000010d6   Section        0  lv_font_16.o(i.binsearch)
    binsearch                                0x000010d7   Thumb Code    42  lv_font_16.o(i.binsearch)
    i.charger_init                           0x00001100   Section        0  charger.o(i.charger_init)
    i.charger_process                        0x00001134   Section        0  charger.o(i.charger_process)
    i.delay_1ms                              0x000011ec   Section        0  lcd_driver.o(i.delay_1ms)
    i.delay_1us                              0x00001202   Section        0  dpi_common.o(i.delay_1us)
    i.delay_ms                               0x00001212   Section        0  lcd_driver.o(i.delay_ms)
    i.gecko_ahb2qspi_ctrl_irq_handler        0x00001228   Section        0  xt25f32.o(i.gecko_ahb2qspi_ctrl_irq_handler)
    i.gecko_aon_wakeup_irq_handler           0x0000124c   Section        0  xt25f32.o(i.gecko_aon_wakeup_irq_handler)
    i.gecko_cmu_init                         0x0000125c   Section        0  cmu.o(i.gecko_cmu_init)
    i.gecko_pinmux_config                    0x00001270   Section        0  iomux.o(i.gecko_pinmux_config)
    i.gecko_pinmux_default_config            0x00001428   Section        0  iomux.o(i.gecko_pinmux_default_config)
    i.gecko_timer1_irq_handler               0x00001438   Section        0  timer.o(i.gecko_timer1_irq_handler)
    i.gpio_set_output                        0x0000145c   Section        0  gpio.o(i.gpio_set_output)
    i.gpio_set_value                         0x00001498   Section        0  gpio.o(i.gpio_set_value)
    i.hal_nvic_clear_pending_irq             0x000014bc   Section        0  system_initial.o(i.hal_nvic_clear_pending_irq)
    i.hal_nvic_enable_irq                    0x000014c4   Section        0  system_initial.o(i.hal_nvic_enable_irq)
    i.hal_nvic_set_priority                  0x000014cc   Section        0  system_initial.o(i.hal_nvic_set_priority)
    i.lcd_dma_8bit_refresh                   0x000014d4   Section        0  spi.o(i.lcd_dma_8bit_refresh)
    i.lcd_dma_refresh_colorblock             0x000014f8   Section        0  spi.o(i.lcd_dma_refresh_colorblock)
    i.main                                   0x0000151c   Section        0  main.o(i.main)
    i.pEnterCriticalSection                  0x000016b8   Section        0  system_initial.o(i.pEnterCriticalSection)
    i.pExitCriticalSection                   0x000016be   Section        0  system_initial.o(i.pExitCriticalSection)
    i.pid_update                             0x000016c2   Section        0  charger.o(i.pid_update)
    i.sc_gui_init                            0x00001744   Section        0  sc_gui.o(i.sc_gui_init)
    i.sc_task_loop                           0x00001774   Section        0  sc_event_task.o(i.sc_task_loop)
    i.ui_paint_color_circle                  0x0000183c   Section        0  ui.o(i.ui_paint_color_circle)
    .constdata                               0x0000185c   Section     2726  lv_font_16.o(.constdata)
    glyph_bitmap                             0x0000185c   Data        2726  lv_font_16.o(.constdata)
    .constdata                               0x00002304   Section      792  lv_font_16.o(.constdata)
    glyph_dsc                                0x00002304   Data         792  lv_font_16.o(.constdata)
    .constdata                               0x0000261c   Section      200  lv_font_16.o(.constdata)
    unicode_list_1                           0x0000261c   Data         200  lv_font_16.o(.constdata)
    .constdata                               0x000026e4   Section       20  lv_font_16.o(.constdata)
    cmaps                                    0x000026e4   Data          20  lv_font_16.o(.constdata)
    .constdata                               0x000026f8   Section    32768  img_star_32b.o(.constdata)
    .constdata                               0x0000a6f8   Section    32768  charging_32bit.o(.constdata)
    .constdata                               0x000126f8   Section    32768  img_battery_32b.o(.constdata)
    .constdata                               0x0001a6f8   Section    20000  ui_circle_100x100.o(.constdata)
    .constdata                               0x0001f518   Section     8820  bat_90x49.o(.constdata)
    .data                                    0x20000000   Section       12  aon.o(.data)
    .data                                    0x2000000c   Section       12  isr.o(.data)
    .data                                    0x20000018   Section        4  timer.o(.data)
    .data                                    0x2000001c   Section        2  dma.o(.data)
    .data                                    0x20000020   Section       12  sc_event_task.o(.data)
    id                                       0x20000020   Data           1  sc_event_task.o(.data)
    .data                                    0x2000002c   Section        4  sc_gui.o(.data)
    .data                                    0x20000030   Section       28  lv_font_16.o(.data)
    font_dsc                                 0x20000030   Data          28  lv_font_16.o(.data)
    .data                                    0x2000004c   Section       20  lv_font_16.o(.data)
    .bss                                     0x20000060   Section       40  charger.o(.bss)
    .bss                                     0x20000088   Section      132  sc_event_task.o(.bss)
    .bss                                     0x2000010c   Section       28  sc_gui.o(.bss)
    tft                                      0x2000010c   Data          28  sc_gui.o(.bss)
    ram_code                                 0x2000014c   Section        0  isr.o(ram_code)
    ram_code                                 0x2000018c   Section        0  dma.o(ram_code)
    ram_code                                 0x200001cc   Section        0  dpi_common.o(ram_code)
    ram_code                                 0x200001e8   Section        0  xt25f32.o(ram_code)

    Global Symbols

    Symbol Name                              Value     Ov Type        Size  Object(Section)

    BuildAttributes$$THM_ISAv3M$S$PE$A:L22$X:L11$S22$IEEE1$IW$USESV6$~STKCKD$USESV7$~SHL$OTIME$ROPI$EBA8$MICROLIB$REQ8$PRES8$EABIv2 0x00000000   Number         0  anon$$obj.o ABSOLUTE
    __ARM_use_no_argv                        0x00000000   Number         0  main.o ABSOLUTE
    __Vectors                                0x00000000   Data           4  startup_cm0.o(RESET)
    _printf_a                                0x00000000   Number         0  stubs.o ABSOLUTE
    _printf_c                                0x00000000   Number         0  stubs.o ABSOLUTE
    _printf_charcount                        0x00000000   Number         0  stubs.o ABSOLUTE
    _printf_d                                0x00000000   Number         0  stubs.o ABSOLUTE
    _printf_e                                0x00000000   Number         0  stubs.o ABSOLUTE
    _printf_f                                0x00000000   Number         0  stubs.o ABSOLUTE
    _printf_flags                            0x00000000   Number         0  stubs.o ABSOLUTE
    _printf_fp_dec                           0x00000000   Number         0  stubs.o ABSOLUTE
    _printf_fp_hex                           0x00000000   Number         0  stubs.o ABSOLUTE
    _printf_g                                0x00000000   Number         0  stubs.o ABSOLUTE
    _printf_i                                0x00000000   Number         0  stubs.o ABSOLUTE
    _printf_int_dec                          0x00000000   Number         0  stubs.o ABSOLUTE
    _printf_l                                0x00000000   Number         0  stubs.o ABSOLUTE
    _printf_lc                               0x00000000   Number         0  stubs.o ABSOLUTE
    _printf_ll                               0x00000000   Number         0  stubs.o ABSOLUTE
    _printf_lld                              0x00000000   Number         0  stubs.o ABSOLUTE
    _printf_lli                              0x00000000   Number         0  stubs.o ABSOLUTE
    _printf_llo                              0x00000000   Number         0  stubs.o ABSOLUTE
    _printf_llu                              0x00000000   Number         0  stubs.o ABSOLUTE
    _printf_llx                              0x00000000   Number         0  stubs.o ABSOLUTE
    _printf_longlong_dec                     0x00000000   Number         0  stubs.o ABSOLUTE
    _printf_longlong_hex                     0x00000000   Number         0  stubs.o ABSOLUTE
    _printf_longlong_oct                     0x00000000   Number         0  stubs.o ABSOLUTE
    _printf_ls                               0x00000000   Number         0  stubs.o ABSOLUTE
    _printf_mbtowc                           0x00000000   Number         0  stubs.o ABSOLUTE
    _printf_n                                0x00000000   Number         0  stubs.o ABSOLUTE
    _printf_o                                0x00000000   Number         0  stubs.o ABSOLUTE
    _printf_p                                0x00000000   Number         0  stubs.o ABSOLUTE
    _printf_percent                          0x00000000   Number         0  stubs.o ABSOLUTE
    _printf_pre_padding                      0x00000000   Number         0  stubs.o ABSOLUTE
    _printf_return_value                     0x00000000   Number         0  stubs.o ABSOLUTE
    _printf_s                                0x00000000   Number         0  stubs.o ABSOLUTE
    _printf_sizespec                         0x00000000   Number         0  stubs.o ABSOLUTE
    _printf_str                              0x00000000   Number         0  stubs.o ABSOLUTE
    _printf_truncate_signed                  0x00000000   Number         0  stubs.o ABSOLUTE
    _printf_truncate_unsigned                0x00000000   Number         0  stubs.o ABSOLUTE
    _printf_u                                0x00000000   Number         0  stubs.o ABSOLUTE
    _printf_wc                               0x00000000   Number         0  stubs.o ABSOLUTE
    _printf_wctomb                           0x00000000   Number         0  stubs.o ABSOLUTE
    _printf_widthprec                        0x00000000   Number         0  stubs.o ABSOLUTE
    _printf_x                                0x00000000   Number         0  stubs.o ABSOLUTE
    __cpp_initialize__aeabi_                  - Undefined Weak Reference
    __cxa_finalize                            - Undefined Weak Reference
    __decompress                              - Undefined Weak Reference
    _clock_init                               - Undefined Weak Reference
    _microlib_exit                            - Undefined Weak Reference
    __main                                   0x000000c1   Thumb Code     0  entry.o(.ARM.Collect$$$$00000000)
    _main_stk                                0x000000c1   Thumb Code     0  entry2.o(.ARM.Collect$$$$00000001)
    _main_scatterload                        0x000000c5   Thumb Code     0  entry5.o(.ARM.Collect$$$$00000004)
    __main_after_scatterload                 0x000000c9   Thumb Code     0  entry5.o(.ARM.Collect$$$$00000004)
    _main_clock                              0x000000c9   Thumb Code     0  entry7b.o(.ARM.Collect$$$$00000008)
    _main_cpp_init                           0x000000c9   Thumb Code     0  entry8b.o(.ARM.Collect$$$$0000000A)
    _main_init                               0x000000c9   Thumb Code     0  entry9a.o(.ARM.Collect$$$$0000000B)
    __rt_final_cpp                           0x000000d1   Thumb Code     0  entry10a.o(.ARM.Collect$$$$0000000D)
    __rt_final_exit                          0x000000d1   Thumb Code     0  entry11a.o(.ARM.Collect$$$$0000000F)
    Reset_Handler                            0x000000d5   Thumb Code     4  startup_cm0.o(.text)
    MemManage_Handler                        0x000000dd   Thumb Code     2  startup_cm0.o(.text)
    BusFault_Handler                         0x000000df   Thumb Code     2  startup_cm0.o(.text)
    UsageFault_Handler                       0x000000e1   Thumb Code     2  startup_cm0.o(.text)
    DebugMon_Handler                         0x000000e5   Thumb Code     2  startup_cm0.o(.text)
    CMP1_IRQn                                0x000000eb   Thumb Code     0  startup_cm0.o(.text)
    CMP2_IRQn                                0x000000eb   Thumb Code     0  startup_cm0.o(.text)
    GPADC_IRQHandler                         0x000000eb   Thumb Code     0  startup_cm0.o(.text)
    GPIO_A2_IRQHandler                       0x000000eb   Thumb Code     0  startup_cm0.o(.text)
    GPIO_A3_IRQHandler                       0x000000eb   Thumb Code     0  startup_cm0.o(.text)
    GPIO_A4_IRQHandler                       0x000000eb   Thumb Code     0  startup_cm0.o(.text)
    GPIO_A6_IRQHandler                       0x000000eb   Thumb Code     0  startup_cm0.o(.text)
    GPIO_A7_IRQHandler                       0x000000eb   Thumb Code     0  startup_cm0.o(.text)
    GPIO_B0_IRQHandler                       0x000000eb   Thumb Code     0  startup_cm0.o(.text)
    GPIO_B1_IRQHandler                       0x000000eb   Thumb Code     0  startup_cm0.o(.text)
    GPIO_B2_IRQHandler                       0x000000eb   Thumb Code     0  startup_cm0.o(.text)
    GPIO_B3_IRQHandler                       0x000000eb   Thumb Code     0  startup_cm0.o(.text)
    GPIO_B4_IRQHandler                       0x000000eb   Thumb Code     0  startup_cm0.o(.text)
    GPIO_B5_IRQHandler                       0x000000eb   Thumb Code     0  startup_cm0.o(.text)
    GPIO_B7_IRQHandler                       0x000000eb   Thumb Code     0  startup_cm0.o(.text)
    RTC_IRQHandler                           0x000000eb   Thumb Code     0  startup_cm0.o(.text)
    SYS_GPIO_0_IRQHandler                    0x000000eb   Thumb Code     0  startup_cm0.o(.text)
    SYS_GPIO_1_IRQHandler                    0x000000eb   Thumb Code     0  startup_cm0.o(.text)
    UART2_IRQHandler                         0x000000eb   Thumb Code     0  startup_cm0.o(.text)
    __aeabi_uidiv                            0x000000f1   Thumb Code     0  uidiv.o(.text)
    __aeabi_uidivmod                         0x000000f1   Thumb Code    44  uidiv.o(.text)
    __aeabi_uread4                           0x0000011d   Thumb Code    20  uread4.o(.text)
    __rt_uread4                              0x0000011d   Thumb Code     0  uread4.o(.text)
    _uread4                                  0x0000011d   Thumb Code     0  uread4.o(.text)
    __aeabi_fadd                             0x00000131   Thumb Code   162  fadd.o(.text)
    __aeabi_fsub                             0x000001d3   Thumb Code     8  fadd.o(.text)
    __aeabi_frsub                            0x000001db   Thumb Code     8  fadd.o(.text)
    __aeabi_fmul                             0x000001e3   Thumb Code   122  fmul.o(.text)
    __aeabi_dmul                             0x0000025d   Thumb Code   202  dmul.o(.text)
    __aeabi_i2d                              0x0000032d   Thumb Code    34  dflti.o(.text)
    __aeabi_f2iz                             0x00000355   Thumb Code    50  ffixi.o(.text)
    __aeabi_d2iz                             0x00000389   Thumb Code    62  dfixi.o(.text)
    __aeabi_cfcmpeq                          0x000003d1   Thumb Code     0  cfcmple.o(.text)
    __aeabi_cfcmple                          0x000003d1   Thumb Code    20  cfcmple.o(.text)
    __aeabi_cfrcmple                         0x000003e5   Thumb Code    20  cfrcmple.o(.text)
    __aeabi_llsl                             0x000003f9   Thumb Code    32  llshl.o(.text)
    _ll_shift_l                              0x000003f9   Thumb Code     0  llshl.o(.text)
    __aeabi_llsr                             0x00000419   Thumb Code    34  llushr.o(.text)
    _ll_ushift_r                             0x00000419   Thumb Code     0  llushr.o(.text)
    __I$use$fp                               0x0000043b   Thumb Code     0  iusefp.o(.text)
    _float_round                             0x0000043b   Thumb Code    16  fepilogue.o(.text)
    _float_epilogue                          0x0000044b   Thumb Code   114  fepilogue.o(.text)
    _double_round                            0x000004bd   Thumb Code    26  depilogue.o(.text)
    _double_epilogue                         0x000004d7   Thumb Code   164  depilogue.o(.text)
    __scatterload                            0x0000057d   Thumb Code    28  init.o(.text)
    __scatterload_rt2                        0x0000057d   Thumb Code     0  init.o(.text)
    Long Thumb to Thumb Veneer to dma_sram_delay 0x000005a1   Thumb Code    12  anon$$obj.o(Veneer$$Code)
    Long Thumb to Thumb Veneer to reg_read   0x000005ad   Thumb Code    12  anon$$obj.o(Veneer$$Code)
    Long Thumb to Thumb Veneer to reg_write  0x000005b9   Thumb Code    12  anon$$obj.o(Veneer$$Code)
    Long Thumb to Thumb Veneer to gecko_task_cm0_sw_flash 0x000005c5   Thumb Code    12  anon$$obj.o(Veneer$$Code)
    AON_WKUP_IRQHandler                      0x000005d1   Thumb Code     8  isr.o(i.AON_WKUP_IRQHandler)
    APB_SPI0_IRQnHandler                     0x000005d9   Thumb Code     2  isr.o(i.APB_SPI0_IRQnHandler)
    APB_SPI1_IRQnHandler                     0x000005db   Thumb Code     2  isr.o(i.APB_SPI1_IRQnHandler)
    CMU2AHB_IRQHandler                       0x000005dd   Thumb Code     2  isr.o(i.CMU2AHB_IRQHandler)
    DMA_Configuration                        0x000005e1   Thumb Code    56  dma.o(i.DMA_Configuration)
    EventQueue_Pop                           0x0000061d   Thumb Code    48  sc_event_task.o(i.EventQueue_Pop)
    GPIO_A5_IRQHandler                       0x00000651   Thumb Code     2  isr.o(i.GPIO_A5_IRQHandler)
    GPIO_B6_IRQHandler                       0x00000653   Thumb Code     2  isr.o(i.GPIO_B6_IRQHandler)
    Gecko_DMA_Transport                      0x00000655   Thumb Code    44  dma.o(i.Gecko_DMA_Transport)
    Gecko_Set_BaudRate                       0x00000685   Thumb Code   198  uart.o(i.Gecko_Set_BaudRate)
    Get_Vbat_Voltage                         0x00000761   Thumb Code    96  adc.o(i.Get_Vbat_Voltage)
    HW_SPI_Initialise                        0x000007e1   Thumb Code    64  spi.o(i.HW_SPI_Initialise)
    HW_SPI_Tx_DMA                            0x0000082d   Thumb Code    46  spi.o(i.HW_SPI_Tx_DMA)
    HW_SPI_Tx_DMA_16bit_ColorBlock           0x00000865   Thumb Code    46  spi.o(i.HW_SPI_Tx_DMA_16bit_ColorBlock)
    HW_SPI_Tx_DMA_32bit                      0x0000089d   Thumb Code    46  spi.o(i.HW_SPI_Tx_DMA_32bit)
    HW_SPI_Tx_DMA_8bit                       0x000008d5   Thumb Code    46  spi.o(i.HW_SPI_Tx_DMA_8bit)
    HardFault_Handler                        0x0000090d   Thumb Code     2  isr.o(i.HardFault_Handler)
    LCD_GPIO_Init                            0x0000090f   Thumb Code    52  lcd_driver.o(i.LCD_GPIO_Init)
    LCD_WriteData_16Bit                      0x00000945   Thumb Code    24  lcd_driver.o(i.LCD_WriteData_16Bit)
    LDO33_AUX_Enable                         0x00000965   Thumb Code    24  aon.o(i.LDO33_AUX_Enable)
    Lcd_Init                                 0x00000981   Thumb Code   690  lcd_driver.o(i.Lcd_Init)
    Lcd_Reset                                0x00000c33   Thumb Code    54  lcd_driver.o(i.Lcd_Reset)
    Lcd_SetRegion                            0x00000c69   Thumb Code    54  lcd_driver.o(i.Lcd_SetRegion)
    Lcd_WriteData                            0x00000ca1   Thumb Code    24  lcd_driver.o(i.Lcd_WriteData)
    Lcd_WriteIndex                           0x00000cc1   Thumb Code    24  lcd_driver.o(i.Lcd_WriteIndex)
    Lcd_Write_data_dma                       0x00000ce1   Thumb Code    38  spi.o(i.Lcd_Write_data_dma)
    NMI_Handler                              0x00000d11   Thumb Code     2  isr.o(i.NMI_Handler)
    NVIC_ClearPendingIRQ                     0x00000d15   Thumb Code    18  system_initial.o(i.NVIC_ClearPendingIRQ)
    NVIC_EnableIRQ                           0x00000d2d   Thumb Code    18  system_initial.o(i.NVIC_EnableIRQ)
    NVIC_SetPriority                         0x00000d45   Thumb Code    60  system_initial.o(i.NVIC_SetPriority)
    Osc32M_Freq_Trimming                     0x00000d89   Thumb Code   110  aon.o(i.Osc32M_Freq_Trimming)
    PendSV_Handler                           0x00000e05   Thumb Code     2  isr.o(i.PendSV_Handler)
    QSPI_CTRL_IRQHandler                     0x00000e07   Thumb Code     8  isr.o(i.QSPI_CTRL_IRQHandler)
    SVC_Handler                              0x00000e0f   Thumb Code     2  isr.o(i.SVC_Handler)
    SysTick_Config                           0x00000e11   Thumb Code    38  systick.o(i.SysTick_Config)
    SystemInit                               0x00000e41   Thumb Code    36  main.o(i.SystemInit)
    TIMER0_IRQHandler                        0x00000e65   Thumb Code     8  isr.o(i.TIMER0_IRQHandler)
    TIMER1_IRQHandler                        0x00000e6d   Thumb Code     8  isr.o(i.TIMER1_IRQHandler)
    Task_Charger_Control                     0x00000e75   Thumb Code    10  charger.o(i.Task_Charger_Control)
    Task_KeyScan                             0x00000e85   Thumb Code     2  key_process.o(i.Task_KeyScan)
    Timer0_Interrupt_Handler                 0x00000e89   Thumb Code    10  timer.o(i.Timer0_Interrupt_Handler)
    UART0_IRQHandler                         0x00000e99   Thumb Code     8  isr.o(i.UART0_IRQHandler)
    UART0_Interrupt_Handler                  0x00000ea1   Thumb Code    48  uart.o(i.UART0_Interrupt_Handler)
    UART1_IRQHandler                         0x00000ed5   Thumb Code     8  isr.o(i.UART1_IRQHandler)
    UART1_Interrupt_Handler                  0x00000edd   Thumb Code    48  uart.o(i.UART1_Interrupt_Handler)
    Uart_16550_Initialise                    0x00000f11   Thumb Code    76  uart.o(i.Uart_16550_Initialise)
    WDT_IRQHandler                           0x00000f6d   Thumb Code    18  isr.o(i.WDT_IRQHandler)
    __ARM_clz                                0x00000f8d   Thumb Code    46  depilogue.o(i.__ARM_clz)
    __ARM_common_switch8                     0x00000fbb   Thumb Code    26  iomux.o(i.__ARM_common_switch8)
    __scatterload_copy                       0x00000fd5   Thumb Code    14  handlers.o(i.__scatterload_copy)
    __scatterload_null                       0x00000fe3   Thumb Code     2  handlers.o(i.__scatterload_null)
    __scatterload_zeroinit                   0x00000fe5   Thumb Code    14  handlers.o(i.__scatterload_zeroinit)
    adc_delay_us                             0x0000109b   Thumb Code    36  adc.o(i.adc_delay_us)
    aon_wakeup_irq_cfg                       0x000010bf   Thumb Code    24  aon.o(i.aon_wakeup_irq_cfg)
    charger_init                             0x00001101   Thumb Code    40  charger.o(i.charger_init)
    charger_process                          0x00001135   Thumb Code   156  charger.o(i.charger_process)
    delay_1ms                                0x000011ed   Thumb Code    22  lcd_driver.o(i.delay_1ms)
    delay_1us                                0x00001203   Thumb Code    16  dpi_common.o(i.delay_1us)
    delay_ms                                 0x00001213   Thumb Code    20  lcd_driver.o(i.delay_ms)
    gecko_ahb2qspi_ctrl_irq_handler          0x00001229   Thumb Code    32  xt25f32.o(i.gecko_ahb2qspi_ctrl_irq_handler)
    gecko_aon_wakeup_irq_handler             0x0000124d   Thumb Code    12  xt25f32.o(i.gecko_aon_wakeup_irq_handler)
    gecko_cmu_init                           0x0000125d   Thumb Code    16  cmu.o(i.gecko_cmu_init)
    gecko_pinmux_config                      0x00001271   Thumb Code   434  iomux.o(i.gecko_pinmux_config)
    gecko_pinmux_default_config              0x00001429   Thumb Code    12  iomux.o(i.gecko_pinmux_default_config)
    gecko_timer1_irq_handler                 0x00001439   Thumb Code    26  timer.o(i.gecko_timer1_irq_handler)
    gpio_set_output                          0x0000145d   Thumb Code    52  gpio.o(i.gpio_set_output)
    gpio_set_value                           0x00001499   Thumb Code    28  gpio.o(i.gpio_set_value)
    hal_nvic_clear_pending_irq               0x000014bd   Thumb Code     8  system_initial.o(i.hal_nvic_clear_pending_irq)
    hal_nvic_enable_irq                      0x000014c5   Thumb Code     8  system_initial.o(i.hal_nvic_enable_irq)
    hal_nvic_set_priority                    0x000014cd   Thumb Code     8  system_initial.o(i.hal_nvic_set_priority)
    lcd_dma_8bit_refresh                     0x000014d5   Thumb Code    36  spi.o(i.lcd_dma_8bit_refresh)
    lcd_dma_refresh_colorblock               0x000014f9   Thumb Code    36  spi.o(i.lcd_dma_refresh_colorblock)
    main                                     0x0000151d   Thumb Code   356  main.o(i.main)
    pEnterCriticalSection                    0x000016b9   Thumb Code     6  system_initial.o(i.pEnterCriticalSection)
    pExitCriticalSection                     0x000016bf   Thumb Code     4  system_initial.o(i.pExitCriticalSection)
    pid_update                               0x000016c3   Thumb Code   128  charger.o(i.pid_update)
    sc_gui_init                              0x00001745   Thumb Code    40  sc_gui.o(i.sc_gui_init)
    sc_task_loop                             0x00001775   Thumb Code   192  sc_event_task.o(i.sc_task_loop)
    ui_paint_color_circle                    0x0000183d   Thumb Code    24  ui.o(i.ui_paint_color_circle)
    gImage_128x128_star_32bit                0x000026f8   Data       32768  img_star_32b.o(.constdata)
    gImage_128x128_charging_32bit            0x0000a6f8   Data       32768  charging_32bit.o(.constdata)
    gImage_128x128_battery_32b               0x000126f8   Data       32768  img_battery_32b.o(.constdata)
    gImage_circle_100x100                    0x0001a6f8   Data       20000  ui_circle_100x100.o(.constdata)
    gImage_bat_90x49                         0x0001f518   Data        8820  bat_90x49.o(.constdata)
    Region$$Table$$Base                      0x0002178c   Number         0  anon$$obj.o(Region$$Table)
    Region$$Table$$Limit                     0x000217bc   Number         0  anon$$obj.o(Region$$Table)
    AON_CFG_ANA_CTRL_1_0x20_Default          0x20000000   Data           4  aon.o(.data)
    AON_CFG_ANA_CTRL_2_0x24_Default          0x20000004   Data           4  aon.o(.data)
    AON_CFG_GPIO_WAKEUP_CTRL_0x10_Default    0x20000008   Data           4  aon.o(.data)
    dc5v_online_flag                         0x2000000c   Data           1  isr.o(.data)
    dma_int_flag                             0x2000000d   Data           1  isr.o(.data)
    TimeTick                                 0x20000010   Data           4  isr.o(.data)
    RC_Unique_ID                             0x20000014   Data           4  isr.o(.data)
    timer1_tmp_cnt1                          0x20000018   Data           4  timer.o(.data)
    location                                 0x2000001c   Data           2  dma.o(.data)
    system_tick                              0x20000024   Data           4  sc_event_task.o(.data)
    sc_tick                                  0x20000028   Data           4  sc_event_task.o(.data)
    gui                                      0x2000002c   Data           4  sc_gui.o(.data)
    lv_font_16                               0x2000004c   Data          20  lv_font_16.o(.data)
    my_charger                               0x20000060   Data          40  charger.o(.bss)
    sc_task                                  0x20000088   Data          80  sc_event_task.o(.bss)
    eventQueue                               0x200000d8   Data          52  sc_event_task.o(.bss)
    Long Thumb to Thumb Veneer to gpio_set_value 0x20000129   Thumb Code    12  anon$$obj.o(Veneer$$Code)
    Long Thumb to Thumb Veneer to delay_1us  0x20000135   Thumb Code    12  anon$$obj.o(Veneer$$Code)
    Long Thumb to Thumb Veneer to __aeabi_uread4 0x20000141   Thumb Code    12  anon$$obj.o(Veneer$$Code)
    SysTick_Handler                          0x2000014d   Thumb Code    10  isr.o(ram_code)
    DMA_IRQHandler                           0x20000157   Thumb Code    14  isr.o(ram_code)
    dma_sram_delay                           0x20000165   Thumb Code    34  isr.o(ram_code)
    Clear_DMA_Interrupt                      0x2000018d   Thumb Code    22  dma.o(ram_code)
    DMA_ISR_Routine                          0x200001a3   Thumb Code    32  dma.o(ram_code)
    reg_read                                 0x200001cd   Thumb Code     4  dpi_common.o(ram_code)
    reg_write                                0x200001d1   Thumb Code     4  dpi_common.o(ram_code)
    sram_run_delay                           0x200001d5   Thumb Code    20  dpi_common.o(ram_code)
    gecko_task_cm0_sw_flash                  0x200001e9   Thumb Code    66  xt25f32.o(ram_code)
    spi_nor_write_en                         0x2000022b   Thumb Code    62  xt25f32.o(ram_code)
    EraseSector                              0x20000269   Thumb Code   136  xt25f32.o(ram_code)
    ProgramPage                              0x200002f1   Thumb Code   194  xt25f32.o(ram_code)
    QSPI_NorFlash_ReadWord                   0x200003b3   Thumb Code    50  xt25f32.o(ram_code)
    __initial_sp                             0x20000ffc   Number         0  startup_cm0.o ABSOLUTE



==============================================================================

Memory Map of the image

  Image Entry point : 0x000000c1

  Load Region LR_IROM1 (Base: 0x00000000, Size: 0x00021af8, Max: 0x00400000, ABSOLUTE)

    Execution Region ER_IROM1 (Exec base: 0x00000000, Load base: 0x00000000, Size: 0x000217bc, Max: 0x00400000, ABSOLUTE)

    Exec Addr    Load Addr    Size         Type   Attr      Idx    E Section Name        Object

    0x00000000   0x00000000   0x000000c0   Data   RO            2    RESET               startup_cm0.o
    0x000000c0   0x000000c0   0x00000000   Code   RO         4108  * .ARM.Collect$$$$00000000  mc_p.l(entry.o)
    0x000000c0   0x000000c0   0x00000004   Code   RO         4436    .ARM.Collect$$$$00000001  mc_p.l(entry2.o)
    0x000000c4   0x000000c4   0x00000004   Code   RO         4439    .ARM.Collect$$$$00000004  mc_p.l(entry5.o)
    0x000000c8   0x000000c8   0x00000000   Code   RO         4441    .ARM.Collect$$$$00000008  mc_p.l(entry7b.o)
    0x000000c8   0x000000c8   0x00000000   Code   RO         4443    .ARM.Collect$$$$0000000A  mc_p.l(entry8b.o)
    0x000000c8   0x000000c8   0x00000008   Code   RO         4444    .ARM.Collect$$$$0000000B  mc_p.l(entry9a.o)
    0x000000d0   0x000000d0   0x00000000   Code   RO         4446    .ARM.Collect$$$$0000000D  mc_p.l(entry10a.o)
    0x000000d0   0x000000d0   0x00000000   Code   RO         4448    .ARM.Collect$$$$0000000F  mc_p.l(entry11a.o)
    0x000000d0   0x000000d0   0x00000004   Code   RO         4437    .ARM.Collect$$$$00002712  mc_p.l(entry2.o)
    0x000000d4   0x000000d4   0x0000001c   Code   RO            3    .text               startup_cm0.o
    0x000000f0   0x000000f0   0x0000002c   Code   RO         4111    .text               mc_p.l(uidiv.o)
    0x0000011c   0x0000011c   0x00000014   Code   RO         4410    .text               mc_p.l(uread4.o)
    0x00000130   0x00000130   0x000000b2   Code   RO         4412    .text               mf_p.l(fadd.o)
    0x000001e2   0x000001e2   0x0000007a   Code   RO         4414    .text               mf_p.l(fmul.o)
    0x0000025c   0x0000025c   0x000000d0   Code   RO         4418    .text               mf_p.l(dmul.o)
    0x0000032c   0x0000032c   0x00000028   Code   RO         4422    .text               mf_p.l(dflti.o)
    0x00000354   0x00000354   0x00000032   Code   RO         4426    .text               mf_p.l(ffixi.o)
    0x00000386   0x00000386   0x00000002   PAD
    0x00000388   0x00000388   0x00000048   Code   RO         4428    .text               mf_p.l(dfixi.o)
    0x000003d0   0x000003d0   0x00000014   Code   RO         4432    .text               mf_p.l(cfcmple.o)
    0x000003e4   0x000003e4   0x00000014   Code   RO         4434    .text               mf_p.l(cfrcmple.o)
    0x000003f8   0x000003f8   0x00000020   Code   RO         4453    .text               mc_p.l(llshl.o)
    0x00000418   0x00000418   0x00000022   Code   RO         4455    .text               mc_p.l(llushr.o)
    0x0000043a   0x0000043a   0x00000000   Code   RO         4461    .text               mc_p.l(iusefp.o)
    0x0000043a   0x0000043a   0x00000082   Code   RO         4462    .text               mf_p.l(fepilogue.o)
    0x000004bc   0x000004bc   0x000000be   Code   RO         4464    .text               mf_p.l(depilogue.o)
    0x0000057a   0x0000057a   0x00000002   PAD
    0x0000057c   0x0000057c   0x00000024   Code   RO         4472    .text               mc_p.l(init.o)
    0x000005a0   0x000005a0   0x0000000c   Ven    RO         4482    Veneer$$Code        anon$$obj.o
    0x000005ac   0x000005ac   0x0000000c   Ven    RO         4483    Veneer$$Code        anon$$obj.o
    0x000005b8   0x000005b8   0x0000000c   Ven    RO         4484    Veneer$$Code        anon$$obj.o
    0x000005c4   0x000005c4   0x0000000c   Ven    RO         4485    Veneer$$Code        anon$$obj.o
    0x000005d0   0x000005d0   0x00000008   Code   RO          363    i.AON_WKUP_IRQHandler  isr.o
    0x000005d8   0x000005d8   0x00000002   Code   RO          364    i.APB_SPI0_IRQnHandler  isr.o
    0x000005da   0x000005da   0x00000002   Code   RO          365    i.APB_SPI1_IRQnHandler  isr.o
    0x000005dc   0x000005dc   0x00000002   Code   RO          366    i.CMU2AHB_IRQHandler  isr.o
    0x000005de   0x000005de   0x00000002   PAD
    0x000005e0   0x000005e0   0x0000003c   Code   RO         1578    i.DMA_Configuration  dma.o
    0x0000061c   0x0000061c   0x00000034   Code   RO         2941    i.EventQueue_Pop    sc_event_task.o
    0x00000650   0x00000650   0x00000002   Code   RO          368    i.GPIO_A5_IRQHandler  isr.o
    0x00000652   0x00000652   0x00000002   Code   RO          369    i.GPIO_B6_IRQHandler  isr.o
    0x00000654   0x00000654   0x00000030   Code   RO         1583    i.Gecko_DMA_Transport  dma.o
    0x00000684   0x00000684   0x000000dc   Code   RO          503    i.Gecko_Set_BaudRate  uart.o
    0x00000760   0x00000760   0x00000080   Code   RO         1051    i.Get_Vbat_Voltage  adc.o
    0x000007e0   0x000007e0   0x0000004c   Code   RO         1132    i.HW_SPI_Initialise  spi.o
    0x0000082c   0x0000082c   0x00000038   Code   RO         1138    i.HW_SPI_Tx_DMA     spi.o
    0x00000864   0x00000864   0x00000038   Code   RO         1140    i.HW_SPI_Tx_DMA_16bit_ColorBlock  spi.o
    0x0000089c   0x0000089c   0x00000038   Code   RO         1141    i.HW_SPI_Tx_DMA_32bit  spi.o
    0x000008d4   0x000008d4   0x00000038   Code   RO         1142    i.HW_SPI_Tx_DMA_8bit  spi.o
    0x0000090c   0x0000090c   0x00000002   Code   RO          371    i.HardFault_Handler  isr.o
    0x0000090e   0x0000090e   0x00000034   Code   RO         2579    i.LCD_GPIO_Init     lcd_driver.o
    0x00000942   0x00000942   0x00000002   PAD
    0x00000944   0x00000944   0x00000020   Code   RO         2580    i.LCD_WriteData_16Bit  lcd_driver.o
    0x00000964   0x00000964   0x0000001c   Code   RO          163    i.LDO33_AUX_Enable  aon.o
    0x00000980   0x00000980   0x000002b2   Code   RO         2583    i.Lcd_Init          lcd_driver.o
    0x00000c32   0x00000c32   0x00000036   Code   RO         2584    i.Lcd_Reset         lcd_driver.o
    0x00000c68   0x00000c68   0x00000036   Code   RO         2585    i.Lcd_SetRegion     lcd_driver.o
    0x00000c9e   0x00000c9e   0x00000002   PAD
    0x00000ca0   0x00000ca0   0x00000020   Code   RO         2586    i.Lcd_WriteData     lcd_driver.o
    0x00000cc0   0x00000cc0   0x00000020   Code   RO         2587    i.Lcd_WriteIndex    lcd_driver.o
    0x00000ce0   0x00000ce0   0x00000030   Code   RO         1144    i.Lcd_Write_data_dma  spi.o
    0x00000d10   0x00000d10   0x00000002   Code   RO          372    i.NMI_Handler       isr.o
    0x00000d12   0x00000d12   0x00000002   PAD
    0x00000d14   0x00000d14   0x00000018   Code   RO           11    i.NVIC_ClearPendingIRQ  system_initial.o
    0x00000d2c   0x00000d2c   0x00000018   Code   RO           13    i.NVIC_EnableIRQ    system_initial.o
    0x00000d44   0x00000d44   0x00000044   Code   RO           16    i.NVIC_SetPriority  system_initial.o
    0x00000d88   0x00000d88   0x0000007c   Code   RO          165    i.Osc32M_Freq_Trimming  aon.o
    0x00000e04   0x00000e04   0x00000002   Code   RO          373    i.PendSV_Handler    isr.o
    0x00000e06   0x00000e06   0x00000008   Code   RO          374    i.QSPI_CTRL_IRQHandler  isr.o
    0x00000e0e   0x00000e0e   0x00000002   Code   RO          375    i.SVC_Handler       isr.o
    0x00000e10   0x00000e10   0x00000030   Code   RO         1337    i.SysTick_Config    systick.o
    0x00000e40   0x00000e40   0x00000024   Code   RO         3568    i.SystemInit        main.o
    0x00000e64   0x00000e64   0x00000008   Code   RO          376    i.TIMER0_IRQHandler  isr.o
    0x00000e6c   0x00000e6c   0x00000008   Code   RO          377    i.TIMER1_IRQHandler  isr.o
    0x00000e74   0x00000e74   0x00000010   Code   RO         1748    i.Task_Charger_Control  charger.o
    0x00000e84   0x00000e84   0x00000002   Code   RO         3672    i.Task_KeyScan      key_process.o
    0x00000e86   0x00000e86   0x00000002   PAD
    0x00000e88   0x00000e88   0x00000010   Code   RO         1276    i.Timer0_Interrupt_Handler  timer.o
    0x00000e98   0x00000e98   0x00000008   Code   RO          378    i.UART0_IRQHandler  isr.o
    0x00000ea0   0x00000ea0   0x00000034   Code   RO          516    i.UART0_Interrupt_Handler  uart.o
    0x00000ed4   0x00000ed4   0x00000008   Code   RO          379    i.UART1_IRQHandler  isr.o
    0x00000edc   0x00000edc   0x00000034   Code   RO          517    i.UART1_Interrupt_Handler  uart.o
    0x00000f10   0x00000f10   0x0000005c   Code   RO          523    i.Uart_16550_Initialise  uart.o
    0x00000f6c   0x00000f6c   0x00000020   Code   RO          380    i.WDT_IRQHandler    isr.o
    0x00000f8c   0x00000f8c   0x0000002e   Code   RO         4466    i.__ARM_clz         mf_p.l(depilogue.o)
    0x00000fba   0x00000fba   0x0000001a   Code   RO          349    i.__ARM_common_switch8  iomux.o
    0x00000fd4   0x00000fd4   0x0000000e   Code   RO         4476    i.__scatterload_copy  mc_p.l(handlers.o)
    0x00000fe2   0x00000fe2   0x00000002   Code   RO         4477    i.__scatterload_null  mc_p.l(handlers.o)
    0x00000fe4   0x00000fe4   0x0000000e   Code   RO         4478    i.__scatterload_zeroinit  mc_p.l(handlers.o)
    0x00000ff2   0x00000ff2   0x00000046   Code   RO         3462    i.__user_font_get_bitmap  lv_font_16.o
    0x00001038   0x00001038   0x00000062   Code   RO         3463    i.__user_font_get_glyph_dsc  lv_font_16.o
    0x0000109a   0x0000109a   0x00000024   Code   RO         1053    i.adc_delay_us      adc.o
    0x000010be   0x000010be   0x00000018   Code   RO          169    i.aon_wakeup_irq_cfg  aon.o
    0x000010d6   0x000010d6   0x0000002a   Code   RO         3464    i.binsearch         lv_font_16.o
    0x00001100   0x00001100   0x00000034   Code   RO         1750    i.charger_init      charger.o
    0x00001134   0x00001134   0x000000b8   Code   RO         1751    i.charger_process   charger.o
    0x000011ec   0x000011ec   0x00000016   Code   RO         2589    i.delay_1ms         lcd_driver.o
    0x00001202   0x00001202   0x00000010   Code   RO         2301    i.delay_1us         dpi_common.o
    0x00001212   0x00001212   0x00000014   Code   RO         2590    i.delay_ms          lcd_driver.o
    0x00001226   0x00001226   0x00000002   PAD
    0x00001228   0x00001228   0x00000024   Code   RO         2386    i.gecko_ahb2qspi_ctrl_irq_handler  xt25f32.o
    0x0000124c   0x0000124c   0x00000010   Code   RO         2387    i.gecko_aon_wakeup_irq_handler  xt25f32.o
    0x0000125c   0x0000125c   0x00000014   Code   RO          291    i.gecko_cmu_init    cmu.o
    0x00001270   0x00001270   0x000001b8   Code   RO          324    i.gecko_pinmux_config  iomux.o
    0x00001428   0x00001428   0x00000010   Code   RO          325    i.gecko_pinmux_default_config  iomux.o
    0x00001438   0x00001438   0x00000024   Code   RO         1277    i.gecko_timer1_irq_handler  timer.o
    0x0000145c   0x0000145c   0x0000003c   Code   RO          732    i.gpio_set_output   gpio.o
    0x00001498   0x00001498   0x00000024   Code   RO          733    i.gpio_set_value    gpio.o
    0x000014bc   0x000014bc   0x00000008   Code   RO           20    i.hal_nvic_clear_pending_irq  system_initial.o
    0x000014c4   0x000014c4   0x00000008   Code   RO           22    i.hal_nvic_enable_irq  system_initial.o
    0x000014cc   0x000014cc   0x00000008   Code   RO           25    i.hal_nvic_set_priority  system_initial.o
    0x000014d4   0x000014d4   0x00000024   Code   RO         1149    i.lcd_dma_8bit_refresh  spi.o
    0x000014f8   0x000014f8   0x00000024   Code   RO         1150    i.lcd_dma_refresh_colorblock  spi.o
    0x0000151c   0x0000151c   0x0000019c   Code   RO         3569    i.main              main.o
    0x000016b8   0x000016b8   0x00000006   Code   RO           26    i.pEnterCriticalSection  system_initial.o
    0x000016be   0x000016be   0x00000004   Code   RO           27    i.pExitCriticalSection  system_initial.o
    0x000016c2   0x000016c2   0x00000080   Code   RO         1755    i.pid_update        charger.o
    0x00001742   0x00001742   0x00000002   PAD
    0x00001744   0x00001744   0x00000030   Code   RO         3033    i.sc_gui_init       sc_gui.o
    0x00001774   0x00001774   0x000000c8   Code   RO         2950    i.sc_task_loop      sc_event_task.o
    0x0000183c   0x0000183c   0x00000020   Code   RO         3890    i.ui_paint_color_circle  ui.o
    0x0000185c   0x0000185c   0x00000aa6   Data   RO         3465    .constdata          lv_font_16.o
    0x00002302   0x00002302   0x00000002   PAD
    0x00002304   0x00002304   0x00000318   Data   RO         3466    .constdata          lv_font_16.o
    0x0000261c   0x0000261c   0x000000c8   Data   RO         3467    .constdata          lv_font_16.o
    0x000026e4   0x000026e4   0x00000014   Data   RO         3468    .constdata          lv_font_16.o
    0x000026f8   0x000026f8   0x00008000   Data   RO         3663    .constdata          img_star_32b.o
    0x0000a6f8   0x0000a6f8   0x00008000   Data   RO         3720    .constdata          charging_32bit.o
    0x000126f8   0x000126f8   0x00008000   Data   RO         3736    .constdata          img_battery_32b.o
    0x0001a6f8   0x0001a6f8   0x00004e20   Data   RO         3759    .constdata          ui_circle_100x100.o
    0x0001f518   0x0001f518   0x00002274   Data   RO         4092    .constdata          bat_90x49.o
    0x0002178c   0x0002178c   0x00000030   Data   RO         4474    Region$$Table       anon$$obj.o


    Execution Region RW_IRAM1 (Exec base: 0x20000000, Load base: 0x000217bc, Size: 0x00000128, Max: 0x00001000, ABSOLUTE)

    Exec Addr    Load Addr    Size         Type   Attr      Idx    E Section Name        Object

    0x20000000   0x000217bc   0x0000000c   Data   RW          174    .data               aon.o
    0x2000000c   0x000217c8   0x0000000c   Data   RW          383    .data               isr.o
    0x20000018   0x000217d4   0x00000004   Data   RW         1278    .data               timer.o
    0x2000001c   0x000217d8   0x00000002   Data   RW         1587    .data               dma.o
    0x2000001e   0x000217da   0x00000002   PAD
    0x20000020   0x000217dc   0x0000000c   Data   RW         2953    .data               sc_event_task.o
    0x2000002c   0x000217e8   0x00000004   Data   RW         3037    .data               sc_gui.o
    0x20000030   0x000217ec   0x0000001c   Data   RW         3469    .data               lv_font_16.o
    0x2000004c   0x00021808   0x00000014   Data   RW         3470    .data               lv_font_16.o
    0x20000060        -       0x00000028   Zero   RW         1760    .bss                charger.o
    0x20000088        -       0x00000084   Zero   RW         2952    .bss                sc_event_task.o
    0x2000010c        -       0x0000001c   Zero   RW         3035    .bss                sc_gui.o


    Execution Region __RAM_CODE__ (Exec base: 0x20000128, Load base: 0x0002181c, Size: 0x000002dc, Max: 0xffffffff, ABSOLUTE)

    Exec Addr    Load Addr    Size         Type   Attr      Idx    E Section Name        Object

    0x20000128   0x0002181c   0x0000000c   Ven    RO         4486    Veneer$$Code        anon$$obj.o
    0x20000134   0x00021828   0x0000000c   Ven    RO         4487    Veneer$$Code        anon$$obj.o
    0x20000140   0x00021834   0x0000000c   Ven    RO         4488    Veneer$$Code        anon$$obj.o
    0x2000014c   0x00021840   0x00000040   Code   RO          382    ram_code            isr.o
    0x2000018c   0x00021880   0x00000040   Code   RO         1586    ram_code            dma.o
    0x200001cc   0x000218c0   0x0000001c   Code   RO         2311    ram_code            dpi_common.o
    0x200001e8   0x000218dc   0x0000021c   Code   RO         2408    ram_code            xt25f32.o


==============================================================================

Image component sizes


      Code (inc. data)   RO Data    RW Data    ZI Data      Debug   Object Name

       164         32          0          0          0       1614   adc.o
       176         18          0         12          0       1847   aon.o
         0          0       8820          0          0        563   bat_90x49.o
       380         54          0          0         40       4811   charger.o
         0          0      32768          0          0        624   charging_32bit.o
        20          4          0          0          0        833   cmu.o
       172         18          0          2          0       2639   dma.o
        44          0          0          0          0       2234   dpi_common.o
        96         16          0          0          0       1952   gpio.o
         0          0      32768          0          0        601   img_battery_32b.o
         0          0      32768          0          0        592   img_star_32b.o
       482         38          0          0          0       8464   iomux.o
       162         20          0         12          0      11154   isr.o
         2          0          0          0          0        375   key_process.o
       988         24          0          0          0       8589   lcd_driver.o
         0          0          0          0          0       1904   lv_font_12.o
       210          0       3738         48          0       2961   lv_font_16.o
       448         56          0          0          0       1472   main.o
         0          0          0          0          0       1952   sc_arc.o
       252         12          0         12        132       3221   sc_event_task.o
        48          8          0          4         28       7672   sc_gui.o
       420         62          0          0          0       5619   spi.o
        28          4        192          0          0        780   startup_cm0.o
       150         20          0          0          0      20545   system_initial.o
        48         10          0          0          0        553   systick.o
        52         16          0          4          0       1805   timer.o
       416         46          0          0          0       3744   uart.o
        32          8          0          0          0        412   ui.o
         0          0      20000          0          0        596   ui_circle_100x100.o
       592         40          0          0          0       3095   xt25f32.o

    ----------------------------------------------------------------------
      5480        534     131104         96        200     103223   Object Totals
        84         28         48          0          0          0   (incl. Generated)
        14          0          2          2          0          0   (incl. Padding)

    ----------------------------------------------------------------------

      Code (inc. data)   RO Data    RW Data    ZI Data      Debug   Library Member Name

         0          0          0          0          0          0   entry.o
         0          0          0          0          0          0   entry10a.o
         0          0          0          0          0          0   entry11a.o
         8          4          0          0          0          0   entry2.o
         4          0          0          0          0          0   entry5.o
         0          0          0          0          0          0   entry7b.o
         0          0          0          0          0          0   entry8b.o
         8          4          0          0          0          0   entry9a.o
        30          0          0          0          0          0   handlers.o
        36          8          0          0          0         68   init.o
         0          0          0          0          0          0   iusefp.o
        32          0          0          0          0         68   llshl.o
        34          0          0          0          0         68   llushr.o
        44          0          0          0          0         72   uidiv.o
        20          0          0          0          0         60   uread4.o
        20          0          0          0          0         68   cfcmple.o
        20          0          0          0          0         68   cfrcmple.o
       236          0          0          0          0        216   depilogue.o
        72         10          0          0          0         72   dfixi.o
        40          6          0          0          0         68   dflti.o
       208          6          0          0          0         88   dmul.o
       178          0          0          0          0        108   fadd.o
       130          0          0          0          0        144   fepilogue.o
        50          0          0          0          0         60   ffixi.o
       122          0          0          0          0         72   fmul.o

    ----------------------------------------------------------------------
      1296         38          0          0          0       1300   Library Totals
         4          0          0          0          0          0   (incl. Padding)

    ----------------------------------------------------------------------

      Code (inc. data)   RO Data    RW Data    ZI Data      Debug   Library Name

       216         16          0          0          0        336   mc_p.l
      1076         22          0          0          0        964   mf_p.l

    ----------------------------------------------------------------------
      1296         38          0          0          0       1300   Library Totals

    ----------------------------------------------------------------------

==============================================================================


      Code (inc. data)   RO Data    RW Data    ZI Data      Debug   

      6776        572     131104         96        200     100479   Grand Totals
      6776        572     131104         96        200     100479   ELF Image Totals
      6776        572     131104         96          0          0   ROM Totals

==============================================================================

    Total RO  Size (Code + RO Data)               137880 ( 134.65kB)
    Total RW  Size (RW Data + ZI Data)               296 (   0.29kB)
    Total ROM Size (Code + RO Data + RW Data)     137976 ( 134.74kB)

==============================================================================

