Component: ARM Compiler 5.06 update 6 (build 750) Tool: armlink [4d35ed]

==============================================================================

Section Cross References

    startup_cm0.o(RESET) refers to startup_cm0.o(.text) for Reset_Handler
    startup_cm0.o(RESET) refers to isr.o(i.NMI_Handler) for NMI_Handler
    startup_cm0.o(RESET) refers to isr.o(i.HardFault_Handler) for HardFault_Handler
    startup_cm0.o(RESET) refers to isr.o(i.SVC_Handler) for SVC_Handler
    startup_cm0.o(RESET) refers to isr.o(i.PendSV_Handler) for PendSV_Handler
    startup_cm0.o(RESET) refers to isr.o(ram_code) for SysTick_Handler
    startup_cm0.o(RESET) refers to isr.o(i.UART0_IRQHandler) for UART0_IRQHandler
    startup_cm0.o(RESET) refers to isr.o(i.UART1_IRQHandler) for UART1_IRQHandler
    startup_cm0.o(RESET) refers to isr.o(i.TIMER0_IRQHandler) for TIMER0_IRQHandler
    startup_cm0.o(RESET) refers to isr.o(i.TIMER1_IRQHandler) for TIMER1_IRQHandler
    startup_cm0.o(RESET) refers to isr.o(i.WDT_IRQHandler) for WDT_IRQHandler
    startup_cm0.o(RESET) refers to isr.o(i.APB_SPI0_IRQnHandler) for APB_SPI0_IRQnHandler
    startup_cm0.o(RESET) refers to isr.o(i.APB_SPI1_IRQnHandler) for APB_SPI1_IRQnHandler
    startup_cm0.o(RESET) refers to isr.o(i.QSPI_CTRL_IRQHandler) for QSPI_CTRL_IRQHandler
    startup_cm0.o(RESET) refers to isr.o(i.iWDT_IRQHandler) for iWDT_IRQHandler
    startup_cm0.o(RESET) refers to isr.o(i.GPIO_A5_IRQHandler) for GPIO_A5_IRQHandler
    startup_cm0.o(RESET) refers to isr.o(i.GPIO_B6_IRQHandler) for GPIO_B6_IRQHandler
    startup_cm0.o(RESET) refers to isr.o(i.AON_WKUP_IRQHandler) for AON_WKUP_IRQHandler
    startup_cm0.o(RESET) refers to isr.o(i.CMU2AHB_IRQHandler) for CMU2AHB_IRQHandler
    startup_cm0.o(.text) refers to entry.o(.ARM.Collect$$$$00000000) for __main
    system_initial.o(i.hal_nvic_clear_pending_irq) refers to system_initial.o(i.NVIC_ClearPendingIRQ) for NVIC_ClearPendingIRQ
    system_initial.o(i.hal_nvic_disable_irq) refers to system_initial.o(i.NVIC_DisableIRQ) for NVIC_DisableIRQ
    system_initial.o(i.hal_nvic_enable_irq) refers to system_initial.o(i.NVIC_EnableIRQ) for NVIC_EnableIRQ
    system_initial.o(i.hal_nvic_get_pending_irq) refers to system_initial.o(i.NVIC_GetPendingIRQ) for NVIC_GetPendingIRQ
    system_initial.o(i.hal_nvic_set_pending_irq) refers to system_initial.o(i.NVIC_SetPendingIRQ) for NVIC_SetPendingIRQ
    system_initial.o(i.hal_nvic_set_priority) refers to system_initial.o(i.NVIC_SetPriority) for NVIC_SetPriority
    aon.o(i.Analog_Ctrl_1_Init) refers to dpi_common.o(ram_code) for reg_write
    aon.o(i.Analog_Ctrl_1_Init) refers to aon.o(.data) for .data
    aon.o(i.BSR1901_GPIO_WakeUp_From_DeepSleep) refers to dpi_common.o(ram_code) for reg_read
    aon.o(i.BSR1901_GPIO_WakeUp_From_DeepSleep) refers to xt25f32.o(i.h2l_wr_busy) for h2l_wr_busy
    aon.o(i.ConfigPort_AnalogFunction) refers to dpi_common.o(ram_code) for reg_read
    aon.o(i.GEK1109_PAD_pullup_pulldown_Config) refers to dpi_common.o(ram_code) for reg_read
    aon.o(i.GEK_Retention_Reg_Access) refers to dpi_common.o(ram_code) for reg_write
    aon.o(i.GPIO_WakeUp_Setting) refers to dpi_common.o(ram_code) for reg_read
    aon.o(i.GPIO_WakeUp_Setting) refers to aon.o(.data) for .data
    aon.o(i.LDO18_Ctrl) refers to dpi_common.o(ram_code) for reg_read
    aon.o(i.LDO18_Ctrl) refers to aon.o(.data) for .data
    aon.o(i.LDO33_AUX_Disable) refers to dpi_common.o(ram_code) for reg_read
    aon.o(i.LDO33_AUX_Enable) refers to dpi_common.o(ram_code) for reg_read
    aon.o(i.LDO33_OUT_Ctrl) refers to dpi_common.o(ram_code) for reg_read
    aon.o(i.LDO33_OUT_Ctrl) refers to aon.o(.data) for .data
    aon.o(i.Osc32M_Freq_Trimming) refers to dpi_common.o(ram_code) for reg_read
    aon.o(i.Osc32M_Freq_Trimming) refers to aon.o(.data) for .data
    aon.o(i.aon_reg_wr_busy) refers to dpi_common.o(ram_code) for reg_read
    aon.o(i.aon_reg_wr_busy) refers to xt25f32.o(i.h2l_wr_busy) for h2l_wr_busy
    aon.o(i.aon_reg_wr_no_busy_ctrl) refers to dpi_common.o(ram_code) for reg_read
    aon.o(i.aon_reg_wr_no_busy_ctrl) refers to xt25f32.o(i.h2l_wr_busy) for h2l_wr_busy
    aon.o(i.aon_wakeup_irq_cfg) refers to system_initial.o(i.hal_nvic_clear_pending_irq) for hal_nvic_clear_pending_irq
    aon.o(i.aon_wakeup_irq_cfg) refers to system_initial.o(i.hal_nvic_set_priority) for hal_nvic_set_priority
    aon.o(i.aon_wakeup_irq_cfg) refers to system_initial.o(i.hal_nvic_enable_irq) for hal_nvic_enable_irq
    aon.o(i.bsr1901_adc_8_9_analog_port) refers to dpi_common.o(ram_code) for reg_write
    aon.o(i.gecko_rootnode_clk32k_cfg) refers to dpi_common.o(ram_code) for reg_read
    aon.o(i.gecko_rootnode_clk32k_cfg) refers to dpi_common.o(i.delay_1us) for delay_1us
    aon.o(i.gecko_rootnode_osc32mclk_cfg) refers to dpi_common.o(ram_code) for reg_read
    aon.o(i.gecko_rootnode_osc32mclk_cfg) refers to dpi_common.o(i.delay_1us) for delay_1us
[...]
    ../clib/microlib/init/entry.s            0x00000000   Number         0  entry8a.o ABSOLUTE
    ../clib/microlib/init/entry.s            0x00000000   Number         0  entry7a.o ABSOLUTE
    ../clib/microlib/init/entry.s            0x00000000   Number         0  entry5.o ABSOLUTE
    ../clib/microlib/init/entry.s            0x00000000   Number         0  entry11b.o ABSOLUTE
    ../clib/microlib/init/entry.s            0x00000000   Number         0  entry11a.o ABSOLUTE
    ../clib/microlib/init/entry.s            0x00000000   Number         0  entry2.o ABSOLUTE
    ../clib/microlib/init/entry.s            0x00000000   Number         0  entry10b.o ABSOLUTE
    ../clib/microlib/init/entry.s            0x00000000   Number         0  entry10a.o ABSOLUTE
    ../clib/microlib/init/entry.s            0x00000000   Number         0  entry9b.o ABSOLUTE
    ../clib/microlib/longlong.c              0x00000000   Number         0  llsshr.o ABSOLUTE
    ../clib/microlib/longlong.c              0x00000000   Number         0  llushr.o ABSOLUTE
    ../clib/microlib/longlong.c              0x00000000   Number         0  llshl.o ABSOLUTE
    ../clib/microlib/malloc/malloc.c         0x00000000   Number         0  mallocr.o ABSOLUTE
    ../clib/microlib/malloc/malloc.c         0x00000000   Number         0  malloca.o ABSOLUTE
    ../clib/microlib/malloc/malloc.c         0x00000000   Number         0  mallocra.o ABSOLUTE
    ../clib/microlib/malloc/malloc.c         0x00000000   Number         0  malloc.o ABSOLUTE
    ../clib/microlib/malloc/mvars.c          0x00000000   Number         0  mvars.o ABSOLUTE
    ../clib/microlib/printf/printf.c         0x00000000   Number         0  printf0.o ABSOLUTE
    ../clib/microlib/printf/printf.c         0x00000000   Number         0  printfb.o ABSOLUTE
    ../clib/microlib/printf/printf.c         0x00000000   Number         0  printf3.o ABSOLUTE
    ../clib/microlib/printf/printf.c         0x00000000   Number         0  printfa.o ABSOLUTE
    ../clib/microlib/printf/printf.c         0x00000000   Number         0  printf8.o ABSOLUTE
    ../clib/microlib/printf/printf.c         0x00000000   Number         0  printf7.o ABSOLUTE
    ../clib/microlib/printf/printf.c         0x00000000   Number         0  printf6.o ABSOLUTE
    ../clib/microlib/printf/printf.c         0x00000000   Number         0  printf5.o ABSOLUTE
    ../clib/microlib/printf/printf.c         0x00000000   Number         0  printf4.o ABSOLUTE
    ../clib/microlib/printf/printf.c         0x00000000   Number         0  printf2.o ABSOLUTE
    ../clib/microlib/printf/printf.c         0x00000000   Number         0  printf1.o ABSOLUTE
    ../clib/microlib/printf/stubs.s          0x00000000   Number         0  stubs.o ABSOLUTE
    ../clib/microlib/stdio/streams.c         0x00000000   Number         0  stdout.o ABSOLUTE
    ../clib/microlib/string/memcpy.c         0x00000000   Number         0  memcpyb.o ABSOLUTE
    ../clib/microlib/string/memcpy.c         0x00000000   Number         0  memcpya.o ABSOLUTE
    ../clib/microlib/string/memset.c         0x00000000   Number         0  memseta.o ABSOLUTE
    ../clib/microlib/stubs.s                 0x00000000   Number         0  iusefp.o ABSOLUTE
    ../clib/microlib/unhosted.c              0x00000000   Number         0  uread4.o ABSOLUTE
    ../fplib/microlib/fpadd.c                0x00000000   Number         0  fadd.o ABSOLUTE
    ../fplib/microlib/fpadd.c                0x00000000   Number         0  dadd.o ABSOLUTE
    ../fplib/microlib/fpdiv.c                0x00000000   Number         0  ddiv.o ABSOLUTE
    ../fplib/microlib/fpepilogue.c           0x00000000   Number         0  depilogue.o ABSOLUTE
    ../fplib/microlib/fpepilogue.c           0x00000000   Number         0  fepilogue.o ABSOLUTE
    ../fplib/microlib/fpfix.c                0x00000000   Number         0  dfixul.o ABSOLUTE
    ../fplib/microlib/fpfix.c                0x00000000   Number         0  dfixui.o ABSOLUTE
    ../fplib/microlib/fpfix.c                0x00000000   Number         0  dfixi.o ABSOLUTE
    ../fplib/microlib/fpfix.c                0x00000000   Number         0  ffixi.o ABSOLUTE
    ../fplib/microlib/fpflt.c                0x00000000   Number         0  dfltui.o ABSOLUTE
    ../fplib/microlib/fpflt.c                0x00000000   Number         0  dflti.o ABSOLUTE
    ../fplib/microlib/fpflt.c                0x00000000   Number         0  ffltui.o ABSOLUTE
    ../fplib/microlib/fpmul.c                0x00000000   Number         0  fmul.o ABSOLUTE
    ../fplib/microlib/fpmul.c                0x00000000   Number         0  dmul.o ABSOLUTE
    RLE_decompression\rle_dec.c              0x00000000   Number         0  rle_dec.o ABSOLUTE
    SCGUI\bmp\bashen.c                       0x00000000   Number         0  bashen.o ABSOLUTE
    SCGUI\bmp\test_img.c                     0x00000000   Number         0  test_img.o ABSOLUTE
    SCGUI\bmp\watch_106_64.c                 0x00000000   Number         0  watch_106_64.o ABSOLUTE
    SCGUI\example\sc_demo_test.c             0x00000000   Number         0  sc_demo_test.o ABSOLUTE
    SCGUI\font\lv_font_12.c                  0x00000000   Number         0  lv_font_12.o ABSOLUTE
    SCGUI\font\lv_font_16.c                  0x00000000   Number         0  lv_font_16.o ABSOLUTE
    SCGUI\font\lv_font_20.c                  0x00000000   Number         0  lv_font_20.o ABSOLUTE
    SCGUI\sc_arc.c                           0x00000000   Number         0  sc_arc.o ABSOLUTE
    SCGUI\sc_common.c                        0x00000000   Number         0  sc_common.o ABSOLUTE
    SCGUI\sc_compose.c                       0x00000000   Number         0  sc_compose.o ABSOLUTE
    SCGUI\sc_event_task.c                    0x00000000   Number         0  sc_event_task.o ABSOLUTE
    SCGUI\sc_gui.c                           0x00000000   Number         0  sc_gui.o ABSOLUTE
    SCGUI\sc_keyboard.c                      0x00000000   Number         0  sc_keyboard.o ABSOLUTE
    SCGUI\sc_lvgl_font.c                     0x00000000   Number         0  sc_lvgl_font.o ABSOLUTE
    SCGUI\sc_menu.c                          0x00000000   Number         0  sc_menu.o ABSOLUTE
    SCGUI\sc_transform.c                     0x00000000   Number         0  sc_transform.o ABSOLUTE
    bms\ip2366\bms_ip2366.c                  0x00000000   Number         0  bms_ip2366.o ABSOLUTE
    cdrcmple.s                               0x00000000   Number         0  cdrcmple.o ABSOLUTE
    cfcmple.s                                0x00000000   Number         0  cfcmple.o ABSOLUTE
    cfrcmple.s                               0x00000000   Number         0  cfrcmple.o ABSOLUTE
    dc.s                                     0x00000000   Number         0  dc.o ABSOLUTE
    handlers.s                               0x00000000   Number         0  handlers.o ABSOLUTE
    img_res\120x240.c                        0x00000000   Number         0  120x240.o ABSOLUTE
    img_res\120x240_1.c                      0x00000000   Number         0  120x240_1.o ABSOLUTE
    img_res\120x240_1_32bit.c                0x00000000   Number         0  120x240_1_32bit.o ABSOLUTE
    img_res\120x240_32bit.c                  0x00000000   Number         0  120x240_32bit.o ABSOLUTE
    img_res\bat_64x35.c                      0x00000000   Number         0  bat_64x35.o ABSOLUTE
    img_res\bat_90x49.c                      0x00000000   Number         0  bat_90x49.o ABSOLUTE
    img_res\bat_percent_162x43.c             0x00000000   Number         0  bat_percent_162x43.o ABSOLUTE
    img_res\black_128x128.c                  0x00000000   Number         0  black_128x128.o ABSOLUTE
    img_res\charging.c                       0x00000000   Number         0  charging.o ABSOLUTE
    img_res\charging_32bit.c                 0x00000000   Number         0  charging_32bit.o ABSOLUTE
    img_res\fire_eye_img.c                   0x00000000   Number         0  fire_eye_img.o ABSOLUTE
    img_res\font_0_9_digital_32b.c           0x00000000   Number         0  font_0_9_digital_32b.o ABSOLUTE
    img_res\font_A_z_32b.c                   0x00000000   Number         0  font_a_z_32b.o ABSOLUTE
    img_res\img.c                            0x00000000   Number         0  img.o ABSOLUTE
    img_res\img_battery.c                    0x00000000   Number         0  img_battery.o ABSOLUTE
    img_res\img_battery_32b.c                0x00000000   Number         0  img_battery_32b.o ABSOLUTE
    img_res\img_cake.c                       0x00000000   Number         0  img_cake.o ABSOLUTE
    img_res\img_cake_32b.c                   0x00000000   Number         0  img_cake_32b.o ABSOLUTE
    img_res\img_star.c                       0x00000000   Number         0  img_star.o ABSOLUTE
    img_res\img_star_32b.c                   0x00000000   Number         0  img_star_32b.o ABSOLUTE
    img_res\ui_circle_100x100.c              0x00000000   Number         0  ui_circle_100x100.o ABSOLUTE
    init.s                                   0x00000000   Number         0  init.o ABSOLUTE
    norflash\xtxflash\dpi_common.c           0x00000000   Number         0  dpi_common.o ABSOLUTE
    norflash\xtxflash\xt25f32.c              0x00000000   Number         0  xt25f32.o ABSOLUTE
    peripheral\adc.c                         0x00000000   Number         0  adc.o ABSOLUTE
    peripheral\aon.c                         0x00000000   Number         0  aon.o ABSOLUTE
    peripheral\charger.c                     0x00000000   Number         0  charger.o ABSOLUTE
    peripheral\cmu.c                         0x00000000   Number         0  cmu.o ABSOLUTE
    peripheral\dma.c                         0x00000000   Number         0  dma.o ABSOLUTE
    peripheral\efuse.c                       0x00000000   Number         0  efuse.o ABSOLUTE
    peripheral\gpio.c                        0x00000000   Number         0  gpio.o ABSOLUTE
    peripheral\gpio_i2c.c                    0x00000000   Number         0  gpio_i2c.o ABSOLUTE
    peripheral\iomux.c                       0x00000000   Number         0  iomux.o ABSOLUTE
    peripheral\isr.c                         0x00000000   Number         0  isr.o ABSOLUTE
    peripheral\mos.c                         0x00000000   Number         0  mos.o ABSOLUTE
    peripheral\opa.c                         0x00000000   Number         0  opa.o ABSOLUTE
    peripheral\pwm.c                         0x00000000   Number         0  pwm.o ABSOLUTE
    peripheral\spi.c                         0x00000000   Number         0  spi.o ABSOLUTE
    peripheral\spi2ahb.c                     0x00000000   Number         0  spi2ahb.o ABSOLUTE
    peripheral\systick.c                     0x00000000   Number         0  systick.o ABSOLUTE
    peripheral\timer.c                       0x00000000   Number         0  timer.o ABSOLUTE
    peripheral\uart.c                        0x00000000   Number         0  uart.o ABSOLUTE
    peripheral\watchdog.c                    0x00000000   Number         0  watchdog.o ABSOLUTE
    startup\startup_cm0.s                    0x00000000   Number         0  startup_cm0.o ABSOLUTE
    startup\system_initial.c                 0x00000000   Number         0  system_initial.o ABSOLUTE
    tft_lcd\lcd_driver.c                     0x00000000   Number         0  lcd_driver.o ABSOLUTE
    user\GUI.c                               0x00000000   Number         0  gui.o ABSOLUTE
    user\key_process.c                       0x00000000   Number         0  key_process.o ABSOLUTE
    user\main.c                              0x00000000   Number         0  main.o ABSOLUTE
    user\ui_app.c                            0x00000000   Number         0  ui_app.o ABSOLUTE
    .ARM.Collect$$$$00000000                 0x000000c0   Section        0  entry.o(.ARM.Collect$$$$00000000)
    .ARM.Collect$$$$00000001                 0x000000c0   Section        4  entry2.o(.ARM.Collect$$$$00000001)
    .ARM.Collect$$$$00000004                 0x000000c4   Section        4  entry5.o(.ARM.Collect$$$$00000004)
    .ARM.Collect$$$$00000008                 0x000000c8   Section        0  entry7b.o(.ARM.Collect$$$$00000008)
    .ARM.Collect$$$$0000000A                 0x000000c8   Section        0  entry8b.o(.ARM.Collect$$$$0000000A)
    .ARM.Collect$$$$0000000B                 0x000000c8   Section        8  entry9a.o(.ARM.Collect$$$$0000000B)
    .ARM.Collect$$$$0000000D                 0x000000d0   Section        0  entry10a.o(.ARM.Collect$$$$0000000D)
    .ARM.Collect$$$$0000000F                 0x000000d0   Section        0  entry11a.o(.ARM.Collect$$$$0000000F)
    .ARM.Collect$$$$00002712                 0x000000d0   Section        4  entry2.o(.ARM.Collect$$$$00002712)
    __lit__00000000                          0x000000d0   Data           4  entry2.o(.ARM.Collect$$$$00002712)
    .text                                    0x000000d4   Section       28  startup_cm0.o(.text)
    GPIO_A0_IRQHandler                       0x000000eb   Thumb Code     0  startup_cm0.o(.text)
    .text                                    0x000000f0   Section        0  uidiv.o(.text)
    .text                                    0x0000011c   Section        0  idiv.o(.text)
    .text                                    0x00000144   Section        0  uread4.o(.text)
    .text                                    0x00000158   Section        0  fadd.o(.text)
    .text                                    0x0000020a   Section        0  fmul.o(.text)
    .text                                    0x00000284   Section        0  dadd.o(.text)
    .text                                    0x000003e8   Section        0  dmul.o(.text)
    .text                                    0x000004b8   Section        0  ddiv.o(.text)
    .text                                    0x000005a8   Section        0  ffltui.o(.text)
    .text                                    0x000005b8   Section        0  dflti.o(.text)
    .text                                    0x000005e0   Section        0  ffixi.o(.text)
    .text                                    0x00000614   Section        0  dfixi.o(.text)
    .text                                    0x0000065c   Section       20  cfcmple.o(.text)
    .text                                    0x00000670   Section       20  cfrcmple.o(.text)
    .text                                    0x00000684   Section        0  uldiv.o(.text)
    .text                                    0x000006e4   Section        0  llshl.o(.text)
    .text                                    0x00000704   Section        0  llushr.o(.text)
    .text                                    0x00000726   Section        0  llsshr.o(.text)
    .text                                    0x0000074c   Section        0  fepilogue.o(.text)
    .text                                    0x0000074c   Section        0  iusefp.o(.text)
    .text                                    0x000007ce   Section        0  depilogue.o(.text)
    .text                                    0x0000088c   Section        0  dfixul.o(.text)
    .text                                    0x000008cc   Section       40  cdrcmple.o(.text)
    .text                                    0x000008f4   Section       36  init.o(.text)
    i.AON_WKUP_IRQHandler                    0x00000948   Section        0  isr.o(i.AON_WKUP_IRQHandler)
    i.APB_SPI0_IRQnHandler                   0x00000950   Section        0  isr.o(i.APB_SPI0_IRQnHandler)
    i.APB_SPI1_IRQnHandler                   0x00000958   Section        0  isr.o(i.APB_SPI1_IRQnHandler)
    i.BSR1901_GPIO_WakeUp_From_DeepSleep     0x0000095c   Section        0  aon.o(i.BSR1901_GPIO_WakeUp_From_DeepSleep)
    i.BSR1901_KEY1_Detect                    0x000009d0   Section        0  gpio.o(i.BSR1901_KEY1_Detect)
    i.BSR1901_KEY2_Detect                    0x000009f4   Section        0  gpio.o(i.BSR1901_KEY2_Detect)
    i.CMU2AHB_IRQHandler                     0x00000a18   Section        0  isr.o(i.CMU2AHB_IRQHandler)
    i.DMA_Configuration                      0x00000a1c   Section        0  dma.o(i.DMA_Configuration)
    i.DRV_GpioGetLevel_I2C                   0x00000a58   Section        0  gpio_i2c.o(i.DRV_GpioGetLevel_I2C)
    i.DRV_GpioSetDirection_I2C               0x00000a64   Section        0  gpio_i2c.o(i.DRV_GpioSetDirection_I2C)
    i.DRV_GpioSetLevel_I2C                   0x00000a76   Section        0  gpio_i2c.o(i.DRV_GpioSetLevel_I2C)
    i.DrawArcPoint                           0x00000a88   Section        0  gui.o(i.DrawArcPoint)
    DrawArcPoint                             0x00000a89   Thumb Code   150  gui.o(i.DrawArcPoint)
    i.GPIO_A5_IRQHandler                     0x00000b1e   Section        0  isr.o(i.GPIO_A5_IRQHandler)
    i.GPIO_B6_IRQHandler                     0x00000b20   Section        0  isr.o(i.GPIO_B6_IRQHandler)
    i.GPIO_InitIO                            0x00000b22   Section        0  gpio_i2c.o(i.GPIO_InitIO)
    i.GPIO_ReadIO                            0x00000b30   Section        0  gpio_i2c.o(i.GPIO_ReadIO)
    i.GPIO_WriteIO                           0x00000b44   Section        0  gpio_i2c.o(i.GPIO_WriteIO)
    i.GeckoGpadcGetRawData                   0x00000b54   Section        0  adc.o(i.GeckoGpadcGetRawData)
    i.Gecko_DMA_Transport                    0x00000e7c   Section        0  dma.o(i.Gecko_DMA_Transport)
    i.Gecko_Set_BaudRate                     0x00000eac   Section        0  uart.o(i.Gecko_Set_BaudRate)
    i.Gecko_Uart0_Send_Char                  0x00000f88   Section        0  uart.o(i.Gecko_Uart0_Send_Char)
    i.Get_SysTick_VALUE                      0x00000f98   Section        0  systick.o(i.Get_SysTick_VALUE)
    i.Get_Vbat_Voltage                       0x00000fa4   Section        0  adc.o(i.Get_Vbat_Voltage)
    i.Gui_DrawArc                            0x000010a8   Section        0  gui.o(i.Gui_DrawArc)
    i.Gui_DrawFillRect                       0x00001186   Section        0  gui.o(i.Gui_DrawFillRect)
    i.Gui_DrawLine_Fast                      0x000011b8   Section        0  gui.o(i.Gui_DrawLine_Fast)
    i.Gui_DrawPoint                          0x00001208   Section        0  lcd_driver.o(i.Gui_DrawPoint)
    i.Gui_DrawRect                           0x00001234   Section        0  gui.o(i.Gui_DrawRect)
    i.Gui_FillCircle                         0x00001282   Section        0  gui.o(i.Gui_FillCircle)
    i.Gui_ProgressBar                        0x00001320   Section        0  gui.o(i.Gui_ProgressBar)
    i.HW_SPI_Initialise                      0x00001388   Section        0  spi.o(i.HW_SPI_Initialise)
    i.HW_SPI_Interrupt_Handler               0x00001440   Section        0  spi.o(i.HW_SPI_Interrupt_Handler)
    i.HW_SPI_Tx_DMA                          0x00001470   Section        0  spi.o(i.HW_SPI_Tx_DMA)
    i.HW_SPI_Tx_DMA_16bit_ColorBlock         0x000014a8   Section        0  spi.o(i.HW_SPI_Tx_DMA_16bit_ColorBlock)
    i.HW_SPI_Tx_DMA_32bit                    0x000014d8   Section        0  spi.o(i.HW_SPI_Tx_DMA_32bit)
    i.HW_SPI_Tx_DMA_8bit                     0x00001510   Section        0  spi.o(i.HW_SPI_Tx_DMA_8bit)
    i.HardFault_Handler                      0x00001548   Section        0  isr.o(i.HardFault_Handler)
    i.LCD_GPIO_Init                          0x0000154a   Section        0  lcd_driver.o(i.LCD_GPIO_Init)
    i.LCD_WriteData_16Bit                    0x00001580   Section        0  lcd_driver.o(i.LCD_WriteData_16Bit)
    i.LDO33_AUX_Disable                      0x000015a0   Section        0  aon.o(i.LDO33_AUX_Disable)
    i.LDO33_AUX_Enable                       0x000015b8   Section        0  aon.o(i.LDO33_AUX_Enable)
    i.Lcd_Clear                              0x000015dc   Section        0  lcd_driver.o(i.Lcd_Clear)
    i.Lcd_Init                               0x000015f8   Section        0  lcd_driver.o(i.Lcd_Init)
    i.Lcd_Reset                              0x000018aa   Section        0  lcd_driver.o(i.Lcd_Reset)
    i.Lcd_SetRegion                          0x000018e0   Section        0  lcd_driver.o(i.Lcd_SetRegion)
    i.Lcd_WriteData                          0x00001918   Section        0  lcd_driver.o(i.Lcd_WriteData)
    i.Lcd_WriteIndex                         0x00001938   Section        0  lcd_driver.o(i.Lcd_WriteIndex)
    i.Lcd_Write_data_dma                     0x00001958   Section        0  spi.o(i.Lcd_Write_data_dma)
    i.NMI_Handler                            0x00001988   Section        0  isr.o(i.NMI_Handler)
    i.NVIC_ClearPendingIRQ                   0x0000198c   Section        0  system_initial.o(i.NVIC_ClearPendingIRQ)
    i.NVIC_EnableIRQ                         0x000019a4   Section        0  system_initial.o(i.NVIC_EnableIRQ)
    i.NVIC_SetPriority                       0x000019bc   Section        0  system_initial.o(i.NVIC_SetPriority)
    i.Osc32M_Freq_Trimming                   0x00001a00   Section        0  aon.o(i.Osc32M_Freq_Trimming)
    i.PendSV_Handler                         0x00001a7c   Section        0  isr.o(i.PendSV_Handler)
    i.QSPI_CTRL_IRQHandler                   0x00001a7e   Section        0  isr.o(i.QSPI_CTRL_IRQHandler)
    i.SVC_Handler                            0x00001a86   Section        0  isr.o(i.SVC_Handler)
    i.ShowNum_48                             0x00001a88   Section        0  ui_app.o(i.ShowNum_48)
    i.ShowPersent                            0x00001af0   Section        0  ui_app.o(i.ShowPersent)
    i.SysTick_Config                         0x00001b40   Section        0  systick.o(i.SysTick_Config)
    i.SystemInit                             0x00001b70   Section        0  main.o(i.SystemInit)
    i.TIMER0_IRQHandler                      0x00001b94   Section        0  isr.o(i.TIMER0_IRQHandler)
    i.TIMER1_IRQHandler                      0x00001b9c   Section        0  isr.o(i.TIMER1_IRQHandler)
    i.Task_BMS_Update                        0x00001ba4   Section        0  bms_ip2366.o(i.Task_BMS_Update)
    i.Task_Charger_Control                   0x00001c24   Section        0  charger.o(i.Task_Charger_Control)
    i.Task_KeyScan                           0x00001c34   Section        0  key_process.o(i.Task_KeyScan)
    i.Task_UI_Refresh                        0x00001d2c   Section        0  gui.o(i.Task_UI_Refresh)
    i.Timer0_Interrupt_Handler               0x00001d50   Section        0  timer.o(i.Timer0_Interrupt_Handler)
    i.UART0_IRQHandler                       0x00001d60   Section        0  isr.o(i.UART0_IRQHandler)
    i.UART0_Interrupt_Handler                0x00001d68   Section        0  uart.o(i.UART0_Interrupt_Handler)
    i.UART1_IRQHandler                       0x00001d9c   Section        0  isr.o(i.UART1_IRQHandler)
    i.UART1_Interrupt_Handler                0x00001da4   Section        0  uart.o(i.UART1_Interrupt_Handler)
    i.Uart_16550_Initialise                  0x00001dd8   Section        0  uart.o(i.Uart_16550_Initialise)
    i.WDT_IRQHandler                         0x00001e34   Section        0  isr.o(i.WDT_IRQHandler)
    i.__0printf                              0x00001e54   Section        0  printfa.o(i.__0printf)
    i.__ARM_clz                              0x00001e74   Section        0  depilogue.o(i.__ARM_clz)
    i.__ARM_common_switch8                   0x00001ea2   Section        0  iomux.o(i.__ARM_common_switch8)
    i.__scatterload_copy                     0x00001ebc   Section       14  handlers.o(i.__scatterload_copy)
    i.__scatterload_null                     0x00001eca   Section        2  handlers.o(i.__scatterload_null)
    i.__scatterload_zeroinit                 0x00001ecc   Section       14  handlers.o(i.__scatterload_zeroinit)
    i._fp_digits                             0x00001edc   Section        0  printfa.o(i._fp_digits)
    _fp_digits                               0x00001edd   Thumb Code   344  printfa.o(i._fp_digits)
    i._printf_core                           0x00002050   Section        0  printfa.o(i._printf_core)
    _printf_core                             0x00002051   Thumb Code  1754  printfa.o(i._printf_core)
    i._printf_post_padding                   0x0000273c   Section        0  printfa.o(i._printf_post_padding)
    _printf_post_padding                     0x0000273d   Thumb Code    32  printfa.o(i._printf_post_padding)
    i._printf_pre_padding                    0x0000275c   Section        0  printfa.o(i._printf_pre_padding)
    _printf_pre_padding                      0x0000275d   Thumb Code    44  printfa.o(i._printf_pre_padding)
    i.adc_delay_us                           0x00002788   Section        0  adc.o(i.adc_delay_us)
    i.aon_wakeup_irq_cfg                     0x0000279e   Section        0  aon.o(i.aon_wakeup_irq_cfg)
    i.bsr1901_prepare_sleep_for_pin_wakeup   0x000027b8   Section        0  xt25f32.o(i.bsr1901_prepare_sleep_for_pin_wakeup)
    i.charger_init                           0x00002820   Section        0  charger.o(i.charger_init)
    i.charger_process                        0x00002854   Section        0  charger.o(i.charger_process)
    i.delay_1ms                              0x00002938   Section        0  lcd_driver.o(i.delay_1ms)
    i.delay_1us                              0x0000294e   Section        0  dpi_common.o(i.delay_1us)
    i.delay_ms                               0x0000295e   Section        0  lcd_driver.o(i.delay_ms)
    i.fputc                                  0x00002972   Section        0  uart.o(i.fputc)
    i.gecko_ahb2qspi_ctrl_irq_handler        0x00002980   Section        0  xt25f32.o(i.gecko_ahb2qspi_ctrl_irq_handler)
    i.gecko_aon_wakeup_irq_handler           0x000029a4   Section        0  xt25f32.o(i.gecko_aon_wakeup_irq_handler)
    i.gecko_cmu_init                         0x000029b4   Section        0  cmu.o(i.gecko_cmu_init)
    i.gecko_pinmux_config                    0x000029c8   Section        0  iomux.o(i.gecko_pinmux_config)
    i.gecko_pinmux_default_config            0x00002b80   Section        0  iomux.o(i.gecko_pinmux_default_config)
    i.gecko_timer1_irq_handler               0x00002b90   Section        0  timer.o(i.gecko_timer1_irq_handler)
    i.get_chg_vbus_voltage                   0x00002bb4   Section        0  bms_ip2366.o(i.get_chg_vbus_voltage)
    i.get_ipxs_state                         0x00002d0c   Section        0  bms_ip2366.o(i.get_ipxs_state)
    i.get_voltage_battery                    0x00002d68   Section        0  bms_ip2366.o(i.get_voltage_battery)
    i.get_voltage_vsys                       0x00002d98   Section        0  bms_ip2366.o(i.get_voltage_vsys)
    i.gpio_i2c_RxByte                        0x00002dc8   Section        0  gpio_i2c.o(i.gpio_i2c_RxByte)
    i.gpio_i2c_TxByte                        0x00002e56   Section        0  gpio_i2c.o(i.gpio_i2c_TxByte)
    i.gpio_i2c_rdabt_rf_read_data            0x00002f08   Section        0  gpio_i2c.o(i.gpio_i2c_rdabt_rf_read_data)
    i.gpio_i2c_start                         0x00002f60   Section        0  gpio_i2c.o(i.gpio_i2c_start)
    i.gpio_i2c_stop                          0x00002fbc   Section        0  gpio_i2c.o(i.gpio_i2c_stop)
    i.gpio_set_output                        0x00003010   Section        0  gpio.o(i.gpio_set_output)
    i.gpio_set_value                         0x0000304c   Section        0  gpio.o(i.gpio_set_value)
    i.h2l_wr_busy                            0x00003070   Section        0  xt25f32.o(i.h2l_wr_busy)
    i.hal_GpioClr                            0x00003098   Section        0  gpio_i2c.o(i.hal_GpioClr)
    i.hal_GpioGet                            0x000030c8   Section        0  gpio_i2c.o(i.hal_GpioGet)
    i.hal_GpioSet                            0x000030f8   Section        0  gpio_i2c.o(i.hal_GpioSet)
    i.hal_GpioSetIn                          0x00003128   Section        0  gpio_i2c.o(i.hal_GpioSetIn)
    i.hal_GpioSetOut                         0x0000314c   Section        0  gpio_i2c.o(i.hal_GpioSetOut)
    i.hal_get_icharge_ma                     0x00003170   Section        0  charger.o(i.hal_get_icharge_ma)
    i.hal_nvic_clear_pending_irq             0x0000317a   Section        0  system_initial.o(i.hal_nvic_clear_pending_irq)
    i.hal_nvic_enable_irq                    0x00003182   Section        0  system_initial.o(i.hal_nvic_enable_irq)
    i.hal_nvic_set_priority                  0x0000318a   Section        0  system_initial.o(i.hal_nvic_set_priority)
    i.iWDT_IRQHandler                        0x00003194   Section        0  isr.o(i.iWDT_IRQHandler)
    i.iWDT_Timer_Disable                     0x000031a8   Section        0  watchdog.o(i.iWDT_Timer_Disable)
    i.ipxs_readByte                          0x000031c4   Section        0  bms_ip2366.o(i.ipxs_readByte)
    i.lcd_dma_refresh_colorblock             0x000031d8   Section        0  spi.o(i.lcd_dma_refresh_colorblock)
    i.main                                   0x000031fc   Section        0  main.o(i.main)
    i.manba_task_cpu_goto_sleep              0x000033d0   Section        0  xt25f32.o(i.manba_task_cpu_goto_sleep)
    i.mi_tou_detect                          0x000033e4   Section        0  gpio.o(i.mi_tou_detect)
    i.pEnterCriticalSection                  0x00003408   Section        0  system_initial.o(i.pEnterCriticalSection)
    i.pExitCriticalSection                   0x0000340e   Section        0  system_initial.o(i.pExitCriticalSection)
    i.pid_update                             0x00003412   Section        0  charger.o(i.pid_update)
    i.tc_gecko_cm0_aon_sleep                 0x00003494   Section        0  xt25f32.o(i.tc_gecko_cm0_aon_sleep)
    i.ui_paint_bat_percent                   0x000034f4   Section        0  ui_app.o(i.ui_paint_bat_percent)
    i.ui_paint_color_circle                  0x000035a0   Section        0  ui_app.o(i.ui_paint_color_circle)
    .constdata                               0x000035c0   Section     8820  bat_90x49.o(.constdata)
    .constdata                               0x00005834   Section    32768  black_128x128.o(.constdata)
    .constdata                               0x0000d834   Section    32768  charging.o(.constdata)
    .constdata                               0x00015834   Section    32768  charging_32bit.o(.constdata)
    .constdata                               0x0001d834   Section     1440  font_0_9_digital_32b.o(.constdata)
    .constdata                               0x0001ddd4   Section       32  font_0_9_digital_32b.o(.constdata)
    .constdata                               0x0001ddf4   Section    32768  img_battery.o(.constdata)
    .constdata                               0x00025df4   Section    32768  img_battery_32b.o(.constdata)
    .constdata                               0x0002ddf4   Section    32768  img_cake.o(.constdata)
    .constdata                               0x00035df4   Section    32768  img_star.o(.constdata)
    .constdata                               0x0003ddf4   Section    32768  img_star_32b.o(.constdata)
    .constdata                               0x00045df4   Section    20000  ui_circle_100x100.o(.constdata)
    .conststring                             0x0004ac14   Section      142  bms_ip2366.o(.conststring)
    .data                                    0x20000000   Section       12  aon.o(.data)
    .data                                    0x2000000c   Section       12  isr.o(.data)
    .data                                    0x20000018   Section        1  gpio_i2c.o(.data)
    .data                                    0x2000001c   Section        8  spi.o(.data)
    .data                                    0x20000024   Section        4  timer.o(.data)
    .data                                    0x20000028   Section       49  bms_ip2366.o(.data)
    counter                                  0x20000028   Data           1  bms_ip2366.o(.data)
    counter                                  0x20000029   Data           1  bms_ip2366.o(.data)
    counter                                  0x2000002a   Data           1  bms_ip2366.o(.data)
    .data                                    0x20000059   Section        1  main.o(.data)
    .data                                    0x2000005a   Section        1  ui_app.o(.data)
    history                                  0x2000005a   Data           1  ui_app.o(.data)
    .data                                    0x2000005c   Section        4  stdout.o(.data)
    .bss                                     0x20000060   Section       40  charger.o(.bss)
    ram_code                                 0x200000a0   Section        0  isr.o(ram_code)
    ram_code                                 0x200000e0   Section        0  dma.o(ram_code)
    ram_code                                 0x200000fc   Section        0  dpi_common.o(ram_code)
    ram_code                                 0x20000118   Section        0  xt25f32.o(ram_code)

    Global Symbols

    Symbol Name                              Value     Ov Type        Size  Object(Section)

    BuildAttributes$$THM_ISAv3M$S$PE$A:L22$X:L11$S22$IEEE1$IW$USESV6$~STKCKD$USESV7$~SHL$OTIME$ROPI$EBA8$MICROLIB$REQ8$PRES8$EABIv2 0x00000000   Number         0  anon$$obj.o ABSOLUTE
    __ARM_use_no_argv                        0x00000000   Number         0  main.o ABSOLUTE
    __Vectors                                0x00000000   Data           4  startup_cm0.o(RESET)
    _printf_a                                0x00000000   Number         0  stubs.o ABSOLUTE
    _printf_c                                0x00000000   Number         0  stubs.o ABSOLUTE
    _printf_charcount                        0x00000000   Number         0  stubs.o ABSOLUTE
    _printf_d                                0x00000000   Number         0  stubs.o ABSOLUTE
    _printf_e                                0x00000000   Number         0  stubs.o ABSOLUTE
    _printf_f                                0x00000000   Number         0  stubs.o ABSOLUTE
    _printf_flags                            0x00000000   Number         0  stubs.o ABSOLUTE
    _printf_fp_dec                           0x00000000   Number         0  stubs.o ABSOLUTE
    _printf_fp_hex                           0x00000000   Number         0  stubs.o ABSOLUTE
    _printf_g                                0x00000000   Number         0  stubs.o ABSOLUTE
    _printf_i                                0x00000000   Number         0  stubs.o ABSOLUTE
    _printf_int_dec                          0x00000000   Number         0  stubs.o ABSOLUTE
    _printf_l                                0x00000000   Number         0  stubs.o ABSOLUTE
    _printf_lc                               0x00000000   Number         0  stubs.o ABSOLUTE
    _printf_ll                               0x00000000   Number         0  stubs.o ABSOLUTE
    _printf_lld                              0x00000000   Number         0  stubs.o ABSOLUTE
    _printf_lli                              0x00000000   Number         0  stubs.o ABSOLUTE
    _printf_llo                              0x00000000   Number         0  stubs.o ABSOLUTE
    _printf_llu                              0x00000000   Number         0  stubs.o ABSOLUTE
    _printf_llx                              0x00000000   Number         0  stubs.o ABSOLUTE
    _printf_longlong_dec                     0x00000000   Number         0  stubs.o ABSOLUTE
    _printf_longlong_hex                     0x00000000   Number         0  stubs.o ABSOLUTE
    _printf_longlong_oct                     0x00000000   Number         0  stubs.o ABSOLUTE
    _printf_ls                               0x00000000   Number         0  stubs.o ABSOLUTE
    _printf_mbtowc                           0x00000000   Number         0  stubs.o ABSOLUTE
    _printf_n                                0x00000000   Number         0  stubs.o ABSOLUTE
    _printf_o                                0x00000000   Number         0  stubs.o ABSOLUTE
    _printf_p                                0x00000000   Number         0  stubs.o ABSOLUTE
    _printf_percent                          0x00000000   Number         0  stubs.o ABSOLUTE
    _printf_pre_padding                      0x00000000   Number         0  stubs.o ABSOLUTE
    _printf_return_value                     0x00000000   Number         0  stubs.o ABSOLUTE
    _printf_s                                0x00000000   Number         0  stubs.o ABSOLUTE
    _printf_sizespec                         0x00000000   Number         0  stubs.o ABSOLUTE
    _printf_str                              0x00000000   Number         0  stubs.o ABSOLUTE
    _printf_truncate_signed                  0x00000000   Number         0  stubs.o ABSOLUTE
    _printf_truncate_unsigned                0x00000000   Number         0  stubs.o ABSOLUTE
    _printf_u                                0x00000000   Number         0  stubs.o ABSOLUTE
    _printf_wc                               0x00000000   Number         0  stubs.o ABSOLUTE
    _printf_wctomb                           0x00000000   Number         0  stubs.o ABSOLUTE
    _printf_widthprec                        0x00000000   Number         0  stubs.o ABSOLUTE
    _printf_x                                0x00000000   Number         0  stubs.o ABSOLUTE
    __cpp_initialize__aeabi_                  - Undefined Weak Reference
    __cxa_finalize                            - Undefined Weak Reference
    __decompress                              - Undefined Weak Reference
    _clock_init                               - Undefined Weak Reference
    _microlib_exit                            - Undefined Weak Reference
    __main                                   0x000000c1   Thumb Code     0  entry.o(.ARM.Collect$$$$00000000)
    _main_stk                                0x000000c1   Thumb Code     0  entry2.o(.ARM.Collect$$$$00000001)
    _main_scatterload                        0x000000c5   Thumb Code     0  entry5.o(.ARM.Collect$$$$00000004)
    __main_after_scatterload                 0x000000c9   Thumb Code     0  entry5.o(.ARM.Collect$$$$00000004)
    _main_clock                              0x000000c9   Thumb Code     0  entry7b.o(.ARM.Collect$$$$00000008)
    _main_cpp_init                           0x000000c9   Thumb Code     0  entry8b.o(.ARM.Collect$$$$0000000A)
    _main_init                               0x000000c9   Thumb Code     0  entry9a.o(.ARM.Collect$$$$0000000B)
    __rt_final_cpp                           0x000000d1   Thumb Code     0  entry10a.o(.ARM.Collect$$$$0000000D)
    __rt_final_exit                          0x000000d1   Thumb Code     0  entry11a.o(.ARM.Collect$$$$0000000F)
    Reset_Handler                            0x000000d5   Thumb Code     4  startup_cm0.o(.text)
    MemManage_Handler                        0x000000dd   Thumb Code     2  startup_cm0.o(.text)
    BusFault_Handler                         0x000000df   Thumb Code     2  startup_cm0.o(.text)
    UsageFault_Handler                       0x000000e1   Thumb Code     2  startup_cm0.o(.text)
    DebugMon_Handler                         0x000000e5   Thumb Code     2  startup_cm0.o(.text)
    CMP1_IRQn                                0x000000eb   Thumb Code     0  startup_cm0.o(.text)
    CMP2_IRQn                                0x000000eb   Thumb Code     0  startup_cm0.o(.text)
    GPADC_IRQHandler                         0x000000eb   Thumb Code     0  startup_cm0.o(.text)
    GPIO_A2_IRQHandler                       0x000000eb   Thumb Code     0  startup_cm0.o(.text)
    GPIO_A3_IRQHandler                       0x000000eb   Thumb Code     0  startup_cm0.o(.text)
    GPIO_A4_IRQHandler                       0x000000eb   Thumb Code     0  startup_cm0.o(.text)
    GPIO_A6_IRQHandler                       0x000000eb   Thumb Code     0  startup_cm0.o(.text)
    GPIO_A7_IRQHandler                       0x000000eb   Thumb Code     0  startup_cm0.o(.text)
    GPIO_B0_IRQHandler                       0x000000eb   Thumb Code     0  startup_cm0.o(.text)
    GPIO_B1_IRQHandler                       0x000000eb   Thumb Code     0  startup_cm0.o(.text)
    GPIO_B2_IRQHandler                       0x000000eb   Thumb Code     0  startup_cm0.o(.text)
    GPIO_B3_IRQHandler                       0x000000eb   Thumb Code     0  startup_cm0.o(.text)
    GPIO_B4_IRQHandler                       0x000000eb   Thumb Code     0  startup_cm0.o(.text)
    GPIO_B5_IRQHandler                       0x000000eb   Thumb Code     0  startup_cm0.o(.text)
    GPIO_B7_IRQHandler                       0x000000eb   Thumb Code     0  startup_cm0.o(.text)
    SYS_GPIO_0_IRQHandler                    0x000000eb   Thumb Code     0  startup_cm0.o(.text)
    SYS_GPIO_1_IRQHandler                    0x000000eb   Thumb Code     0  startup_cm0.o(.text)
    UART2_IRQHandler                         0x000000eb   Thumb Code     0  startup_cm0.o(.text)
    __aeabi_uidiv                            0x000000f1   Thumb Code     0  uidiv.o(.text)
    __aeabi_uidivmod                         0x000000f1   Thumb Code    44  uidiv.o(.text)
    __aeabi_idiv                             0x0000011d   Thumb Code     0  idiv.o(.text)
    __aeabi_idivmod                          0x0000011d   Thumb Code    40  idiv.o(.text)
    __aeabi_uread4                           0x00000145   Thumb Code    20  uread4.o(.text)
    __rt_uread4                              0x00000145   Thumb Code     0  uread4.o(.text)
    _uread4                                  0x00000145   Thumb Code     0  uread4.o(.text)
    __aeabi_fadd                             0x00000159   Thumb Code   162  fadd.o(.text)
    __aeabi_fsub                             0x000001fb   Thumb Code     8  fadd.o(.text)
    __aeabi_frsub                            0x00000203   Thumb Code     8  fadd.o(.text)
    __aeabi_fmul                             0x0000020b   Thumb Code   122  fmul.o(.text)
    __aeabi_dadd                             0x00000285   Thumb Code   328  dadd.o(.text)
    __aeabi_dsub                             0x000003cd   Thumb Code    12  dadd.o(.text)
    __aeabi_drsub                            0x000003d9   Thumb Code    12  dadd.o(.text)
    __aeabi_dmul                             0x000003e9   Thumb Code   202  dmul.o(.text)
    __aeabi_ddiv                             0x000004b9   Thumb Code   234  ddiv.o(.text)
    __aeabi_ui2f                             0x000005a9   Thumb Code    14  ffltui.o(.text)
    __aeabi_i2d                              0x000005b9   Thumb Code    34  dflti.o(.text)
    __aeabi_f2iz                             0x000005e1   Thumb Code    50  ffixi.o(.text)
    __aeabi_d2iz                             0x00000615   Thumb Code    62  dfixi.o(.text)
    __aeabi_cfcmpeq                          0x0000065d   Thumb Code     0  cfcmple.o(.text)
    __aeabi_cfcmple                          0x0000065d   Thumb Code    20  cfcmple.o(.text)
    __aeabi_cfrcmple                         0x00000671   Thumb Code    20  cfrcmple.o(.text)
    __aeabi_uldivmod                         0x00000685   Thumb Code    96  uldiv.o(.text)
    __aeabi_llsl                             0x000006e5   Thumb Code    32  llshl.o(.text)
    _ll_shift_l                              0x000006e5   Thumb Code     0  llshl.o(.text)
    __aeabi_llsr                             0x00000705   Thumb Code    34  llushr.o(.text)
    _ll_ushift_r                             0x00000705   Thumb Code     0  llushr.o(.text)
    __aeabi_lasr                             0x00000727   Thumb Code    38  llsshr.o(.text)
    _ll_sshift_r                             0x00000727   Thumb Code     0  llsshr.o(.text)
    __I$use$fp                               0x0000074d   Thumb Code     0  iusefp.o(.text)
    _float_round                             0x0000074d   Thumb Code    16  fepilogue.o(.text)
    _float_epilogue                          0x0000075d   Thumb Code   114  fepilogue.o(.text)
    _double_round                            0x000007cf   Thumb Code    26  depilogue.o(.text)
    _double_epilogue                         0x000007e9   Thumb Code   164  depilogue.o(.text)
    __aeabi_d2ulz                            0x0000088d   Thumb Code    54  dfixul.o(.text)
    __aeabi_cdrcmple                         0x000008cd   Thumb Code    38  cdrcmple.o(.text)
    __scatterload                            0x000008f5   Thumb Code    28  init.o(.text)
    __scatterload_rt2                        0x000008f5   Thumb Code     0  init.o(.text)
    Long Thumb to Thumb Veneer to reg_read   0x00000919   Thumb Code    12  anon$$obj.o(Veneer$$Code)
    Long Thumb to Thumb Veneer to reg_write  0x00000925   Thumb Code    12  anon$$obj.o(Veneer$$Code)
    Long Thumb to Thumb Veneer to dma_sram_delay 0x00000931   Thumb Code    12  anon$$obj.o(Veneer$$Code)
    Long Thumb to Thumb Veneer to gecko_task_cm0_sw_flash 0x0000093d   Thumb Code    12  anon$$obj.o(Veneer$$Code)
    AON_WKUP_IRQHandler                      0x00000949   Thumb Code     8  isr.o(i.AON_WKUP_IRQHandler)
    APB_SPI0_IRQnHandler                     0x00000951   Thumb Code     8  isr.o(i.APB_SPI0_IRQnHandler)
    APB_SPI1_IRQnHandler                     0x00000959   Thumb Code     2  isr.o(i.APB_SPI1_IRQnHandler)
    BSR1901_GPIO_WakeUp_From_DeepSleep       0x0000095d   Thumb Code   110  aon.o(i.BSR1901_GPIO_WakeUp_From_DeepSleep)
    BSR1901_KEY1_Detect                      0x000009d1   Thumb Code    28  gpio.o(i.BSR1901_KEY1_Detect)
    BSR1901_KEY2_Detect                      0x000009f5   Thumb Code    28  gpio.o(i.BSR1901_KEY2_Detect)
    CMU2AHB_IRQHandler                       0x00000a19   Thumb Code     2  isr.o(i.CMU2AHB_IRQHandler)
    DMA_Configuration                        0x00000a1d   Thumb Code    56  dma.o(i.DMA_Configuration)
    DRV_GpioGetLevel_I2C                     0x00000a59   Thumb Code    12  gpio_i2c.o(i.DRV_GpioGetLevel_I2C)
    DRV_GpioSetDirection_I2C                 0x00000a65   Thumb Code    18  gpio_i2c.o(i.DRV_GpioSetDirection_I2C)
    DRV_GpioSetLevel_I2C                     0x00000a77   Thumb Code    18  gpio_i2c.o(i.DRV_GpioSetLevel_I2C)
    GPIO_A5_IRQHandler                       0x00000b1f   Thumb Code     2  isr.o(i.GPIO_A5_IRQHandler)
    GPIO_B6_IRQHandler                       0x00000b21   Thumb Code     2  isr.o(i.GPIO_B6_IRQHandler)
    GPIO_InitIO                              0x00000b23   Thumb Code    14  gpio_i2c.o(i.GPIO_InitIO)
    GPIO_ReadIO                              0x00000b31   Thumb Code    14  gpio_i2c.o(i.GPIO_ReadIO)
    GPIO_WriteIO                             0x00000b45   Thumb Code    14  gpio_i2c.o(i.GPIO_WriteIO)
    GeckoGpadcGetRawData                     0x00000b55   Thumb Code   276  adc.o(i.GeckoGpadcGetRawData)
    Gecko_DMA_Transport                      0x00000e7d   Thumb Code    44  dma.o(i.Gecko_DMA_Transport)
    Gecko_Set_BaudRate                       0x00000ead   Thumb Code   198  uart.o(i.Gecko_Set_BaudRate)
    Gecko_Uart0_Send_Char                    0x00000f89   Thumb Code    12  uart.o(i.Gecko_Uart0_Send_Char)
    Get_SysTick_VALUE                        0x00000f99   Thumb Code     6  systick.o(i.Get_SysTick_VALUE)
    Get_Vbat_Voltage                         0x00000fa5   Thumb Code   124  adc.o(i.Get_Vbat_Voltage)
    Gui_DrawArc                              0x000010a9   Thumb Code   222  gui.o(i.Gui_DrawArc)
    Gui_DrawFillRect                         0x00001187   Thumb Code    50  gui.o(i.Gui_DrawFillRect)
    Gui_DrawLine_Fast                        0x000011b9   Thumb Code    78  gui.o(i.Gui_DrawLine_Fast)
    Gui_DrawPoint                            0x00001209   Thumb Code    36  lcd_driver.o(i.Gui_DrawPoint)
    Gui_DrawRect                             0x00001235   Thumb Code    78  gui.o(i.Gui_DrawRect)
    Gui_FillCircle                           0x00001283   Thumb Code   158  gui.o(i.Gui_FillCircle)
    Gui_ProgressBar                          0x00001321   Thumb Code   102  gui.o(i.Gui_ProgressBar)
    HW_SPI_Initialise                        0x00001389   Thumb Code    68  spi.o(i.HW_SPI_Initialise)
    HW_SPI_Interrupt_Handler                 0x00001441   Thumb Code    38  spi.o(i.HW_SPI_Interrupt_Handler)
    HW_SPI_Tx_DMA                            0x00001471   Thumb Code    46  spi.o(i.HW_SPI_Tx_DMA)
    HW_SPI_Tx_DMA_16bit_ColorBlock           0x000014a9   Thumb Code    38  spi.o(i.HW_SPI_Tx_DMA_16bit_ColorBlock)
    HW_SPI_Tx_DMA_32bit                      0x000014d9   Thumb Code    46  spi.o(i.HW_SPI_Tx_DMA_32bit)
    HW_SPI_Tx_DMA_8bit                       0x00001511   Thumb Code    46  spi.o(i.HW_SPI_Tx_DMA_8bit)
    HardFault_Handler                        0x00001549   Thumb Code     2  isr.o(i.HardFault_Handler)
    LCD_GPIO_Init                            0x0000154b   Thumb Code    52  lcd_driver.o(i.LCD_GPIO_Init)
    LCD_WriteData_16Bit                      0x00001581   Thumb Code    24  lcd_driver.o(i.LCD_WriteData_16Bit)
    LDO33_AUX_Disable                        0x000015a1   Thumb Code    20  aon.o(i.LDO33_AUX_Disable)
    LDO33_AUX_Enable                         0x000015b9   Thumb Code    30  aon.o(i.LDO33_AUX_Enable)
    Lcd_Clear                                0x000015dd   Thumb Code    28  lcd_driver.o(i.Lcd_Clear)
    Lcd_Init                                 0x000015f9   Thumb Code   690  lcd_driver.o(i.Lcd_Init)
    Lcd_Reset                                0x000018ab   Thumb Code    54  lcd_driver.o(i.Lcd_Reset)
    Lcd_SetRegion                            0x000018e1   Thumb Code    54  lcd_driver.o(i.Lcd_SetRegion)
    Lcd_WriteData                            0x00001919   Thumb Code    24  lcd_driver.o(i.Lcd_WriteData)
    Lcd_WriteIndex                           0x00001939   Thumb Code    24  lcd_driver.o(i.Lcd_WriteIndex)
    Lcd_Write_data_dma                       0x00001959   Thumb Code    38  spi.o(i.Lcd_Write_data_dma)
    NMI_Handler                              0x00001989   Thumb Code     2  isr.o(i.NMI_Handler)
    NVIC_ClearPendingIRQ                     0x0000198d   Thumb Code    18  system_initial.o(i.NVIC_ClearPendingIRQ)
    NVIC_EnableIRQ                           0x000019a5   Thumb Code    18  system_initial.o(i.NVIC_EnableIRQ)
    NVIC_SetPriority                         0x000019bd   Thumb Code    60  system_initial.o(i.NVIC_SetPriority)
    Osc32M_Freq_Trimming                     0x00001a01   Thumb Code   110  aon.o(i.Osc32M_Freq_Trimming)
    PendSV_Handler                           0x00001a7d   Thumb Code     2  isr.o(i.PendSV_Handler)
    QSPI_CTRL_IRQHandler                     0x00001a7f   Thumb Code     8  isr.o(i.QSPI_CTRL_IRQHandler)
    SVC_Handler                              0x00001a87   Thumb Code     2  isr.o(i.SVC_Handler)
    ShowNum_48                               0x00001a89   Thumb Code   100  ui_app.o(i.ShowNum_48)
    ShowPersent                              0x00001af1   Thumb Code    76  ui_app.o(i.ShowPersent)
    SysTick_Config                           0x00001b41   Thumb Code    38  systick.o(i.SysTick_Config)
    SystemInit                               0x00001b71   Thumb Code    36  main.o(i.SystemInit)
    TIMER0_IRQHandler                        0x00001b95   Thumb Code     8  isr.o(i.TIMER0_IRQHandler)
    TIMER1_IRQHandler                        0x00001b9d   Thumb Code     8  isr.o(i.TIMER1_IRQHandler)
    Task_BMS_Update                          0x00001ba5   Thumb Code    78  bms_ip2366.o(i.Task_BMS_Update)
    Task_Charger_Control                     0x00001c25   Thumb Code    10  charger.o(i.Task_Charger_Control)
    Task_KeyScan                             0x00001c35   Thumb Code   116  key_process.o(i.Task_KeyScan)
    Task_UI_Refresh                          0x00001d2d   Thumb Code    32  gui.o(i.Task_UI_Refresh)
    Timer0_Interrupt_Handler                 0x00001d51   Thumb Code    10  timer.o(i.Timer0_Interrupt_Handler)
    UART0_IRQHandler                         0x00001d61   Thumb Code     8  isr.o(i.UART0_IRQHandler)
    UART0_Interrupt_Handler                  0x00001d69   Thumb Code    48  uart.o(i.UART0_Interrupt_Handler)
    UART1_IRQHandler                         0x00001d9d   Thumb Code     8  isr.o(i.UART1_IRQHandler)
    UART1_Interrupt_Handler                  0x00001da5   Thumb Code    48  uart.o(i.UART1_Interrupt_Handler)
    Uart_16550_Initialise                    0x00001dd9   Thumb Code    76  uart.o(i.Uart_16550_Initialise)
    WDT_IRQHandler                           0x00001e35   Thumb Code    18  isr.o(i.WDT_IRQHandler)
    __0printf                                0x00001e55   Thumb Code    24  printfa.o(i.__0printf)
    __1printf                                0x00001e55   Thumb Code     0  printfa.o(i.__0printf)
    __2printf                                0x00001e55   Thumb Code     0  printfa.o(i.__0printf)
    __c89printf                              0x00001e55   Thumb Code     0  printfa.o(i.__0printf)
    printf                                   0x00001e55   Thumb Code     0  printfa.o(i.__0printf)
    __ARM_clz                                0x00001e75   Thumb Code    46  depilogue.o(i.__ARM_clz)
    __ARM_common_switch8                     0x00001ea3   Thumb Code    26  iomux.o(i.__ARM_common_switch8)
    __scatterload_copy                       0x00001ebd   Thumb Code    14  handlers.o(i.__scatterload_copy)
    __scatterload_null                       0x00001ecb   Thumb Code     2  handlers.o(i.__scatterload_null)
    __scatterload_zeroinit                   0x00001ecd   Thumb Code    14  handlers.o(i.__scatterload_zeroinit)
    adc_delay_us                             0x00002789   Thumb Code    22  adc.o(i.adc_delay_us)
    aon_wakeup_irq_cfg                       0x0000279f   Thumb Code    24  aon.o(i.aon_wakeup_irq_cfg)
    bsr1901_prepare_sleep_for_pin_wakeup     0x000027b9   Thumb Code    84  xt25f32.o(i.bsr1901_prepare_sleep_for_pin_wakeup)
    charger_init                             0x00002821   Thumb Code    40  charger.o(i.charger_init)
    charger_process                          0x00002855   Thumb Code   206  charger.o(i.charger_process)
    delay_1ms                                0x00002939   Thumb Code    22  lcd_driver.o(i.delay_1ms)
    delay_1us                                0x0000294f   Thumb Code    16  dpi_common.o(i.delay_1us)
    delay_ms                                 0x0000295f   Thumb Code    20  lcd_driver.o(i.delay_ms)
    fputc                                    0x00002973   Thumb Code    14  uart.o(i.fputc)
    gecko_ahb2qspi_ctrl_irq_handler          0x00002981   Thumb Code    32  xt25f32.o(i.gecko_ahb2qspi_ctrl_irq_handler)
    gecko_aon_wakeup_irq_handler             0x000029a5   Thumb Code    12  xt25f32.o(i.gecko_aon_wakeup_irq_handler)
    gecko_cmu_init                           0x000029b5   Thumb Code    16  cmu.o(i.gecko_cmu_init)
    gecko_pinmux_config                      0x000029c9   Thumb Code   434  iomux.o(i.gecko_pinmux_config)
    gecko_pinmux_default_config              0x00002b81   Thumb Code    12  iomux.o(i.gecko_pinmux_default_config)
    gecko_timer1_irq_handler                 0x00002b91   Thumb Code    26  timer.o(i.gecko_timer1_irq_handler)
    get_chg_vbus_voltage                     0x00002bb5   Thumb Code    72  bms_ip2366.o(i.get_chg_vbus_voltage)
    get_ipxs_state                           0x00002d0d   Thumb Code    86  bms_ip2366.o(i.get_ipxs_state)
    get_voltage_battery                      0x00002d69   Thumb Code    38  bms_ip2366.o(i.get_voltage_battery)
    get_voltage_vsys                         0x00002d99   Thumb Code    38  bms_ip2366.o(i.get_voltage_vsys)
    gpio_i2c_RxByte                          0x00002dc9   Thumb Code   142  gpio_i2c.o(i.gpio_i2c_RxByte)
    gpio_i2c_TxByte                          0x00002e57   Thumb Code   178  gpio_i2c.o(i.gpio_i2c_TxByte)
    gpio_i2c_rdabt_rf_read_data              0x00002f09   Thumb Code    88  gpio_i2c.o(i.gpio_i2c_rdabt_rf_read_data)
    gpio_i2c_start                           0x00002f61   Thumb Code    92  gpio_i2c.o(i.gpio_i2c_start)
    gpio_i2c_stop                            0x00002fbd   Thumb Code    84  gpio_i2c.o(i.gpio_i2c_stop)
    gpio_set_output                          0x00003011   Thumb Code    52  gpio.o(i.gpio_set_output)
    gpio_set_value                           0x0000304d   Thumb Code    28  gpio.o(i.gpio_set_value)
    h2l_wr_busy                              0x00003071   Thumb Code    34  xt25f32.o(i.h2l_wr_busy)
    hal_GpioClr                              0x00003099   Thumb Code    38  gpio_i2c.o(i.hal_GpioClr)
    hal_GpioGet                              0x000030c9   Thumb Code    38  gpio_i2c.o(i.hal_GpioGet)
    hal_GpioSet                              0x000030f9   Thumb Code    38  gpio_i2c.o(i.hal_GpioSet)
    hal_GpioSetIn                            0x00003129   Thumb Code    28  gpio_i2c.o(i.hal_GpioSetIn)
    hal_GpioSetOut                           0x0000314d   Thumb Code    28  gpio_i2c.o(i.hal_GpioSetOut)
    hal_get_icharge_ma                       0x00003171   Thumb Code    10  charger.o(i.hal_get_icharge_ma)
    hal_nvic_clear_pending_irq               0x0000317b   Thumb Code     8  system_initial.o(i.hal_nvic_clear_pending_irq)
    hal_nvic_enable_irq                      0x00003183   Thumb Code     8  system_initial.o(i.hal_nvic_enable_irq)
    hal_nvic_set_priority                    0x0000318b   Thumb Code     8  system_initial.o(i.hal_nvic_set_priority)
    iWDT_IRQHandler                          0x00003195   Thumb Code    16  isr.o(i.iWDT_IRQHandler)
    iWDT_Timer_Disable                       0x000031a9   Thumb Code    20  watchdog.o(i.iWDT_Timer_Disable)
    ipxs_readByte                            0x000031c5   Thumb Code    20  bms_ip2366.o(i.ipxs_readByte)
    lcd_dma_refresh_colorblock               0x000031d9   Thumb Code    34  spi.o(i.lcd_dma_refresh_colorblock)
    main                                     0x000031fd   Thumb Code   420  main.o(i.main)
    manba_task_cpu_goto_sleep                0x000033d1   Thumb Code    14  xt25f32.o(i.manba_task_cpu_goto_sleep)
    mi_tou_detect                            0x000033e5   Thumb Code    28  gpio.o(i.mi_tou_detect)
    pEnterCriticalSection                    0x00003409   Thumb Code     6  system_initial.o(i.pEnterCriticalSection)
    pExitCriticalSection                     0x0000340f   Thumb Code     4  system_initial.o(i.pExitCriticalSection)
    pid_update                               0x00003413   Thumb Code   128  charger.o(i.pid_update)
    tc_gecko_cm0_aon_sleep                   0x00003495   Thumb Code    86  xt25f32.o(i.tc_gecko_cm0_aon_sleep)
    ui_paint_bat_percent                     0x000034f5   Thumb Code   158  ui_app.o(i.ui_paint_bat_percent)
    ui_paint_color_circle                    0x000035a1   Thumb Code    24  ui_app.o(i.ui_paint_color_circle)
    gImage_bat_90x49                         0x000035c0   Data        8820  bat_90x49.o(.constdata)
    gImage_black_128x128                     0x00005834   Data       32768  black_128x128.o(.constdata)
    gImage_charging                          0x0000d834   Data       32768  charging.o(.constdata)
    gImage_128x128_charging_32bit            0x00015834   Data       32768  charging_32bit.o(.constdata)
    Font48_dital_Table                       0x0001d834   Data        1440  font_0_9_digital_32b.o(.constdata)
    Font_8x32_percent                        0x0001ddd4   Data          32  font_0_9_digital_32b.o(.constdata)
    gImage_128x128_battery                   0x0001ddf4   Data       32768  img_battery.o(.constdata)
    gImage_128x128_battery_32b               0x00025df4   Data       32768  img_battery_32b.o(.constdata)
    gImage_128x128_cake                      0x0002ddf4   Data       32768  img_cake.o(.constdata)
    gImage_128x128_star                      0x00035df4   Data       32768  img_star.o(.constdata)
    gImage_128x128_star_32bit                0x0003ddf4   Data       32768  img_star_32b.o(.constdata)
    gImage_circle_100x100                    0x00045df4   Data       20000  ui_circle_100x100.o(.constdata)
    Region$$Table$$Base                      0x0004aca4   Number         0  anon$$obj.o(Region$$Table)
    Region$$Table$$Limit                     0x0004acd4   Number         0  anon$$obj.o(Region$$Table)
    AON_CFG_ANA_CTRL_1_0x20_Default          0x20000000   Data           4  aon.o(.data)
    AON_CFG_ANA_CTRL_2_0x24_Default          0x20000004   Data           4  aon.o(.data)
    AON_CFG_GPIO_WAKEUP_CTRL_0x10_Default    0x20000008   Data           4  aon.o(.data)
    dc5v_online_flag                         0x2000000c   Data           1  isr.o(.data)
    dma_int_flag                             0x2000000d   Data           1  isr.o(.data)
    TimeTick                                 0x20000010   Data           4  isr.o(.data)
    RC_Unique_ID                             0x20000014   Data           4  isr.o(.data)
    GpioLevel                                0x20000018   Data           1  gpio_i2c.o(.data)
    hw_spi_rx_length                         0x2000001c   Data           2  spi.o(.data)
    hw_spi_rx_buffer                         0x20000020   Data           4  spi.o(.data)
    timer1_tmp_cnt1                          0x20000024   Data           4  timer.o(.data)
    bFlag_init_ipxs                          0x2000002b   Data           1  bms_ip2366.o(.data)
    bFlag_charge_on                          0x2000002c   Data           1  bms_ip2366.o(.data)
    bFlag_charge_qc                          0x2000002d   Data           1  bms_ip2366.o(.data)
    bFlag_discharge_qc                       0x2000002e   Data           1  bms_ip2366.o(.data)
    bFlag_p_i2c_int_is_high                  0x2000002f   Data           1  bms_ip2366.o(.data)
    bFlag_light_load                         0x20000030   Data           1  bms_ip2366.o(.data)
    bFlag_usb_a1_in                          0x20000031   Data           1  bms_ip2366.o(.data)
    bFlag_ocp                                0x20000032   Data           1  bms_ip2366.o(.data)
    bFlag_short_circuit                      0x20000033   Data           1  bms_ip2366.o(.data)
    bFlag_multi_port                         0x20000034   Data           1  bms_ip2366.o(.data)
    bFlag_charge_quick                       0x20000035   Data           1  bms_ip2366.o(.data)
    counter_dl                               0x20000036   Data           1  bms_ip2366.o(.data)
    counter_gl                               0x20000037   Data           1  bms_ip2366.o(.data)
    gl_timer_out                             0x20000038   Data           1  bms_ip2366.o(.data)
    dl_timer_out                             0x20000039   Data           1  bms_ip2366.o(.data)
    current_ntc                              0x2000003a   Data           1  bms_ip2366.o(.data)
    forceDispTimer                           0x2000003b   Data           1  bms_ip2366.o(.data)
    voltage_battery                          0x2000003c   Data           4  bms_ip2366.o(.data)
    voltage_vsys                             0x20000040   Data           4  bms_ip2366.o(.data)
    current_battery                          0x20000044   Data           4  bms_ip2366.o(.data)
    current_vsys                             0x20000048   Data           4  bms_ip2366.o(.data)
    power_vsys                               0x2000004c   Data           4  bms_ip2366.o(.data)
    voltage_ntc                              0x20000050   Data           4  bms_ip2366.o(.data)
    timenode                                 0x20000054   Data           5  bms_ip2366.o(.data)
    flag_key1                                0x20000059   Data           1  main.o(.data)
    __stdout                                 0x2000005c   Data           4  stdout.o(.data)
    my_charger                               0x20000060   Data          40  charger.o(.bss)
    Long Thumb to Thumb Veneer to delay_1us  0x20000089   Thumb Code    12  anon$$obj.o(Veneer$$Code)
    Long Thumb to Thumb Veneer to __aeabi_uread4 0x20000095   Thumb Code    12  anon$$obj.o(Veneer$$Code)
    SysTick_Handler                          0x200000a1   Thumb Code    10  isr.o(ram_code)
    DMA_IRQHandler                           0x200000ab   Thumb Code    14  isr.o(ram_code)
    dma_sram_delay                           0x200000b9   Thumb Code    34  isr.o(ram_code)
    Clear_DMA_Interrupt                      0x200000e1   Thumb Code    22  dma.o(ram_code)
    reg_read                                 0x200000fd   Thumb Code     4  dpi_common.o(ram_code)
    reg_write                                0x20000101   Thumb Code     4  dpi_common.o(ram_code)
    sram_run_delay                           0x20000105   Thumb Code    20  dpi_common.o(ram_code)
    gecko_task_cm0_sw_flash                  0x20000119   Thumb Code    66  xt25f32.o(ram_code)
    spi_nor_write_en                         0x2000015b   Thumb Code    62  xt25f32.o(ram_code)
    EraseSector                              0x20000199   Thumb Code   136  xt25f32.o(ram_code)
    ProgramPage                              0x20000221   Thumb Code   194  xt25f32.o(ram_code)
    QSPI_NorFlash_ReadWord                   0x200002e3   Thumb Code    50  xt25f32.o(ram_code)
    __initial_sp                             0x20000ffc   Number         0  startup_cm0.o ABSOLUTE



==============================================================================

Memory Map of the image

  Image Entry point : 0x000000c1

  Load Region LR_IROM1 (Base: 0x00000000, Size: 0x0004afe0, Max: 0x00400000, ABSOLUTE)

    Execution Region ER_IROM1 (Exec base: 0x00000000, Load base: 0x00000000, Size: 0x0004acd4, Max: 0x00400000, ABSOLUTE)

    Exec Addr    Load Addr    Size         Type   Attr      Idx    E Section Name        Object

    0x00000000   0x00000000   0x000000c0   Data   RO            2    RESET               startup_cm0.o
    0x000000c0   0x000000c0   0x00000000   Code   RO         4254  * .ARM.Collect$$$$00000000  mc_p.l(entry.o)
    0x000000c0   0x000000c0   0x00000004   Code   RO         4584    .ARM.Collect$$$$00000001  mc_p.l(entry2.o)
    0x000000c4   0x000000c4   0x00000004   Code   RO         4587    .ARM.Collect$$$$00000004  mc_p.l(entry5.o)
    0x000000c8   0x000000c8   0x00000000   Code   RO         4589    .ARM.Collect$$$$00000008  mc_p.l(entry7b.o)
    0x000000c8   0x000000c8   0x00000000   Code   RO         4591    .ARM.Collect$$$$0000000A  mc_p.l(entry8b.o)
    0x000000c8   0x000000c8   0x00000008   Code   RO         4592    .ARM.Collect$$$$0000000B  mc_p.l(entry9a.o)
    0x000000d0   0x000000d0   0x00000000   Code   RO         4594    .ARM.Collect$$$$0000000D  mc_p.l(entry10a.o)
    0x000000d0   0x000000d0   0x00000000   Code   RO         4596    .ARM.Collect$$$$0000000F  mc_p.l(entry11a.o)
    0x000000d0   0x000000d0   0x00000004   Code   RO         4585    .ARM.Collect$$$$00002712  mc_p.l(entry2.o)
    0x000000d4   0x000000d4   0x0000001c   Code   RO            3    .text               startup_cm0.o
    0x000000f0   0x000000f0   0x0000002c   Code   RO         4257    .text               mc_p.l(uidiv.o)
    0x0000011c   0x0000011c   0x00000028   Code   RO         4259    .text               mc_p.l(idiv.o)
    0x00000144   0x00000144   0x00000014   Code   RO         4556    .text               mc_p.l(uread4.o)
    0x00000158   0x00000158   0x000000b2   Code   RO         4558    .text               mf_p.l(fadd.o)
    0x0000020a   0x0000020a   0x0000007a   Code   RO         4560    .text               mf_p.l(fmul.o)
    0x00000284   0x00000284   0x00000164   Code   RO         4562    .text               mf_p.l(dadd.o)
    0x000003e8   0x000003e8   0x000000d0   Code   RO         4564    .text               mf_p.l(dmul.o)
    0x000004b8   0x000004b8   0x000000f0   Code   RO         4566    .text               mf_p.l(ddiv.o)
    0x000005a8   0x000005a8   0x0000000e   Code   RO         4568    .text               mf_p.l(ffltui.o)
    0x000005b6   0x000005b6   0x00000002   PAD
    0x000005b8   0x000005b8   0x00000028   Code   RO         4570    .text               mf_p.l(dflti.o)
    0x000005e0   0x000005e0   0x00000032   Code   RO         4574    .text               mf_p.l(ffixi.o)
    0x00000612   0x00000612   0x00000002   PAD
    0x00000614   0x00000614   0x00000048   Code   RO         4576    .text               mf_p.l(dfixi.o)
    0x0000065c   0x0000065c   0x00000014   Code   RO         4580    .text               mf_p.l(cfcmple.o)
    0x00000670   0x00000670   0x00000014   Code   RO         4582    .text               mf_p.l(cfrcmple.o)
    0x00000684   0x00000684   0x00000060   Code   RO         4599    .text               mc_p.l(uldiv.o)
    0x000006e4   0x000006e4   0x00000020   Code   RO         4601    .text               mc_p.l(llshl.o)
    0x00000704   0x00000704   0x00000022   Code   RO         4603    .text               mc_p.l(llushr.o)
    0x00000726   0x00000726   0x00000026   Code   RO         4605    .text               mc_p.l(llsshr.o)
    0x0000074c   0x0000074c   0x00000000   Code   RO         4609    .text               mc_p.l(iusefp.o)
    0x0000074c   0x0000074c   0x00000082   Code   RO         4610    .text               mf_p.l(fepilogue.o)
    0x000007ce   0x000007ce   0x000000be   Code   RO         4612    .text               mf_p.l(depilogue.o)
    0x0000088c   0x0000088c   0x00000040   Code   RO         4616    .text               mf_p.l(dfixul.o)
    0x000008cc   0x000008cc   0x00000028   Code   RO         4618    .text               mf_p.l(cdrcmple.o)
    0x000008f4   0x000008f4   0x00000024   Code   RO         4620    .text               mc_p.l(init.o)
    0x00000918   0x00000918   0x0000000c   Ven    RO         4630    Veneer$$Code        anon$$obj.o
    0x00000924   0x00000924   0x0000000c   Ven    RO         4631    Veneer$$Code        anon$$obj.o
    0x00000930   0x00000930   0x0000000c   Ven    RO         4632    Veneer$$Code        anon$$obj.o
    0x0000093c   0x0000093c   0x0000000c   Ven    RO         4633    Veneer$$Code        anon$$obj.o
    0x00000948   0x00000948   0x00000008   Code   RO          358    i.AON_WKUP_IRQHandler  isr.o
    0x00000950   0x00000950   0x00000008   Code   RO          359    i.APB_SPI0_IRQnHandler  isr.o
    0x00000958   0x00000958   0x00000002   Code   RO          360    i.APB_SPI1_IRQnHandler  isr.o
    0x0000095a   0x0000095a   0x00000002   PAD
    0x0000095c   0x0000095c   0x00000074   Code   RO          156    i.BSR1901_GPIO_WakeUp_From_DeepSleep  aon.o
    0x000009d0   0x000009d0   0x00000024   Code   RO          705    i.BSR1901_KEY1_Detect  gpio.o
    0x000009f4   0x000009f4   0x00000024   Code   RO          706    i.BSR1901_KEY2_Detect  gpio.o
    0x00000a18   0x00000a18   0x00000002   Code   RO          361    i.CMU2AHB_IRQHandler  isr.o
    0x00000a1a   0x00000a1a   0x00000002   PAD
    0x00000a1c   0x00000a1c   0x0000003c   Code   RO         1620    i.DMA_Configuration  dma.o
    0x00000a58   0x00000a58   0x0000000c   Code   RO          929    i.DRV_GpioGetLevel_I2C  gpio_i2c.o
    0x00000a64   0x00000a64   0x00000012   Code   RO          930    i.DRV_GpioSetDirection_I2C  gpio_i2c.o
    0x00000a76   0x00000a76   0x00000012   Code   RO          931    i.DRV_GpioSetLevel_I2C  gpio_i2c.o
    0x00000a88   0x00000a88   0x00000096   Code   RO         4038    i.DrawArcPoint      gui.o
    0x00000b1e   0x00000b1e   0x00000002   Code   RO          363    i.GPIO_A5_IRQHandler  isr.o
    0x00000b20   0x00000b20   0x00000002   Code   RO          364    i.GPIO_B6_IRQHandler  isr.o
    0x00000b22   0x00000b22   0x0000000e   Code   RO          932    i.GPIO_InitIO       gpio_i2c.o
    0x00000b30   0x00000b30   0x00000014   Code   RO          933    i.GPIO_ReadIO       gpio_i2c.o
    0x00000b44   0x00000b44   0x0000000e   Code   RO          934    i.GPIO_WriteIO      gpio_i2c.o
    0x00000b52   0x00000b52   0x00000002   PAD
    0x00000b54   0x00000b54   0x00000328   Code   RO         1065    i.GeckoGpadcGetRawData  adc.o
    0x00000e7c   0x00000e7c   0x00000030   Code   RO         1626    i.Gecko_DMA_Transport  dma.o
    0x00000eac   0x00000eac   0x000000dc   Code   RO          499    i.Gecko_Set_BaudRate  uart.o
    0x00000f88   0x00000f88   0x00000010   Code   RO          501    i.Gecko_Uart0_Send_Char  uart.o
    0x00000f98   0x00000f98   0x0000000c   Code   RO         1372    i.Get_SysTick_VALUE  systick.o
    0x00000fa4   0x00000fa4   0x00000104   Code   RO         1066    i.Get_Vbat_Voltage  adc.o
    0x000010a8   0x000010a8   0x000000de   Code   RO         4051    i.Gui_DrawArc       gui.o
    0x00001186   0x00001186   0x00000032   Code   RO         4052    i.Gui_DrawFillRect  gui.o
    0x000011b8   0x000011b8   0x0000004e   Code   RO         4054    i.Gui_DrawLine_Fast  gui.o
    0x00001206   0x00001206   0x00000002   PAD
    0x00001208   0x00001208   0x0000002c   Code   RO         2597    i.Gui_DrawPoint     lcd_driver.o
    0x00001234   0x00001234   0x0000004e   Code   RO         4055    i.Gui_DrawRect      gui.o
    0x00001282   0x00001282   0x0000009e   Code   RO         4057    i.Gui_FillCircle    gui.o
    0x00001320   0x00001320   0x00000066   Code   RO         4059    i.Gui_ProgressBar   gui.o
    0x00001386   0x00001386   0x00000002   PAD
    0x00001388   0x00001388   0x000000b8   Code   RO         1156    i.HW_SPI_Initialise  spi.o
    0x00001440   0x00001440   0x00000030   Code   RO         1157    i.HW_SPI_Interrupt_Handler  spi.o
    0x00001470   0x00001470   0x00000038   Code   RO         1162    i.HW_SPI_Tx_DMA     spi.o
    0x000014a8   0x000014a8   0x00000030   Code   RO         1164    i.HW_SPI_Tx_DMA_16bit_ColorBlock  spi.o
    0x000014d8   0x000014d8   0x00000038   Code   RO         1165    i.HW_SPI_Tx_DMA_32bit  spi.o
    0x00001510   0x00001510   0x00000038   Code   RO         1166    i.HW_SPI_Tx_DMA_8bit  spi.o
    0x00001548   0x00001548   0x00000002   Code   RO          366    i.HardFault_Handler  isr.o
    0x0000154a   0x0000154a   0x00000034   Code   RO         2598    i.LCD_GPIO_Init     lcd_driver.o
    0x0000157e   0x0000157e   0x00000002   PAD
    0x00001580   0x00001580   0x00000020   Code   RO         2599    i.LCD_WriteData_16Bit  lcd_driver.o
    0x000015a0   0x000015a0   0x00000018   Code   RO          162    i.LDO33_AUX_Disable  aon.o
    0x000015b8   0x000015b8   0x00000024   Code   RO          163    i.LDO33_AUX_Enable  aon.o
    0x000015dc   0x000015dc   0x0000001c   Code   RO         2600    i.Lcd_Clear         lcd_driver.o
    0x000015f8   0x000015f8   0x000002b2   Code   RO         2602    i.Lcd_Init          lcd_driver.o
    0x000018aa   0x000018aa   0x00000036   Code   RO         2603    i.Lcd_Reset         lcd_driver.o
    0x000018e0   0x000018e0   0x00000036   Code   RO         2604    i.Lcd_SetRegion     lcd_driver.o
    0x00001916   0x00001916   0x00000002   PAD
    0x00001918   0x00001918   0x00000020   Code   RO         2605    i.Lcd_WriteData     lcd_driver.o
    0x00001938   0x00001938   0x00000020   Code   RO         2606    i.Lcd_WriteIndex    lcd_driver.o
    0x00001958   0x00001958   0x00000030   Code   RO         1168    i.Lcd_Write_data_dma  spi.o
    0x00001988   0x00001988   0x00000002   Code   RO          367    i.NMI_Handler       isr.o
    0x0000198a   0x0000198a   0x00000002   PAD
    0x0000198c   0x0000198c   0x00000018   Code   RO           11    i.NVIC_ClearPendingIRQ  system_initial.o
    0x000019a4   0x000019a4   0x00000018   Code   RO           13    i.NVIC_EnableIRQ    system_initial.o
    0x000019bc   0x000019bc   0x00000044   Code   RO           16    i.NVIC_SetPriority  system_initial.o
    0x00001a00   0x00001a00   0x0000007c   Code   RO          165    i.Osc32M_Freq_Trimming  aon.o
    0x00001a7c   0x00001a7c   0x00000002   Code   RO          368    i.PendSV_Handler    isr.o
    0x00001a7e   0x00001a7e   0x00000008   Code   RO          369    i.QSPI_CTRL_IRQHandler  isr.o
    0x00001a86   0x00001a86   0x00000002   Code   RO          370    i.SVC_Handler       isr.o
    0x00001a88   0x00001a88   0x00000068   Code   RO         4207    i.ShowNum_48        ui_app.o
    0x00001af0   0x00001af0   0x00000050   Code   RO         4208    i.ShowPersent       ui_app.o
    0x00001b40   0x00001b40   0x00000030   Code   RO         1379    i.SysTick_Config    systick.o
    0x00001b70   0x00001b70   0x00000024   Code   RO         3918    i.SystemInit        main.o
    0x00001b94   0x00001b94   0x00000008   Code   RO          371    i.TIMER0_IRQHandler  isr.o
    0x00001b9c   0x00001b9c   0x00000008   Code   RO          372    i.TIMER1_IRQHandler  isr.o
    0x00001ba4   0x00001ba4   0x00000080   Code   RO         1849    i.Task_BMS_Update   bms_ip2366.o
    0x00001c24   0x00001c24   0x00000010   Code   RO         1763    i.Task_Charger_Control  charger.o
    0x00001c34   0x00001c34   0x000000f8   Code   RO         4010    i.Task_KeyScan      key_process.o
    0x00001d2c   0x00001d2c   0x00000024   Code   RO         4060    i.Task_UI_Refresh   gui.o
    0x00001d50   0x00001d50   0x00000010   Code   RO         1318    i.Timer0_Interrupt_Handler  timer.o
    0x00001d60   0x00001d60   0x00000008   Code   RO          373    i.UART0_IRQHandler  isr.o
    0x00001d68   0x00001d68   0x00000034   Code   RO          512    i.UART0_Interrupt_Handler  uart.o
    0x00001d9c   0x00001d9c   0x00000008   Code   RO          374    i.UART1_IRQHandler  isr.o
    0x00001da4   0x00001da4   0x00000034   Code   RO          513    i.UART1_Interrupt_Handler  uart.o
    0x00001dd8   0x00001dd8   0x0000005c   Code   RO          519    i.Uart_16550_Initialise  uart.o
    0x00001e34   0x00001e34   0x00000020   Code   RO          375    i.WDT_IRQHandler    isr.o
    0x00001e54   0x00001e54   0x00000020   Code   RO         4500    i.__0printf         mc_p.l(printfa.o)
    0x00001e74   0x00001e74   0x0000002e   Code   RO         4614    i.__ARM_clz         mf_p.l(depilogue.o)
    0x00001ea2   0x00001ea2   0x0000001a   Code   RO          343    i.__ARM_common_switch8  iomux.o
    0x00001ebc   0x00001ebc   0x0000000e   Code   RO         4624    i.__scatterload_copy  mc_p.l(handlers.o)
    0x00001eca   0x00001eca   0x00000002   Code   RO         4625    i.__scatterload_null  mc_p.l(handlers.o)
    0x00001ecc   0x00001ecc   0x0000000e   Code   RO         4626    i.__scatterload_zeroinit  mc_p.l(handlers.o)
    0x00001eda   0x00001eda   0x00000002   PAD
    0x00001edc   0x00001edc   0x00000174   Code   RO         4507    i._fp_digits        mc_p.l(printfa.o)
    0x00002050   0x00002050   0x000006ec   Code   RO         4508    i._printf_core      mc_p.l(printfa.o)
    0x0000273c   0x0000273c   0x00000020   Code   RO         4509    i._printf_post_padding  mc_p.l(printfa.o)
    0x0000275c   0x0000275c   0x0000002c   Code   RO         4510    i._printf_pre_padding  mc_p.l(printfa.o)
    0x00002788   0x00002788   0x00000016   Code   RO         1068    i.adc_delay_us      adc.o
    0x0000279e   0x0000279e   0x00000018   Code   RO          168    i.aon_wakeup_irq_cfg  aon.o
    0x000027b6   0x000027b6   0x00000002   PAD
    0x000027b8   0x000027b8   0x00000068   Code   RO         2404    i.bsr1901_prepare_sleep_for_pin_wakeup  xt25f32.o
    0x00002820   0x00002820   0x00000034   Code   RO         1765    i.charger_init      charger.o
    0x00002854   0x00002854   0x000000e4   Code   RO         1766    i.charger_process   charger.o
    0x00002938   0x00002938   0x00000016   Code   RO         2609    i.delay_1ms         lcd_driver.o
    0x0000294e   0x0000294e   0x00000010   Code   RO         2320    i.delay_1us         dpi_common.o
    0x0000295e   0x0000295e   0x00000014   Code   RO         2610    i.delay_ms          lcd_driver.o
    0x00002972   0x00002972   0x0000000e   Code   RO          521    i.fputc             uart.o
    0x00002980   0x00002980   0x00000024   Code   RO         2405    i.gecko_ahb2qspi_ctrl_irq_handler  xt25f32.o
    0x000029a4   0x000029a4   0x00000010   Code   RO         2406    i.gecko_aon_wakeup_irq_handler  xt25f32.o
    0x000029b4   0x000029b4   0x00000014   Code   RO          285    i.gecko_cmu_init    cmu.o
    0x000029c8   0x000029c8   0x000001b8   Code   RO          318    i.gecko_pinmux_config  iomux.o
    0x00002b80   0x00002b80   0x00000010   Code   RO          319    i.gecko_pinmux_default_config  iomux.o
    0x00002b90   0x00002b90   0x00000024   Code   RO         1319    i.gecko_timer1_irq_handler  timer.o
    0x00002bb4   0x00002bb4   0x00000158   Code   RO         1852    i.get_chg_vbus_voltage  bms_ip2366.o
    0x00002d0c   0x00002d0c   0x0000005c   Code   RO         1858    i.get_ipxs_state    bms_ip2366.o
    0x00002d68   0x00002d68   0x00000030   Code   RO         1863    i.get_voltage_battery  bms_ip2366.o
    0x00002d98   0x00002d98   0x00000030   Code   RO         1865    i.get_voltage_vsys  bms_ip2366.o
    0x00002dc8   0x00002dc8   0x0000008e   Code   RO          935    i.gpio_i2c_RxByte   gpio_i2c.o
    0x00002e56   0x00002e56   0x000000b2   Code   RO          936    i.gpio_i2c_TxByte   gpio_i2c.o
    0x00002f08   0x00002f08   0x00000058   Code   RO          940    i.gpio_i2c_rdabt_rf_read_data  gpio_i2c.o
    0x00002f60   0x00002f60   0x0000005c   Code   RO          943    i.gpio_i2c_start    gpio_i2c.o
    0x00002fbc   0x00002fbc   0x00000054   Code   RO          944    i.gpio_i2c_stop     gpio_i2c.o
    0x00003010   0x00003010   0x0000003c   Code   RO          730    i.gpio_set_output   gpio.o
    0x0000304c   0x0000304c   0x00000024   Code   RO          731    i.gpio_set_value    gpio.o
    0x00003070   0x00003070   0x00000028   Code   RO         2408    i.h2l_wr_busy       xt25f32.o
    0x00003098   0x00003098   0x00000030   Code   RO          946    i.hal_GpioClr       gpio_i2c.o
    0x000030c8   0x000030c8   0x00000030   Code   RO          947    i.hal_GpioGet       gpio_i2c.o
    0x000030f8   0x000030f8   0x00000030   Code   RO          948    i.hal_GpioSet       gpio_i2c.o
    0x00003128   0x00003128   0x00000024   Code   RO          949    i.hal_GpioSetIn     gpio_i2c.o
    0x0000314c   0x0000314c   0x00000024   Code   RO          950    i.hal_GpioSetOut    gpio_i2c.o
    0x00003170   0x00003170   0x0000000a   Code   RO         1767    i.hal_get_icharge_ma  charger.o
    0x0000317a   0x0000317a   0x00000008   Code   RO           20    i.hal_nvic_clear_pending_irq  system_initial.o
    0x00003182   0x00003182   0x00000008   Code   RO           22    i.hal_nvic_enable_irq  system_initial.o
    0x0000318a   0x0000318a   0x00000008   Code   RO           25    i.hal_nvic_set_priority  system_initial.o
    0x00003192   0x00003192   0x00000002   PAD
    0x00003194   0x00003194   0x00000014   Code   RO          376    i.iWDT_IRQHandler   isr.o
    0x000031a8   0x000031a8   0x0000001c   Code   RO         1563    i.iWDT_Timer_Disable  watchdog.o
    0x000031c4   0x000031c4   0x00000014   Code   RO         1884    i.ipxs_readByte     bms_ip2366.o
    0x000031d8   0x000031d8   0x00000022   Code   RO         1174    i.lcd_dma_refresh_colorblock  spi.o
    0x000031fa   0x000031fa   0x00000002   PAD
    0x000031fc   0x000031fc   0x000001d4   Code   RO         3919    i.main              main.o
    0x000033d0   0x000033d0   0x00000014   Code   RO         2410    i.manba_task_cpu_goto_sleep  xt25f32.o
    0x000033e4   0x000033e4   0x00000024   Code   RO          732    i.mi_tou_detect     gpio.o
    0x00003408   0x00003408   0x00000006   Code   RO           26    i.pEnterCriticalSection  system_initial.o
    0x0000340e   0x0000340e   0x00000004   Code   RO           27    i.pExitCriticalSection  system_initial.o
    0x00003412   0x00003412   0x00000080   Code   RO         1770    i.pid_update        charger.o
    0x00003492   0x00003492   0x00000002   PAD
    0x00003494   0x00003494   0x00000060   Code   RO         2419    i.tc_gecko_cm0_aon_sleep  xt25f32.o
    0x000034f4   0x000034f4   0x000000ac   Code   RO         4210    i.ui_paint_bat_percent  ui_app.o
    0x000035a0   0x000035a0   0x00000020   Code   RO         4212    i.ui_paint_color_circle  ui_app.o
    0x000035c0   0x000035c0   0x00002274   Data   RO         2774    .constdata          bat_90x49.o
    0x00005834   0x00005834   0x00008000   Data   RO         2782    .constdata          black_128x128.o
    0x0000d834   0x0000d834   0x00008000   Data   RO         2790    .constdata          charging.o
    0x00015834   0x00015834   0x00008000   Data   RO         2798    .constdata          charging_32bit.o
    0x0001d834   0x0001d834   0x000005a0   Data   RO         2822    .constdata          font_0_9_digital_32b.o
    0x0001ddd4   0x0001ddd4   0x00000020   Data   RO         2824    .constdata          font_0_9_digital_32b.o
    0x0001ddf4   0x0001ddf4   0x00008000   Data   RO         2840    .constdata          img_battery.o
    0x00025df4   0x00025df4   0x00008000   Data   RO         2848    .constdata          img_battery_32b.o
    0x0002ddf4   0x0002ddf4   0x00008000   Data   RO         2856    .constdata          img_cake.o
    0x00035df4   0x00035df4   0x00008000   Data   RO         2872    .constdata          img_star.o
    0x0003ddf4   0x0003ddf4   0x00008000   Data   RO         2880    .constdata          img_star_32b.o
    0x00045df4   0x00045df4   0x00004e20   Data   RO         2888    .constdata          ui_circle_100x100.o
    0x0004ac14   0x0004ac14   0x0000008e   Data   RO         1904    .conststring        bms_ip2366.o
    0x0004aca2   0x0004aca2   0x00000002   PAD
    0x0004aca4   0x0004aca4   0x00000030   Data   RO         4622    Region$$Table       anon$$obj.o


    Execution Region RW_IRAM1 (Exec base: 0x20000000, Load base: 0x0004acd4, Size: 0x00000088, Max: 0x00001000, ABSOLUTE)

    Exec Addr    Load Addr    Size         Type   Attr      Idx    E Section Name        Object

    0x20000000   0x0004acd4   0x0000000c   Data   RW          173    .data               aon.o
    0x2000000c   0x0004ace0   0x0000000c   Data   RW          378    .data               isr.o
    0x20000018   0x0004acec   0x00000001   Data   RW          951    .data               gpio_i2c.o
    0x20000019   0x0004aced   0x00000003   PAD
    0x2000001c   0x0004acf0   0x00000008   Data   RW         1175    .data               spi.o
    0x20000024   0x0004acf8   0x00000004   Data   RW         1320    .data               timer.o
    0x20000028   0x0004acfc   0x00000031   Data   RW         1905    .data               bms_ip2366.o
    0x20000059   0x0004ad2d   0x00000001   Data   RW         3923    .data               main.o
    0x2000005a   0x0004ad2e   0x00000001   Data   RW         4213    .data               ui_app.o
    0x2000005b   0x0004ad2f   0x00000001   PAD
    0x2000005c   0x0004ad30   0x00000004   Data   RW         4598    .data               mc_p.l(stdout.o)
    0x20000060        -       0x00000028   Zero   RW         1775    .bss                charger.o


    Execution Region __RAM_CODE__ (Exec base: 0x20000088, Load base: 0x0004ad34, Size: 0x000002ac, Max: 0xffffffff, ABSOLUTE)

    Exec Addr    Load Addr    Size         Type   Attr      Idx    E Section Name        Object

    0x20000088   0x0004ad34   0x0000000c   Ven    RO         4634    Veneer$$Code        anon$$obj.o
    0x20000094   0x0004ad40   0x0000000c   Ven    RO         4635    Veneer$$Code        anon$$obj.o
    0x200000a0   0x0004ad4c   0x00000040   Code   RO          377    ram_code            isr.o
    0x200000e0   0x0004ad8c   0x0000001c   Code   RO         1629    ram_code            dma.o
    0x200000fc   0x0004ada8   0x0000001c   Code   RO         2330    ram_code            dpi_common.o
    0x20000118   0x0004adc4   0x0000021c   Code   RO         2427    ram_code            xt25f32.o


==============================================================================

Image component sizes


      Code (inc. data)   RO Data    RW Data    ZI Data      Debug   Object Name

      1090        680          0          0          0       2613   adc.o
       324         30          0         12          0       2828   aon.o
         0          0       8820          0          0        559   bat_90x49.o
         0          0      32768          0          0        583   black_128x128.o
       680        358        142         49          0      13453   bms_ip2366.o
       434         48          0          0         40       5143   charger.o
         0          0      32768          0          0        558   charging.o
         0          0      32768          0          0        600   charging_32bit.o
        20          4          0          0          0        817   cmu.o
       136         14          0          0          0       2216   dma.o
        44          0          0          0          0       2218   dpi_common.o
         0          0       1472          0          0        789   font_0_9_digital_32b.o
       204         40          0          0          0       3292   gpio.o
       896         52          0          1          0      10348   gpio_i2c.o
       874          4          0          0          0       6005   gui.o
         0          0      32768          0          0        581   img_battery.o
         0          0      32768          0          0        601   img_battery_32b.o
         0          0      32768          0          0        566   img_cake.o
         0          0      32768          0          0        566   img_star.o
         0          0      32768          0          0        588   img_star_32b.o
       482         38          0          0          0      10335   iomux.o
       188         24          0         12          0      14572   isr.o
       248        132          0          0          0        567   key_process.o
      1060         32          0          0          0       9505   lcd_driver.o
       504         48          0          1          0       6851   main.o
       530        176          0          8          0       5869   spi.o
        28          4        192          0          0        772   startup_cm0.o
       150         20          0          0          0      21661   system_initial.o
        60         16          0          0          0        961   systick.o
        52         16          0          4          0       1777   timer.o
       446         50          0          0          0       4540   uart.o
       388         30          0          1          0       2262   ui_app.o
         0          0      20000          0          0        600   ui_circle_100x100.o
        28          8          0          0          0        401   watchdog.o
       852         82          0          0          0      10824   xt25f32.o

    ----------------------------------------------------------------------
      9814       1930     292820         92         40     146421   Object Totals
        72         24         48          0          0          0   (incl. Generated)
        24          0          2          4          0          0   (incl. Padding)

    ----------------------------------------------------------------------

      Code (inc. data)   RO Data    RW Data    ZI Data      Debug   Library Member Name

         0          0          0          0          0          0   entry.o
         0          0          0          0          0          0   entry10a.o
         0          0          0          0          0          0   entry11a.o
         8          4          0          0          0          0   entry2.o
         4          0          0          0          0          0   entry5.o
         0          0          0          0          0          0   entry7b.o
         0          0          0          0          0          0   entry8b.o
         8          4          0          0          0          0   entry9a.o
        30          0          0          0          0          0   handlers.o
        40          0          0          0          0         72   idiv.o
        36          8          0          0          0         68   init.o
         0          0          0          0          0          0   iusefp.o
        32          0          0          0          0         68   llshl.o
        38          0          0          0          0         68   llsshr.o
        34          0          0          0          0         68   llushr.o
      2252         98          0          0          0        412   printfa.o
         0          0          0          4          0          0   stdout.o
        44          0          0          0          0         72   uidiv.o
        96          0          0          0          0         84   uldiv.o
        20          0          0          0          0         60   uread4.o
        40          2          0          0          0         68   cdrcmple.o
        20          0          0          0          0         68   cfcmple.o
        20          0          0          0          0         68   cfrcmple.o
       356          4          0          0          0        140   dadd.o
       240          6          0          0          0         84   ddiv.o
       236          0          0          0          0        216   depilogue.o
        72         10          0          0          0         72   dfixi.o
        64         10          0          0          0         68   dfixul.o
        40          6          0          0          0         68   dflti.o
       208          6          0          0          0         88   dmul.o
       178          0          0          0          0        108   fadd.o
       130          0          0          0          0        144   fepilogue.o
        50          0          0          0          0         60   ffixi.o
        14          0          0          0          0         68   ffltui.o
       122          0          0          0          0         72   fmul.o

    ----------------------------------------------------------------------
      4438        158          0          4          0       2364   Library Totals
         6          0          0          0          0          0   (incl. Padding)

    ----------------------------------------------------------------------

      Code (inc. data)   RO Data    RW Data    ZI Data      Debug   Library Name

      2642        114          0          4          0        972   mc_p.l
      1790         44          0          0          0       1392   mf_p.l

    ----------------------------------------------------------------------
      4438        158          0          4          0       2364   Library Totals

    ----------------------------------------------------------------------

==============================================================================


      Code (inc. data)   RO Data    RW Data    ZI Data      Debug   

     14252       2088     292820         96         40     142269   Grand Totals
     14252       2088     292820         96         40     142269   ELF Image Totals
     14252       2088     292820         96          0          0   ROM Totals

==============================================================================

    Total RO  Size (Code + RO Data)               307072 ( 299.88kB)
    Total RW  Size (RW Data + ZI Data)               136 (   0.13kB)
    Total ROM Size (Code + RO Data + RW Data)     307168 ( 299.97kB)

==============================================================================

