Component: ARM Compiler 5.06 update 6 (build 750) Tool: armlink [4d35ed]

==============================================================================

Section Cross References

    startup_cm0.o(RESET) refers to startup_cm0.o(.text) for Reset_Handler
    startup_cm0.o(RESET) refers to isr.o(i.SysTick_Handler) for SysTick_Handler
    startup_cm0.o(RESET) refers to isr.o(i.UART0_IRQHandler) for UART0_IRQHandler
    startup_cm0.o(RESET) refers to isr.o(i.UART1_IRQHandler) for UART1_IRQHandler
    startup_cm0.o(RESET) refers to isr.o(ram_code) for DMA_IRQHandler
    startup_cm0.o(RESET) refers to isr.o(i.TIMER0_IRQHandler) for TIMER0_IRQHandler
    startup_cm0.o(RESET) refers to isr.o(i.TIMER1_IRQHandler) for TIMER1_IRQHandler
    startup_cm0.o(RESET) refers to isr.o(i.GPADC_IRQHandler) for GPADC_IRQHandler
    startup_cm0.o(RESET) refers to isr.o(i.WDT_IRQHandler) for WDT_IRQHandler
    startup_cm0.o(RESET) refers to isr.o(i.APB_SPI0_IRQnHandler) for APB_SPI0_IRQnHandler
    startup_cm0.o(RESET) refers to isr.o(i.APB_SPI1_IRQnHandler) for APB_SPI1_IRQnHandler
    startup_cm0.o(RESET) refers to isr.o(i.QSPI_CTRL_IRQHandler) for QSPI_CTRL_IRQHandler
    startup_cm0.o(RESET) refers to isr.o(i.GPIO_A5_IRQHandler) for GPIO_A5_IRQHandler
    startup_cm0.o(RESET) refers to isr.o(i.GPIO_B6_IRQHandler) for GPIO_B6_IRQHandler
    startup_cm0.o(RESET) refers to isr.o(i.AON_WKUP_IRQHandler) for AON_WKUP_IRQHandler
    startup_cm0.o(RESET) refers to isr.o(i.CMU2AHB_IRQHandler) for CMU2AHB_IRQHandler
    startup_cm0.o(.text) refers to entry.o(.ARM.Collect$$$$00000000) for __main
    system_initial.o(i.hal_nvic_clear_pending_irq) refers to system_initial.o(i.NVIC_ClearPendingIRQ) for NVIC_ClearPendingIRQ
    system_initial.o(i.hal_nvic_disable_irq) refers to system_initial.o(i.NVIC_DisableIRQ) for NVIC_DisableIRQ
    system_initial.o(i.hal_nvic_enable_irq) refers to system_initial.o(i.NVIC_EnableIRQ) for NVIC_EnableIRQ
    system_initial.o(i.hal_nvic_get_pending_irq) refers to system_initial.o(i.NVIC_GetPendingIRQ) for NVIC_GetPendingIRQ
    system_initial.o(i.hal_nvic_set_pending_irq) refers to system_initial.o(i.NVIC_SetPendingIRQ) for NVIC_SetPendingIRQ
    system_initial.o(i.hal_nvic_set_priority) refers to system_initial.o(i.NVIC_SetPriority) for NVIC_SetPriority
    adc.o(i.ADC_Init) refers to adc.o(.bss) for .bss
    adc.o(i.GeckoGpadcGetRawData) refers to adc.o(i.adc_delay_us) for adc_delay_us
    adc.o(i.GeckoGpadcGetRawData) refers to adc.o(i.__ARM_common_switch8) for __ARM_common_switch8
    adc.o(i.Get_Vbat_Voltage) refers to adc.o(i.adc_delay_us) for adc_delay_us
    adc.o(i.Get_Vbat_Voltage) refers to uidiv.o(.text) for __aeabi_uidivmod
    adc.o(i.Get_Vbat_Voltage) refers to dflti.o(.text) for __aeabi_i2d
    adc.o(i.Get_Vbat_Voltage) refers to dmul.o(.text) for __aeabi_dmul
    adc.o(i.Get_Vbat_Voltage) refers to dfixi.o(.text) for __aeabi_d2iz
    adc.o(i.adc_delay_us) refers to fadd.o(.text) for __aeabi_fsub
    aon.o(i.Analog_Ctrl_1_Init) refers to dpi_common.o(ram_code) for reg_write
    aon.o(i.Analog_Ctrl_1_Init) refers to aon.o(.data) for .data
    aon.o(i.Analog_Ctrl_2_Init) refers to uart.o(i.UATR0_PRINT_LOG) for UATR0_PRINT_LOG
    aon.o(i.Analog_Ctrl_2_Init) refers to uart.o(i.my_itoa) for my_itoa
    aon.o(i.Analog_Ctrl_2_Init) refers to aon.o(.data) for .data
    aon.o(i.BSR1901_GPIO_WakeUp_From_DeepSleep) refers to dpi_common.o(ram_code) for reg_read
    aon.o(i.BSR1901_GPIO_WakeUp_From_DeepSleep) refers to xt25f32.o(i.h2l_wr_busy) for h2l_wr_busy
    aon.o(i.ConfigPort_AnalogFunction) refers to dpi_common.o(ram_code) for reg_read
    aon.o(i.GEK1109_PAD_pullup_pulldown_Config) refers to dpi_common.o(ram_code) for reg_read
    aon.o(i.GEK_Retention_Reg_Access) refers to dpi_common.o(ram_code) for reg_write
    aon.o(i.GPIO_WakeUp_Setting) refers to dpi_common.o(ram_code) for reg_read
    aon.o(i.GPIO_WakeUp_Setting) refers to aon.o(.data) for .data
    aon.o(i.LDO18_Ctrl) refers to dpi_common.o(ram_code) for reg_read
    aon.o(i.LDO18_Ctrl) refers to aon.o(.data) for .data
    aon.o(i.LDO33_AUX_Disable) refers to dpi_common.o(ram_code) for reg_read
    aon.o(i.LDO33_AUX_Enable) refers to dpi_common.o(ram_code) for reg_read
    aon.o(i.LDO33_OUT_Ctrl) refers to dpi_common.o(ram_code) for reg_read
    aon.o(i.LDO33_OUT_Ctrl) refers to aon.o(.data) for .data
    aon.o(i.Osc32M_Freq_Trimming) refers to dpi_common.o(ram_code) for reg_read
    aon.o(i.Osc32M_Freq_Trimming) refers to aon.o(.data) for .data
    aon.o(i.PWR_MOS_Gate_CTRL) refers to dpi_common.o(ram_code) for reg_read
    aon.o(i.PWR_MOS_Gate_CTRL) refers to uart.o(i.UATR0_PRINT_LOG) for UATR0_PRINT_LOG
    aon.o(i.PWR_MOS_Gate_CTRL) refers to uart.o(i.my_itoa) for my_itoa
    aon.o(i.PWR_MOS_Gate_CTRL) refers to aon.o(.data) for .data
    aon.o(i.aon_reg_wr_busy) refers to dpi_common.o(ram_code) for reg_read
    aon.o(i.aon_reg_wr_busy) refers to xt25f32.o(i.h2l_wr_busy) for h2l_wr_busy
[...]
    Removing uart.o(i.Uart0_SendString), (60 bytes).
    Removing uart.o(i.bsr1901_product_information), (364 bytes).
    Removing uart.o(i.fputc), (14 bytes).
    Removing uart.o(i.gecko_uart0_init), (44 bytes).
    Removing uart.o(i.gecko_uart1_init), (44 bytes).
    Removing uart.o(i.gecko_uart2_init), (44 bytes).
    Removing uart.o(i.my_itoa), (120 bytes).
    Removing uart.o(i.pDebugPrintfEX), (42 bytes).
    Removing uart.o(i.print_build_information), (2 bytes).
    Removing uart.o(i.reverse), (38 bytes).
    Removing uart.o(i.uart_delay_us), (6 bytes).
    Removing uart.o(i.uart_tx_test), (36 bytes).
    Removing uart.o(.bss), (64 bytes).
    Removing uart.o(.bss), (64 bytes).
    Removing uart.o(.conststring), (160 bytes).
    Removing uart.o(.data), (4 bytes).
    Removing gpio.o(i.GPIOB4_init), (36 bytes).
    Removing gpio.o(i.GPIO_Hall_HighLevel_Interrupt_Init), (32 bytes).
    Removing gpio.o(i.GPIO_Hall_IRQ_Init), (108 bytes).
    Removing gpio.o(i.GPIO_Hall_LowLevel_Interrupt_Init), (32 bytes).
    Removing gpio.o(i.GpiopinMode), (80 bytes).
    Removing gpio.o(i.GpiopinRead), (48 bytes).
    Removing gpio.o(i.GpiopinWrite), (44 bytes).
    Removing gpio.o(i.K27_KEY_Detect), (36 bytes).
    Removing gpio.o(i.KP85_KEY2_Detect), (36 bytes).
    Removing gpio.o(i.Key1_Detect), (30 bytes).
    Removing gpio.o(i.Set_GPIOA6_Input), (32 bytes).
    Removing gpio.o(i.Set_GPIOA6_output), (16 bytes).
    Removing gpio.o(i.Set_GPIO_B7_Input), (32 bytes).
    Removing gpio.o(i.gpio_delay_us), (36 bytes).
    Removing gpio.o(i.gpio_get_value), (40 bytes).
    Removing gpio.o(i.gpio_hall_int_callback_func), (28 bytes).
    Removing gpio.o(i.gpio_set_eint_both), (84 bytes).
    Removing gpio.o(i.gpio_set_eint_falling), (124 bytes).
    Removing gpio.o(i.gpio_set_eint_rising), (124 bytes).
    Removing gpio.o(i.gpio_set_input), (60 bytes).
    Removing gpio.o(i.gpio_set_lint_high), (60 bytes).
    Removing gpio.o(i.gpio_set_lint_low), (60 bytes).
    Removing gpio.o(i.mi_tou_detect), (36 bytes).
    Removing gpio.o(i.set_gpiob4_h), (12 bytes).
    Removing gpio.o(i.set_gpiob4_l), (12 bytes).
    Removing gpio.o(i.set_led_off), (64 bytes).
    Removing gpio.o(i.set_led_on), (64 bytes).
    Removing gpio.o(i.set_uart1_for_gpio_h), (2 bytes).
    Removing gpio.o(i.set_uart1_for_gpio_l), (2 bytes).
    Removing gpio.o(.data), (10 bytes).
    Removing gpio.o(.data), (1 bytes).
    Removing gpio.o(.data), (1 bytes).
    Removing gpio.o(.data), (1 bytes).
    Removing gpio.o(.data), (1 bytes).
    Removing gpio.o(.data), (1 bytes).
    Removing gpio.o(.data), (1 bytes).
    Removing gpio_i2c.o(i.DRV_GpioGetLevel_I2C), (12 bytes).
    Removing gpio_i2c.o(i.DRV_GpioSetDirection_I2C), (18 bytes).
    Removing gpio_i2c.o(i.DRV_GpioSetLevel_I2C), (18 bytes).
    Removing gpio_i2c.o(i.GPIO_InitIO), (14 bytes).
    Removing gpio_i2c.o(i.GPIO_ReadIO), (20 bytes).
    Removing gpio_i2c.o(i.GPIO_WriteIO), (14 bytes).
    Removing gpio_i2c.o(i.gpio_i2c_RxByte), (142 bytes).
    Removing gpio_i2c.o(i.gpio_i2c_TxByte), (178 bytes).
    Removing gpio_i2c.o(i.gpio_i2c_initialize), (118 bytes).
    Removing gpio_i2c.o(i.gpio_i2c_rdabt_core_read_data), (232 bytes).
    Removing gpio_i2c.o(i.gpio_i2c_rdabt_core_write_data), (112 bytes).
    Removing gpio_i2c.o(i.gpio_i2c_rdabt_rf_read_data), (88 bytes).
    Removing gpio_i2c.o(i.gpio_i2c_rdabt_rf_write_data), (74 bytes).
    Removing gpio_i2c.o(i.gpio_i2c_read_data), (112 bytes).
    Removing gpio_i2c.o(i.gpio_i2c_start), (92 bytes).
    Removing gpio_i2c.o(i.gpio_i2c_stop), (84 bytes).
    Removing gpio_i2c.o(i.gpio_i2c_write_data), (66 bytes).
    Removing gpio_i2c.o(i.hal_GpioClr), (48 bytes).
    Removing gpio_i2c.o(i.hal_GpioGet), (48 bytes).
    Removing gpio_i2c.o(i.hal_GpioSet), (48 bytes).
    Removing gpio_i2c.o(i.hal_GpioSetIn), (36 bytes).
    Removing gpio_i2c.o(i.hal_GpioSetOut), (36 bytes).
    Removing gpio_i2c.o(i.i2c_test), (22 bytes).
    Removing gpio_i2c.o(.data), (1 bytes).
    Removing spi.o(i.BSR1901_FireEye_Demo), (660 bytes).
    Removing spi.o(i.HW_SPI_Empty_FIFO), (16 bytes).
    Removing spi.o(i.HW_SPI_Interrupt_Handler), (48 bytes).
    Removing spi.o(i.HW_SPI_Read_Data), (32 bytes).
    Removing spi.o(i.HW_SPI_Setup), (24 bytes).
    Removing spi.o(i.HW_SPI_Tx), (36 bytes).
    Removing spi.o(i.HW_SPI_Tx_Block), (168 bytes).
    Removing spi.o(i.HW_SPI_Tx_Char_Polled), (52 bytes).
    Removing spi.o(i.HW_SPI_Tx_DMA_16bit), (56 bytes).
    Removing spi.o(i.HW_SPI_Write_Data), (20 bytes).
    Removing spi.o(i.SPI_16bit_Transfer), (16 bytes).
    Removing spi.o(i.SPI_24bit_Transfer), (16 bytes).
    Removing spi.o(i.SPI_32bit_Transfer), (16 bytes).
    Removing spi.o(i.SPI_8bit_Transfer), (16 bytes).
    Removing spi.o(i.lcd_dma_refresh), (36 bytes).
    Removing spi.o(.data), (8 bytes).
    Removing timer.o(i.Gecko_Timer_ClearInt), (16 bytes).
    Removing timer.o(i.Gecko_Timer_Disable_One), (20 bytes).
    Removing timer.o(i.Gecko_Timer_Enable_One), (20 bytes).
    Removing timer.o(i.Gecko_Timer_Init), (52 bytes).
    Removing timer.o(i.Gecko_Timer_Mask), (20 bytes).
    Removing timer.o(i.Gecko_Timer_Setting), (92 bytes).
    Removing timer.o(i.Gecko_Timer_Unmask), (20 bytes).
    Removing systick.o(i.Read_SysTick_VALUE), (12 bytes).
    Removing systick.o(i.Set_SysTick_CALIB), (12 bytes).
    Removing systick.o(i.Set_SysTick_CTRL), (12 bytes).
    Removing systick.o(i.Set_SysTick_LOAD), (12 bytes).
    Removing systick.o(i.Set_SysTick_VALUE), (12 bytes).
    Removing systick.o(i.SysTickHandler), (28 bytes).
    Removing systick.o(i.SysTick_Init), (20 bytes).
    Removing systick.o(i.SysTick_Timer_Init), (36 bytes).
    Removing systick.o(i.SysTick_Timer_Stop), (28 bytes).
    Removing systick.o(i.get_value), (12 bytes).
    Removing systick.o(i.sys_rand), (32 bytes).
    Removing systick.o(i.sys_srand), (12 bytes).
    Removing systick.o(i.systick_timer_stop), (16 bytes).
    Removing systick.o(.data), (4 bytes).
    Removing systick.o(.data), (4 bytes).
    Removing systick.o(.data), (4 bytes).
    Removing pwm.o(i.CST6118_Motor_PWM2_Control_Optimized), (128 bytes).
    Removing pwm.o(i.CST6118_Motor_PWM7_Control_Optimized), (108 bytes).
    Removing pwm.o(i.CST6118_Motor_PWM_Control), (48 bytes).
    Removing pwm.o(i.Config_PWM), (544 bytes).
    Removing pwm.o(i.PWM0_137KHz_CRTL_PMOS), (24 bytes).
    Removing pwm.o(i.PWM1_137KHz_CRTL_NMOS), (16 bytes).
    Removing pwm.o(i.PWM2_PWM7_Enable), (28 bytes).
    Removing pwm.o(i.PWM_Config_DeadZone_Td), (2 bytes).
    Removing pwm.o(i.SixCh_PWM5_Config), (48 bytes).
    Removing pwm.o(i.gecko_pwm_init), (76 bytes).
    Removing pwm.o(i.hw_pwm_enable), (84 bytes).
    Removing pwm.o(i.hw_pwm_invert), (100 bytes).
    Removing watchdog.o(i.feed_dog), (20 bytes).
    Removing watchdog.o(i.iWDT_Timer_Disable), (24 bytes).
    Removing watchdog.o(i.iWDT_Timer_Init), (48 bytes).
    Removing watchdog.o(i.iWDT_Timer_Restart), (24 bytes).
    Removing watchdog.o(i.watchdog_init), (76 bytes).
    Removing watchdog.o(i.watchdog_irq_clear), (32 bytes).
    Removing watchdog.o(i.watchdog_lock), (12 bytes).
    Removing watchdog.o(i.watchdog_set), (28 bytes).
    Removing watchdog.o(i.watchdog_unlock), (16 bytes).
    Removing watchdog.o(.data), (4 bytes).
    Removing watchdog.o(.data), (4 bytes).
    Removing watchdog.o(.data), (4 bytes).
    Removing watchdog.o(.data), (1 bytes).
    Removing dma.o(i.FIFORead), (52 bytes).
    Removing dma.o(i.FIFOWrite), (48 bytes).
    Removing dma.o(i.hw_memcpy8), (44 bytes).
    Removing dma.o(i.hw_memset8), (40 bytes).
    Removing efuse.o(i.Boot_Efuse_Read), (2 bytes).
    Removing efuse.o(i.ROM_SystemInit), (20 bytes).
    Removing efuse.o(i.gecko_efuse_read), (104 bytes).
    Removing efuse.o(i.gecko_efuse_write), (80 bytes).
    Removing efuse.o(i.gecko_read_efuse_rcosc32m_FREQ), (2 bytes).
    Removing efuse.o(i.gecko_read_efuse_rcosc32m_TC), (16 bytes).
    Removing efuse.o(.bss), (11 bytes).
    Removing efuse.o(.data), (4 bytes).
    Removing opa.o(i.LTC6912_SetGain), (138 bytes).
    Removing opa.o(i.OP_Amp_Config), (28 bytes).
    Removing opa.o(i.opa_cmp_mode), (48 bytes).
    Removing opa.o(.data), (50 bytes).
    Removing mos.o(i.BSR1901_MOS_Disable), (32 bytes).
    Removing mos.o(i.BSR1901_MOS_Enable), (28 bytes).
    Removing mos.o(i.BSR1901_MOS_Gate_CTRL), (172 bytes).
    Removing mos.o(.data), (1 bytes).
    Removing dpi_common.o(i.poll_reg_equal), (8 bytes).
    Removing dpi_common.o(i.poll_reg_equal_mask), (10 bytes).
    Removing dpi_common.o(i.reg_read_16bit), (4 bytes).
    Removing dpi_common.o(i.reg_read_32bit), (4 bytes).
    Removing dpi_common.o(i.reg_read_8bit), (4 bytes).
    Removing dpi_common.o(i.reg_read_check), (14 bytes).
    Removing dpi_common.o(i.reg_write_16bit), (4 bytes).
    Removing dpi_common.o(i.reg_write_32bit), (4 bytes).
    Removing dpi_common.o(i.reg_write_8bit), (4 bytes).
    Removing xt25f32.o(i.EraseChip), (64 bytes).
    Removing xt25f32.o(i.Gek1108_NV_Save_UserData), (264 bytes).
    Removing xt25f32.o(i.HJ_Read_UserData), (36 bytes).
    Removing xt25f32.o(i.HJ_Save_UserData), (76 bytes).
    Removing xt25f32.o(i.Init), (4 bytes).
    Removing xt25f32.o(i.OW_GetDQ), (4 bytes).
    Removing xt25f32.o(i.ReadPage), (76 bytes).
    Removing xt25f32.o(i.UnInit), (4 bytes).
    Removing xt25f32.o(i.bsr1901_prepare_sleep_for_pin_wakeup), (104 bytes).
    Removing xt25f32.o(i.gecko_task_cm0_sw_flash_quad), (308 bytes).
    Removing xt25f32.o(i.h2l_wr_busy), (40 bytes).
    Removing xt25f32.o(i.manba_task_clr_aon_wakeup_int), (24 bytes).
    Removing xt25f32.o(i.manba_task_cpu_goto_sleep), (20 bytes).
    Removing xt25f32.o(i.manba_task_sys_debug), (40 bytes).
    Removing xt25f32.o(i.qspi_task_config_trans), (92 bytes).
    Removing xt25f32.o(i.qspi_task_reset_rxfifo), (36 bytes).
    Removing xt25f32.o(i.qspi_task_reset_spi), (36 bytes).
    Removing xt25f32.o(i.qspi_task_wait_endint), (76 bytes).
    Removing xt25f32.o(i.read_norflash), (8 bytes).
    Removing xt25f32.o(i.spi_nor_read_SR1), (192 bytes).
    Removing xt25f32.o(i.tc_gecko_aon_sanity), (2 bytes).
    Removing xt25f32.o(i.tc_gecko_aon_sanity_cm0), (32 bytes).
    Removing xt25f32.o(i.tc_gecko_cm0_aon_sleep), (96 bytes).
    Removing xt25f32.o(i.tc_qspi_to_xtx_dual_fast_rd), (100 bytes).
    Removing xt25f32.o(i.tc_qspi_to_xtx_page_op), (96 bytes).
    Removing xt25f32.o(i.tc_qspi_to_xtx_quad_fast_rd), (208 bytes).
    Removing xt25f32.o(i.tc_qspi_to_xtx_s_ahb_rd), (80 bytes).
    Removing xt25f32.o(i.tc_qspi_to_xtx_sanity), (192 bytes).
    Removing xt25f32.o(i.tc_qspi_to_xtx_single_wr), (804 bytes).
    Removing xt25f32.o(i.write_norflash), (8 bytes).
    Removing xt25f32.o(i.xtxflash_test_entry), (8 bytes).
    Removing xt25f32.o(.bss), (30 bytes).
    Removing xt25f32.o(.constdata), (16 bytes).
    Removing xt25f32.o(.data), (260 bytes).
    Removing lcd_driver.o(i.Gui_DrawPoint), (24 bytes).
    Removing lcd_driver.o(i.Lcd_Clear), (40 bytes).
    Removing lcd_driver.o(i.Lcd_Fill), (38 bytes).
    Removing lcd_driver.o(i.Lcd_ReadPoint), (16 bytes).
    Removing lcd_driver.o(i.Lcd_SetXY), (12 bytes).
    Removing lcd_driver.o(i.Lcd_WriteReg), (16 bytes).
    Removing lcd_driver.o(i.Lcd_Write_data_dma), (40 bytes).
    Removing main.o(.constdata), (12 bytes).
    Removing main.o(.constdata), (16 bytes).
    Removing main.o(.data), (2 bytes).
    Removing main.o(.data), (1 bytes).
    Removing main.o(.data), (1 bytes).
    Removing bms_ip2366.o(i.HAL_Delay), (2 bytes).
    Removing bms_ip2366.o(i._dly_ms), (24 bytes).
    Removing bms_ip2366.o(i.enter_always_on_mode), (24 bytes).
    Removing bms_ip2366.o(i.gek1109_ipxs_readByte), (50 bytes).
    Removing bms_ip2366.o(i.gek1109_ipxs_writeByte), (42 bytes).
    Removing bms_ip2366.o(i.get_chg_vbus_voltage), (344 bytes).
    Removing bms_ip2366.o(i.get_current_battery), (36 bytes).
    Removing bms_ip2366.o(i.get_current_ntc), (32 bytes).
    Removing bms_ip2366.o(i.get_current_vsys), (36 bytes).
    Removing bms_ip2366.o(i.get_i2c_int_status), (360 bytes).
    Removing bms_ip2366.o(i.get_ipxs_firmware_version), (108 bytes).
    Removing bms_ip2366.o(i.get_ipxs_state), (92 bytes).
    Removing bms_ip2366.o(i.get_multi_port_status), (80 bytes).
    Removing bms_ip2366.o(i.get_power_vsys), (36 bytes).
    Removing bms_ip2366.o(i.get_quick_charge_status), (136 bytes).
    Removing bms_ip2366.o(i.get_received_pdo), (12 bytes).
    Removing bms_ip2366.o(i.get_voltage_battery), (48 bytes).
    Removing bms_ip2366.o(i.get_voltage_ntc), (36 bytes).
    Removing bms_ip2366.o(i.get_voltage_vsys), (48 bytes).
    Removing bms_ip2366.o(i.get_vsys_OC_SC_status), (248 bytes).
    Removing bms_ip2366.o(i.iSet_12v_pdo), (72 bytes).
    Removing bms_ip2366.o(i.iSet_12v_pdo_add10mA), (38 bytes).
    Removing bms_ip2366.o(i.iSet_15v_pdo), (72 bytes).
    Removing bms_ip2366.o(i.iSet_15v_pdo_add10mA), (38 bytes).
    Removing bms_ip2366.o(i.iSet_20v_pdo), (72 bytes).
    Removing bms_ip2366.o(i.iSet_20v_pdo_add10mA), (38 bytes).
    Removing bms_ip2366.o(i.iSet_5v_pdo), (70 bytes).
    Removing bms_ip2366.o(i.iSet_5v_pdo_add10mA), (38 bytes).
    Removing bms_ip2366.o(i.iSet_9v_pdo), (72 bytes).
    Removing bms_ip2366.o(i.iSet_9v_pdo_add10mA), (38 bytes).
    Removing bms_ip2366.o(i.iSet_iStop), (32 bytes).
    Removing bms_ip2366.o(i.iSet_limit_battery), (22 bytes).
    Removing bms_ip2366.o(i.iSet_pps1_pdo), (72 bytes).
    Removing bms_ip2366.o(i.iSet_pps2_pdo), (72 bytes).
    Removing bms_ip2366.o(i.iSet_trickle_charge), (14 bytes).
    Removing bms_ip2366.o(i.init_ip23xs), (56 bytes).
    Removing bms_ip2366.o(i.ipxs_charge), (38 bytes).
    Removing bms_ip2366.o(i.ipxs_readByte), (20 bytes).
    Removing bms_ip2366.o(i.ipxs_usba_output), (38 bytes).
    Removing bms_ip2366.o(i.ipxs_vbus_input), (38 bytes).
    Removing bms_ip2366.o(i.ipxs_vbus_output), (38 bytes).
    Removing bms_ip2366.o(i.ipxs_vbus_scp), (38 bytes).
    Removing bms_ip2366.o(i.ipxs_writeByte), (32 bytes).
    Removing bms_ip2366.o(i.mSet_role_typec), (32 bytes).
    Removing bms_ip2366.o(i.pSet_pdo_select), (28 bytes).
    Removing bms_ip2366.o(i.pSet_src_12v_pdo), (38 bytes).
    Removing bms_ip2366.o(i.pSet_src_15v_pdo), (38 bytes).
    Removing bms_ip2366.o(i.pSet_src_20v_pdo), (38 bytes).
    Removing bms_ip2366.o(i.pSet_src_9v_pdo), (38 bytes).
    Removing bms_ip2366.o(i.pSet_src_pps1_pdo), (38 bytes).
    Removing bms_ip2366.o(i.pSet_src_pps2_pdo), (38 bytes).
    Removing bms_ip2366.o(i.pSet_vbus_Src_Power), (32 bytes).
    Removing bms_ip2366.o(i.quick_discharge), (38 bytes).
    Removing bms_ip2366.o(i.set_force_standby_mode), (72 bytes).
    Removing bms_ip2366.o(i.vSet_bat_low), (14 bytes).
    Removing bms_ip2366.o(i.vSet_reCharge), (32 bytes).
    Removing bms_ip2366.o(i.vSet_single_battery_full), (22 bytes).
    Removing bms_ip2366.o(.conststring), (141 bytes).
    Removing bms_ip2366.o(.data), (1 bytes).
    Removing bms_ip2366.o(.data), (1 bytes).
    Removing bms_ip2366.o(.data), (1 bytes).
    Removing bms_ip2366.o(.data), (1 bytes).
    Removing bms_ip2366.o(.data), (1 bytes).
    Removing bms_ip2366.o(.data), (1 bytes).
    Removing bms_ip2366.o(.data), (1 bytes).
    Removing bms_ip2366.o(.data), (1 bytes).
    Removing bms_ip2366.o(.data), (1 bytes).
    Removing bms_ip2366.o(.data), (1 bytes).
    Removing bms_ip2366.o(.data), (1 bytes).
    Removing bms_ip2366.o(.data), (1 bytes).
    Removing bms_ip2366.o(.data), (1 bytes).
    Removing bms_ip2366.o(.data), (1 bytes).
    Removing bms_ip2366.o(.data), (1 bytes).
    Removing bms_ip2366.o(.data), (1 bytes).
    Removing bms_ip2366.o(.data), (1 bytes).
    Removing bms_ip2366.o(.data), (1 bytes).
    Removing bms_ip2366.o(.data), (1 bytes).
    Removing bms_ip2366.o(.data), (1 bytes).
    Removing bms_ip2366.o(.data), (1 bytes).
    Removing bms_ip2366.o(.data), (1 bytes).
    Removing bms_ip2366.o(.data), (1 bytes).
    Removing bms_ip2366.o(.data), (1 bytes).
    Removing bms_ip2366.o(.data), (1 bytes).
    Removing bms_ip2366.o(.data), (1 bytes).
    Removing bms_ip2366.o(.data), (1 bytes).
    Removing bms_ip2366.o(.data), (1 bytes).
    Removing bms_ip2366.o(.data), (1 bytes).
    Removing bms_ip2366.o(.data), (1 bytes).
    Removing bms_ip2366.o(.data), (1 bytes).
    Removing bms_ip2366.o(.data), (1 bytes).
    Removing bms_ip2366.o(.data), (1 bytes).
    Removing bms_ip2366.o(.data), (1 bytes).
    Removing bms_ip2366.o(.data), (1 bytes).
    Removing bms_ip2366.o(.data), (1 bytes).
    Removing bms_ip2366.o(.data), (1 bytes).
    Removing bms_ip2366.o(.data), (1 bytes).
    Removing bms_ip2366.o(.data), (1 bytes).
    Removing bms_ip2366.o(.data), (1 bytes).
    Removing bms_ip2366.o(.data), (1 bytes).
    Removing bms_ip2366.o(.data), (1 bytes).
    Removing bms_ip2366.o(.data), (1 bytes).
    Removing bms_ip2366.o(.data), (1 bytes).
    Removing bms_ip2366.o(.data), (1 bytes).
    Removing bms_ip2366.o(.data), (1 bytes).
    Removing bms_ip2366.o(.data), (1 bytes).
    Removing bms_ip2366.o(.data), (1 bytes).
    Removing bms_ip2366.o(.data), (1 bytes).
    Removing bms_ip2366.o(.data), (1 bytes).
    Removing bms_ip2366.o(.data), (1 bytes).
    Removing bms_ip2366.o(.data), (1 bytes).
    Removing bms_ip2366.o(.data), (1 bytes).
    Removing bms_ip2366.o(.data), (1 bytes).
    Removing bms_ip2366.o(.data), (1 bytes).
    Removing bms_ip2366.o(.data), (1 bytes).
    Removing bms_ip2366.o(.data), (1 bytes).
    Removing bms_ip2366.o(.data), (1 bytes).
    Removing bms_ip2366.o(.data), (1 bytes).
    Removing bms_ip2366.o(.data), (1 bytes).
    Removing bms_ip2366.o(.data), (1 bytes).
    Removing bms_ip2366.o(.data), (1 bytes).
    Removing bms_ip2366.o(.data), (1 bytes).
    Removing bms_ip2366.o(.data), (1 bytes).
    Removing bms_ip2366.o(.data), (1 bytes).
    Removing bms_ip2366.o(.data), (1 bytes).
    Removing bms_ip2366.o(.data), (1 bytes).
    Removing bms_ip2366.o(.data), (1 bytes).
    Removing bms_ip2366.o(.data), (1 bytes).
    Removing bms_ip2366.o(.data), (1 bytes).
    Removing bms_ip2366.o(.data), (1 bytes).
    Removing bms_ip2366.o(.data), (1 bytes).
    Removing bms_ip2366.o(.data), (1 bytes).
    Removing bms_ip2366.o(.data), (1 bytes).
    Removing bms_ip2366.o(.data), (1 bytes).
    Removing bms_ip2366.o(.data), (1 bytes).
    Removing bms_ip2366.o(.data), (1 bytes).
    Removing bms_ip2366.o(.data), (1 bytes).
    Removing bms_ip2366.o(.data), (1 bytes).
    Removing bms_ip2366.o(.data), (1 bytes).
    Removing bms_ip2366.o(.data), (1 bytes).
    Removing bms_ip2366.o(.data), (4 bytes).
    Removing bms_ip2366.o(.data), (1 bytes).
    Removing bms_ip2366.o(.data), (1 bytes).
    Removing bms_ip2366.o(.data), (1 bytes).
    Removing bms_ip2366.o(.data), (1 bytes).
    Removing bms_ip2366.o(.data), (1 bytes).
    Removing bms_ip2366.o(.data), (1 bytes).
    Removing bms_ip2366.o(.data), (1 bytes).
    Removing bms_ip2366.o(.data), (1 bytes).
    Removing bms_ip2366.o(.data), (1 bytes).
    Removing bms_ip2366.o(.data), (1 bytes).
    Removing bms_ip2366.o(.data), (1 bytes).
    Removing bms_ip2366.o(.data), (1 bytes).
    Removing bms_ip2366.o(.data), (1 bytes).
    Removing bms_ip2366.o(.data), (4 bytes).
    Removing bms_ip2366.o(.data), (1 bytes).
    Removing bms_ip2366.o(.data), (1 bytes).
    Removing bms_ip2366.o(.data), (1 bytes).
    Removing bms_ip2366.o(.data), (1 bytes).
    Removing bms_ip2366.o(.data), (1 bytes).
    Removing bms_ip2366.o(.data), (4 bytes).
    Removing bms_ip2366.o(.data), (4 bytes).
    Removing bms_ip2366.o(.data), (4 bytes).
    Removing bms_ip2366.o(.data), (1 bytes).
    Removing bms_ip2366.o(.data), (1 bytes).
    Removing bms_ip2366.o(.data), (1 bytes).
    Removing bms_ip2366.o(.data), (4 bytes).
    Removing bms_ip2366.o(.data), (1 bytes).
    Removing bms_ip2366.o(.data), (1 bytes).
    Removing bms_ip2366.o(.data), (1 bytes).
    Removing bms_ip2366.o(.data), (1 bytes).
    Removing bms_ip2366.o(.data), (1 bytes).
    Removing bms_ip2366.o(.data), (1 bytes).
    Removing bms_ip2366.o(.data), (1 bytes).
    Removing bms_ip2366.o(.data), (1 bytes).
    Removing bms_ip2366.o(.data), (4 bytes).
    Removing bms_ip2366.o(.data), (4 bytes).
    Removing bms_ip2366.o(.data), (4 bytes).
    Removing bms_ip2366.o(.data), (4 bytes).
    Removing bms_ip2366.o(.data), (4 bytes).
    Removing bms_ip2366.o(.data), (1 bytes).
    Removing img_cake_32b.o(.constdata), (32768 bytes).
    Removing key_process.o(i.Key_Process), (140 bytes).
    Removing key_process.o(.bss), (16 bytes).
    Removing img_cake.o(.constdata), (32768 bytes).
    Removing img_star.o(.constdata), (32768 bytes).
    Removing charging.o(.constdata), (32768 bytes).
    Removing img_battery.o(.constdata), (32768 bytes).
    Removing fire_eye_img.o(.constdata), (51200 bytes).
    Removing fire_eye_img.o(.constdata), (51200 bytes).
    Removing fire_eye_img.o(.constdata), (51200 bytes).
    Removing fire_eye_img.o(.constdata), (51200 bytes).
    Removing fire_eye_img.o(.constdata), (51200 bytes).
    Removing fire_eye_img.o(.constdata), (51200 bytes).
    Removing fire_eye_img.o(.constdata), (51200 bytes).
    Removing fire_eye_img.o(.constdata), (51200 bytes).
    Removing sc_arc.o(i.CHECK_XY), (24 bytes).
    Removing sc_arc.o(i.DrawEye_Blink_test), (152 bytes).
    Removing sc_arc.o(i._sc_DrawRound), (836 bytes).
    Removing sc_arc.o(i.sc_atan2_alpha), (164 bytes).
    Removing sc_arc.o(i.sc_dot_sin_cos), (58 bytes).
    Removing sc_arc.o(i.sc_draw_Arc), (70 bytes).
    Removing sc_arc.o(i.sc_draw_Eye_blink), (324 bytes).
    Removing sc_arc.o(i.sc_draw_compose_arc), (148 bytes).
    Removing sc_arc.o(i.sc_get_dot), (164 bytes).
    Removing sc_arc.o(.constdata), (54 bytes).
    Removing sc_common.o(i._dirty_overlap_merged), (256 bytes).
    Removing sc_common.o(i._sc_draw_Line), (264 bytes).
    Removing sc_common.o(i.alphaBlend), (56 bytes).
    Removing sc_common.o(i.sc_cos), (14 bytes).
    Removing sc_common.o(i.sc_dirty_mark), (168 bytes).
    Removing sc_common.o(i.sc_dirty_merge_out), (124 bytes).
    Removing sc_common.o(i.sc_parent_align), (106 bytes).
    Removing sc_common.o(i.sc_pfb_init_slices), (76 bytes).
    Removing sc_common.o(i.sc_pfb_intersection), (204 bytes).
    Removing sc_common.o(i.sc_pfb_memset), (48 bytes).
    Removing sc_common.o(i.sc_pfb_next_slice), (84 bytes).
    Removing sc_common.o(i.sc_pfb_refresh), (24 bytes).
    Removing sc_common.o(i.sc_rect_intersect_to_area), (104 bytes).
    Removing sc_common.o(i.sc_rect_nor_intersect), (58 bytes).
    Removing sc_common.o(i.sc_sin), (80 bytes).
    Removing sc_common.o(i.sc_sqrt), (54 bytes).
    Removing sc_common.o(.bss), (320 bytes).
    Removing sc_common.o(.constdata), (182 bytes).
    Removing sc_common.o(.data), (1 bytes).
    Removing sc_compose.o(i.sc_draw_Button), (144 bytes).
    Removing sc_compose.o(i.sc_draw_Chart), (596 bytes).
    Removing sc_compose.o(i.sc_draw_Led), (48 bytes).
    Removing sc_compose.o(i.sc_draw_Slider), (280 bytes).
    Removing sc_compose.o(i.sc_draw_Switch), (280 bytes).
    Removing sc_compose.o(i.sc_draw_Textbox), (272 bytes).
    Removing sc_compose.o(i.sc_draw_compose), (76 bytes).
    Removing sc_compose.o(i.sc_init_Button), (32 bytes).
    Removing sc_compose.o(i.sc_init_Textbox), (60 bytes).
    Removing sc_compose.o(i.sc_put_Chart_ch), (124 bytes).
    Removing sc_event_task.o(i.EventQueue_Pop), (52 bytes).
    Removing sc_event_task.o(i.EventQueue_Push), (88 bytes).
    Removing sc_event_task.o(i.sc_add_delay), (28 bytes).
    Removing sc_event_task.o(i.sc_create_task), (56 bytes).
    Removing sc_event_task.o(i.sc_delete_task), (20 bytes).
    Removing sc_event_task.o(i.sc_send_cmd_event), (20 bytes).
    Removing sc_event_task.o(i.sc_send_event_mask), (80 bytes).
    Removing sc_event_task.o(i.sc_send_pos_event), (40 bytes).
    Removing sc_event_task.o(i.sc_stop_delay), (20 bytes).
    Removing sc_event_task.o(i.sc_task_loop), (200 bytes).
    Removing sc_event_task.o(i.sc_task_true), (24 bytes).
    Removing sc_event_task.o(.bss), (68 bytes).
    Removing sc_event_task.o(.data), (12 bytes).
    Removing sc_gui.o(i.sc_clear), (52 bytes).
    Removing sc_gui.o(i.sc_draw_Bar), (144 bytes).
    Removing sc_gui.o(i.sc_draw_Fill), (156 bytes).
    Removing sc_gui.o(i.sc_draw_Frame), (118 bytes).
    Removing sc_gui.o(i.sc_draw_Icon), (308 bytes).
    Removing sc_gui.o(i.sc_draw_Image), (288 bytes).
    Removing sc_gui.o(i.sc_draw_Line_AA), (756 bytes).
    Removing sc_gui.o(i.sc_draw_Rounded_rect), (728 bytes).
    Removing sc_gui.o(i.sc_drwa_Image_zip), (404 bytes).
    Removing sc_gui.o(i.sc_gui_init), (48 bytes).
    Removing sc_gui.o(i.spiflash_read), (2 bytes).
    Removing sc_gui.o(.bss), (28 bytes).
    Removing sc_gui.o(.constdata), (9 bytes).
    Removing sc_gui.o(.data), (4 bytes).
    Removing sc_keyboard.o(i.draw_kb_btn), (120 bytes).
    Removing sc_keyboard.o(i.sc_demo_keyboard_task), (220 bytes).
    Removing sc_keyboard.o(i.sc_draw_keyboard), (140 bytes).
    Removing sc_keyboard.o(i.sc_init_keyboard), (88 bytes).
    Removing sc_keyboard.o(.bss), (16 bytes).
    Removing sc_keyboard.o(.constdata), (1608 bytes).
    Removing sc_keyboard.o(.conststring), (50 bytes).
    Removing sc_lvgl_font.o(i._get_Label_width), (146 bytes).
    Removing sc_lvgl_font.o(i.lv_txt_utf8_next), (128 bytes).
    Removing sc_lvgl_font.o(i.sc_demo_Edit), (52 bytes).
    Removing sc_lvgl_font.o(i.sc_demo_Edit_event), (24 bytes).
    Removing sc_lvgl_font.o(i.sc_draw_Edit), (116 bytes).
    Removing sc_lvgl_font.o(i.sc_draw_Edit_pos), (32 bytes).
    Removing sc_lvgl_font.o(i.sc_draw_Label), (312 bytes).
    Removing sc_lvgl_font.o(i.sc_draw_Num), (216 bytes).
    Removing sc_lvgl_font.o(i.sc_draw_Text), (60 bytes).
    Removing sc_lvgl_font.o(i.sc_draw_lv_letter), (384 bytes).
    Removing sc_lvgl_font.o(i.sc_event_Edit), (208 bytes).
    Removing sc_lvgl_font.o(i.sc_get_Edit_pos), (580 bytes).
    Removing sc_lvgl_font.o(i.sc_get_font_dsc), (22 bytes).
    Removing sc_lvgl_font.o(i.sc_init_Edit), (60 bytes).
    Removing sc_lvgl_font.o(i.sc_init_Label), (20 bytes).
    Removing sc_lvgl_font.o(i.sc_put_Edit), (148 bytes).
    Removing sc_lvgl_font.o(i.sc_rect_touch_ctx), (42 bytes).
    Removing sc_lvgl_font.o(.bss), (24 bytes).
    Removing sc_lvgl_font.o(.constdata), (9 bytes).
    Removing sc_lvgl_font.o(.data), (88 bytes).
    Removing sc_menu.o(i.SetBrightness_cb), (2 bytes).
    Removing sc_menu.o(i.SetLanguage_cb), (10 bytes).
    Removing sc_menu.o(i.find_menu), (48 bytes).
    Removing sc_menu.o(i.sc_menu_child), (92 bytes).
    Removing sc_menu.o(i.sc_menu_init), (116 bytes).
    Removing sc_menu.o(i.sc_menu_items), (32 bytes).
    Removing sc_menu.o(i.sc_menu_items_draw), (228 bytes).
    Removing sc_menu.o(i.sc_menu_loop_key), (128 bytes).
    Removing sc_menu.o(i.sc_menu_parent), (30 bytes).
    Removing sc_menu.o(i.sc_strcmp), (26 bytes).
    Removing sc_menu.o(.constdata), (8 bytes).
    Removing sc_menu.o(.constdata), (24 bytes).
    Removing sc_menu.o(.constdata), (32 bytes).
    Removing sc_menu.o(.constdata), (24 bytes).
    Removing sc_menu.o(.constdata), (24 bytes).
    Removing sc_menu.o(.constdata), (32 bytes).
    Removing sc_menu.o(.constdata), (16 bytes).
    Removing sc_menu.o(.constdata), (16 bytes).
    Removing sc_menu.o(.constdata), (160 bytes).
    Removing sc_menu.o(.conststring), (5 bytes).
    Removing sc_menu.o(.conststring), (52 bytes).
    Removing sc_menu.o(.conststring), (96 bytes).
    Removing sc_menu.o(.conststring), (52 bytes).
    Removing sc_menu.o(.conststring), (48 bytes).
    Removing sc_menu.o(.conststring), (52 bytes).
    Removing sc_menu.o(.conststring), (24 bytes).
    Removing sc_menu.o(.conststring), (44 bytes).
    Removing sc_menu.o(.conststring), (78 bytes).
    Removing sc_transform.o(i._Bilinear_Image), (352 bytes).
    Removing sc_transform.o(i._Bilinear_font), (232 bytes).
    Removing sc_transform.o(i._label_to_mask), (332 bytes).
    Removing sc_transform.o(i.get_bpp_value), (60 bytes).
    Removing sc_transform.o(i.sc_demo_transform), (124 bytes).
    Removing sc_transform.o(i.sc_draw_trans), (496 bytes).
    Removing sc_transform.o(i.sc_get_font_dsc), (22 bytes).
    Removing sc_transform.o(i.sc_init_trans), (36 bytes).
    Removing sc_transform.o(i.sc_init_trans_label), (240 bytes).
    Removing sc_transform.o(i.sc_set_trans_angle), (468 bytes).
    Removing sc_transform.o(.constdata), (17 bytes).
    Removing test_img.o(.constdata), (2048 bytes).
    Removing test_img.o(.constdata), (4608 bytes).
    Removing test_img.o(.constdata), (2304 bytes).
    Removing test_img.o(.constdata), (12 bytes).
    Removing test_img.o(.constdata), (2833 bytes).
    Removing test_img.o(.constdata), (12 bytes).
    Removing test_img.o(.data), (12 bytes).
    Removing watch_106_64.o(.constdata), (4099 bytes).
    Removing watch_106_64.o(.constdata), (12 bytes).
    Removing lv_font_12.o(i.__user_font_get_bitmap), (70 bytes).
    Removing lv_font_12.o(i.__user_font_get_glyph_dsc), (98 bytes).
    Removing lv_font_12.o(i.binsearch), (42 bytes).
    Removing lv_font_12.o(.constdata), (4822 bytes).
    Removing lv_font_12.o(.constdata), (1152 bytes).
    Removing lv_font_12.o(.constdata), (290 bytes).
    Removing lv_font_12.o(.constdata), (20 bytes).
    Removing lv_font_12.o(.data), (28 bytes).
    Removing lv_font_12.o(.data), (20 bytes).
    Removing lv_font_16.o(i.__user_font_get_bitmap), (70 bytes).
    Removing lv_font_16.o(i.__user_font_get_glyph_dsc), (98 bytes).
    Removing lv_font_16.o(i.binsearch), (42 bytes).
    Removing lv_font_16.o(.constdata), (2726 bytes).
    Removing lv_font_16.o(.constdata), (792 bytes).
    Removing lv_font_16.o(.constdata), (200 bytes).
    Removing lv_font_16.o(.constdata), (20 bytes).
    Removing lv_font_16.o(.data), (28 bytes).
    Removing lv_font_16.o(.data), (20 bytes).
    Removing lv_font_20.o(i.__user_font_get_bitmap), (70 bytes).
    Removing lv_font_20.o(i.__user_font_get_glyph_dsc), (98 bytes).
    Removing lv_font_20.o(i.binsearch), (42 bytes).
    Removing lv_font_20.o(.constdata), (4088 bytes).
    Removing lv_font_20.o(.constdata), (792 bytes).
    Removing lv_font_20.o(.constdata), (200 bytes).
    Removing lv_font_20.o(.constdata), (20 bytes).
    Removing lv_font_20.o(.data), (28 bytes).
    Removing lv_font_20.o(.data), (20 bytes).
    Removing sc_demo_test.o(i.sc_demo_DrawEye_tesk), (108 bytes).
    Removing sc_demo_test.o(i.sc_demo_arc), (84 bytes).
    Removing sc_demo_test.o(i.sc_demo_chart_tesk), (128 bytes).
    Removing sc_demo_test.o(i.sc_demo_commpose), (164 bytes).
    Removing sc_demo_test.o(i.sc_demo_drity_tesk), (648 bytes).
    Removing sc_demo_test.o(i.sc_demo_edit_tesk), (76 bytes).
    Removing sc_demo_test.o(i.sc_demo_menu_task), (48 bytes).
    Removing sc_demo_test.o(i.sc_demo_text), (244 bytes).
    Removing sc_demo_test.o(i.sc_demo_trans_tesk), (200 bytes).
    Removing sc_demo_test.o(i.sc_dirty_to_rect), (42 bytes).
    Removing sc_demo_test.o(i.sc_move_rect), (90 bytes).
    Removing sc_demo_test.o(i.sc_watch_demo_test), (272 bytes).
    Removing sc_demo_test.o(.bss), (1176 bytes).
    Removing sc_demo_test.o(.constdata), (180 bytes).
    Removing sc_demo_test.o(.constdata), (92 bytes).
    Removing sc_demo_test.o(.data), (128 bytes).
    Removing dadd.o(.text), (356 bytes).
    Removing ddiv.o(.text), (240 bytes).
    Removing dfixul.o(.text), (64 bytes).
    Removing cdrcmple.o(.text), (40 bytes).
    Removing sc_transform.o(i.__ARM_common_ll_mulss), (48 bytes).

672 unused section(s) (total 647276 bytes) removed from the image.

==============================================================================

Adding Veneers to the image

    Adding TT veneer (12 bytes, Long) for call to 'dma_sram_delay' from spi.o(i.HW_SPI_Tx_DMA).
    Adding TT veneer (12 bytes, Long) for call to 'reg_read' from aon.o(i.LDO33_AUX_Enable).
    Adding TT veneer (12 bytes, Long) for call to 'reg_write' from aon.o(i.LDO33_AUX_Enable).
    Adding TT veneer (12 bytes, Long) for call to 'gecko_task_cm0_sw_flash' from main.o(i.SystemInit).
    Adding TT veneer (12 bytes, Long) for call to 'gpio_set_value' from dma.o(ram_code).
    Adding TT veneer (12 bytes, Long) for call to 'delay_1us' from xt25f32.o(ram_code).
    Adding TT veneer (12 bytes, Long) for call to '__aeabi_uread4' from xt25f32.o(ram_code).

7 Veneer(s) (total 84 bytes) added to the image.

==============================================================================

Image Symbol Table

    Local Symbols

    Symbol Name                              Value     Ov Type        Size  Object(Section)

    RESET                                    0x00000000   Section      192  startup_cm0.o(RESET)
    ../clib/microlib/division.c              0x00000000   Number         0  idiv.o ABSOLUTE
    ../clib/microlib/division.c              0x00000000   Number         0  uldiv.o ABSOLUTE
    ../clib/microlib/division.c              0x00000000   Number         0  uidiv.o ABSOLUTE
    ../clib/microlib/init/entry.s            0x00000000   Number         0  entry8b.o ABSOLUTE
    ../clib/microlib/init/entry.s            0x00000000   Number         0  entry2.o ABSOLUTE
    ../clib/microlib/init/entry.s            0x00000000   Number         0  entry.o ABSOLUTE
    ../clib/microlib/init/entry.s            0x00000000   Number         0  entry11b.o ABSOLUTE
    ../clib/microlib/init/entry.s            0x00000000   Number         0  entry11a.o ABSOLUTE
    ../clib/microlib/init/entry.s            0x00000000   Number         0  entry10b.o ABSOLUTE
    ../clib/microlib/init/entry.s            0x00000000   Number         0  entry8a.o ABSOLUTE
    ../clib/microlib/init/entry.s            0x00000000   Number         0  entry10a.o ABSOLUTE
    ../clib/microlib/init/entry.s            0x00000000   Number         0  entry9b.o ABSOLUTE
    ../clib/microlib/init/entry.s            0x00000000   Number         0  entry7b.o ABSOLUTE
    ../clib/microlib/init/entry.s            0x00000000   Number         0  entry9a.o ABSOLUTE
    ../clib/microlib/init/entry.s            0x00000000   Number         0  entry7a.o ABSOLUTE
    ../clib/microlib/init/entry.s            0x00000000   Number         0  entry5.o ABSOLUTE
    ../clib/microlib/longlong.c              0x00000000   Number         0  llsshr.o ABSOLUTE
    ../clib/microlib/longlong.c              0x00000000   Number         0  llushr.o ABSOLUTE
    ../clib/microlib/longlong.c              0x00000000   Number         0  llshl.o ABSOLUTE
    ../clib/microlib/malloc/malloc.c         0x00000000   Number         0  malloc.o ABSOLUTE
    ../clib/microlib/malloc/malloc.c         0x00000000   Number         0  mallocr.o ABSOLUTE
    ../clib/microlib/malloc/malloc.c         0x00000000   Number         0  malloca.o ABSOLUTE
    ../clib/microlib/malloc/malloc.c         0x00000000   Number         0  mallocra.o ABSOLUTE
    ../clib/microlib/malloc/mvars.c          0x00000000   Number         0  mvars.o ABSOLUTE
    ../clib/microlib/printf/printf.c         0x00000000   Number         0  printf0.o ABSOLUTE
    ../clib/microlib/printf/printf.c         0x00000000   Number         0  printf1.o ABSOLUTE
    ../clib/microlib/printf/printf.c         0x00000000   Number         0  printf2.o ABSOLUTE
    ../clib/microlib/printf/printf.c         0x00000000   Number         0  printf4.o ABSOLUTE
    ../clib/microlib/printf/printf.c         0x00000000   Number         0  printf6.o ABSOLUTE
    ../clib/microlib/printf/printf.c         0x00000000   Number         0  printf7.o ABSOLUTE
    ../clib/microlib/printf/printf.c         0x00000000   Number         0  printf3.o ABSOLUTE
    ../clib/microlib/printf/printf.c         0x00000000   Number         0  printfa.o ABSOLUTE
    ../clib/microlib/printf/printf.c         0x00000000   Number         0  printf8.o ABSOLUTE
    ../clib/microlib/printf/printf.c         0x00000000   Number         0  printf5.o ABSOLUTE
    ../clib/microlib/printf/printf.c         0x00000000   Number         0  printfb.o ABSOLUTE
    ../clib/microlib/printf/stubs.s          0x00000000   Number         0  stubs.o ABSOLUTE
    ../clib/microlib/stdio/streams.c         0x00000000   Number         0  stdout.o ABSOLUTE
    ../clib/microlib/string/memcpy.c         0x00000000   Number         0  memcpya.o ABSOLUTE
    ../clib/microlib/string/memcpy.c         0x00000000   Number         0  memcpyb.o ABSOLUTE
    ../clib/microlib/string/memset.c         0x00000000   Number         0  memseta.o ABSOLUTE
    ../clib/microlib/string/strlen.c         0x00000000   Number         0  strlen.o ABSOLUTE
    ../clib/microlib/stubs.s                 0x00000000   Number         0  iusefp.o ABSOLUTE
    ../clib/microlib/unhosted.c              0x00000000   Number         0  uread4.o ABSOLUTE
    ../fplib/microlib/fpadd.c                0x00000000   Number         0  fadd.o ABSOLUTE
    ../fplib/microlib/fpadd.c                0x00000000   Number         0  dadd.o ABSOLUTE
    ../fplib/microlib/fpdiv.c                0x00000000   Number         0  ddiv.o ABSOLUTE
    ../fplib/microlib/fpepilogue.c           0x00000000   Number         0  fepilogue.o ABSOLUTE
    ../fplib/microlib/fpepilogue.c           0x00000000   Number         0  depilogue.o ABSOLUTE
    ../fplib/microlib/fpfix.c                0x00000000   Number         0  dfixul.o ABSOLUTE
    ../fplib/microlib/fpfix.c                0x00000000   Number         0  dfixi.o ABSOLUTE
    ../fplib/microlib/fpflt.c                0x00000000   Number         0  dflti.o ABSOLUTE
    ../fplib/microlib/fpmul.c                0x00000000   Number         0  dmul.o ABSOLUTE
    SCGUI\bmp\test_img.c                     0x00000000   Number         0  test_img.o ABSOLUTE
    SCGUI\bmp\watch_106_64.c                 0x00000000   Number         0  watch_106_64.o ABSOLUTE
    SCGUI\example\sc_demo_test.c             0x00000000   Number         0  sc_demo_test.o ABSOLUTE
    SCGUI\font\lv_font_12.c                  0x00000000   Number         0  lv_font_12.o ABSOLUTE
    SCGUI\font\lv_font_16.c                  0x00000000   Number         0  lv_font_16.o ABSOLUTE
    SCGUI\font\lv_font_20.c                  0x00000000   Number         0  lv_font_20.o ABSOLUTE
    SCGUI\sc_arc.c                           0x00000000   Number         0  sc_arc.o ABSOLUTE
    SCGUI\sc_common.c                        0x00000000   Number         0  sc_common.o ABSOLUTE
    SCGUI\sc_compose.c                       0x00000000   Number         0  sc_compose.o ABSOLUTE
    SCGUI\sc_event_task.c                    0x00000000   Number         0  sc_event_task.o ABSOLUTE
    SCGUI\sc_gui.c                           0x00000000   Number         0  sc_gui.o ABSOLUTE
    SCGUI\sc_keyboard.c                      0x00000000   Number         0  sc_keyboard.o ABSOLUTE
    SCGUI\sc_lvgl_font.c                     0x00000000   Number         0  sc_lvgl_font.o ABSOLUTE
    SCGUI\sc_menu.c                          0x00000000   Number         0  sc_menu.o ABSOLUTE
    SCGUI\sc_transform.c                     0x00000000   Number         0  sc_transform.o ABSOLUTE
    cdrcmple.s                               0x00000000   Number         0  cdrcmple.o ABSOLUTE
    dc.s                                     0x00000000   Number         0  dc.o ABSOLUTE
    gui\circle_100x100.c                     0x00000000   Number         0  circle_100x100.o ABSOLUTE
    handlers.s                               0x00000000   Number         0  handlers.o ABSOLUTE
    init.s                                   0x00000000   Number         0  init.o ABSOLUTE
    norflash\xtxflash\dpi_common.c           0x00000000   Number         0  dpi_common.o ABSOLUTE
    norflash\xtxflash\xt25f32.c              0x00000000   Number         0  xt25f32.o ABSOLUTE
    peripheral\adc.c                         0x00000000   Number         0  adc.o ABSOLUTE
    peripheral\aon.c                         0x00000000   Number         0  aon.o ABSOLUTE
    peripheral\cmu.c                         0x00000000   Number         0  cmu.o ABSOLUTE
    peripheral\dma.c                         0x00000000   Number         0  dma.o ABSOLUTE
    peripheral\efuse.c                       0x00000000   Number         0  efuse.o ABSOLUTE
    peripheral\gpio.c                        0x00000000   Number         0  gpio.o ABSOLUTE
    peripheral\gpio_i2c.c                    0x00000000   Number         0  gpio_i2c.o ABSOLUTE
    peripheral\iomux.c                       0x00000000   Number         0  iomux.o ABSOLUTE
    peripheral\isr.c                         0x00000000   Number         0  isr.o ABSOLUTE
    peripheral\mos.c                         0x00000000   Number         0  mos.o ABSOLUTE
    peripheral\opa.c                         0x00000000   Number         0  opa.o ABSOLUTE
    peripheral\pwm.c                         0x00000000   Number         0  pwm.o ABSOLUTE
    peripheral\spi.c                         0x00000000   Number         0  spi.o ABSOLUTE
    peripheral\systick.c                     0x00000000   Number         0  systick.o ABSOLUTE
    peripheral\timer.c                       0x00000000   Number         0  timer.o ABSOLUTE
    peripheral\uart.c                        0x00000000   Number         0  uart.o ABSOLUTE
    peripheral\watchdog.c                    0x00000000   Number         0  watchdog.o ABSOLUTE
    startup\startup_cm0.s                    0x00000000   Number         0  startup_cm0.o ABSOLUTE
    startup\system_initial.c                 0x00000000   Number         0  system_initial.o ABSOLUTE
    tft_lcd\lcd_driver.c                     0x00000000   Number         0  lcd_driver.o ABSOLUTE
    user\bms_ip2366.c                        0x00000000   Number         0  bms_ip2366.o ABSOLUTE
    user\fire_eye_img.c                      0x00000000   Number         0  fire_eye_img.o ABSOLUTE
    user\img_battery.c                       0x00000000   Number         0  img_battery.o ABSOLUTE
    user\img_battery_32b.c                   0x00000000   Number         0  img_battery_32b.o ABSOLUTE
    user\img_cake.c                          0x00000000   Number         0  img_cake.o ABSOLUTE
    user\img_cake_32b.c                      0x00000000   Number         0  img_cake_32b.o ABSOLUTE
    user\img_star.c                          0x00000000   Number         0  img_star.o ABSOLUTE
    user\img_star_32b.c                      0x00000000   Number         0  img_star_32b.o ABSOLUTE
    user\key_process.c                       0x00000000   Number         0  key_process.o ABSOLUTE
    user\main.c                              0x00000000   Number         0  main.o ABSOLUTE
    user\ui_img\charging.c                   0x00000000   Number         0  charging.o ABSOLUTE
    user\ui_img\charging_32bit.c             0x00000000   Number         0  charging_32bit.o ABSOLUTE
    .ARM.Collect$$$$00000000                 0x000000c0   Section        0  entry.o(.ARM.Collect$$$$00000000)
    .ARM.Collect$$$$00000001                 0x000000c0   Section        4  entry2.o(.ARM.Collect$$$$00000001)
    .ARM.Collect$$$$00000004                 0x000000c4   Section        4  entry5.o(.ARM.Collect$$$$00000004)
    .ARM.Collect$$$$00000008                 0x000000c8   Section        0  entry7b.o(.ARM.Collect$$$$00000008)
    .ARM.Collect$$$$0000000A                 0x000000c8   Section        0  entry8b.o(.ARM.Collect$$$$0000000A)
    .ARM.Collect$$$$0000000B                 0x000000c8   Section        8  entry9a.o(.ARM.Collect$$$$0000000B)
    .ARM.Collect$$$$0000000D                 0x000000d0   Section        0  entry10a.o(.ARM.Collect$$$$0000000D)
    .ARM.Collect$$$$0000000F                 0x000000d0   Section        0  entry11a.o(.ARM.Collect$$$$0000000F)
    .ARM.Collect$$$$00002712                 0x000000d0   Section        4  entry2.o(.ARM.Collect$$$$00002712)
    __lit__00000000                          0x000000d0   Data           4  entry2.o(.ARM.Collect$$$$00002712)
    .text                                    0x000000d4   Section       28  startup_cm0.o(.text)
    GPIO_A0_IRQHandler                       0x000000eb   Thumb Code     0  startup_cm0.o(.text)
    .text                                    0x000000f0   Section        0  uidiv.o(.text)
    .text                                    0x0000011c   Section        0  uread4.o(.text)
    .text                                    0x00000130   Section        0  fadd.o(.text)
    .text                                    0x000001e4   Section        0  dmul.o(.text)
    .text                                    0x000002b4   Section        0  dflti.o(.text)
    .text                                    0x000002dc   Section        0  dfixi.o(.text)
    .text                                    0x00000324   Section        0  llushr.o(.text)
    .text                                    0x00000346   Section        0  fepilogue.o(.text)
    .text                                    0x00000346   Section        0  iusefp.o(.text)
    .text                                    0x000003c8   Section        0  depilogue.o(.text)
    .text                                    0x00000488   Section       36  init.o(.text)
    .text                                    0x000004ac   Section        0  llshl.o(.text)
    i.AON_WKUP_IRQHandler                    0x000004fc   Section        0  isr.o(i.AON_WKUP_IRQHandler)
    i.APB_SPI0_IRQnHandler                   0x00000504   Section        0  isr.o(i.APB_SPI0_IRQnHandler)
    i.APB_SPI1_IRQnHandler                   0x00000506   Section        0  isr.o(i.APB_SPI1_IRQnHandler)
    i.CMU2AHB_IRQHandler                     0x00000508   Section        0  isr.o(i.CMU2AHB_IRQHandler)
    i.DMA_Configuration                      0x0000050c   Section        0  dma.o(i.DMA_Configuration)
    i.GPADC_IRQHandler                       0x00000548   Section        0  isr.o(i.GPADC_IRQHandler)
    i.GPIO_A5_IRQHandler                     0x0000054a   Section        0  isr.o(i.GPIO_A5_IRQHandler)
    i.GPIO_B6_IRQHandler                     0x0000054c   Section        0  isr.o(i.GPIO_B6_IRQHandler)
    i.Gecko_DMA_Transport                    0x00000550   Section        0  dma.o(i.Gecko_DMA_Transport)
    i.Gecko_Set_BaudRate                     0x00000580   Section        0  uart.o(i.Gecko_Set_BaudRate)
    i.Get_Vbat_Voltage                       0x0000065c   Section        0  adc.o(i.Get_Vbat_Voltage)
    i.HW_SPI_Initialise                      0x000006dc   Section        0  spi.o(i.HW_SPI_Initialise)
    i.HW_SPI_Tx_DMA                          0x0000075c   Section        0  spi.o(i.HW_SPI_Tx_DMA)
    i.HW_SPI_Tx_DMA_16bit_ColorBlock         0x00000794   Section        0  spi.o(i.HW_SPI_Tx_DMA_16bit_ColorBlock)
    i.HW_SPI_Tx_DMA_32bit                    0x000007cc   Section        0  spi.o(i.HW_SPI_Tx_DMA_32bit)
    i.LCD_GPIO_Init                          0x00000804   Section        0  lcd_driver.o(i.LCD_GPIO_Init)
    i.LCD_WriteData_16Bit                    0x00000838   Section        0  lcd_driver.o(i.LCD_WriteData_16Bit)
    i.LDO33_AUX_Enable                       0x00000860   Section        0  aon.o(i.LDO33_AUX_Enable)
    i.Lcd_Init                               0x0000087c   Section        0  lcd_driver.o(i.Lcd_Init)
    i.Lcd_Reset                              0x00000b2e   Section        0  lcd_driver.o(i.Lcd_Reset)
    i.Lcd_SetRegion                          0x00000b64   Section        0  lcd_driver.o(i.Lcd_SetRegion)
    i.Lcd_WriteData                          0x00000b9c   Section        0  lcd_driver.o(i.Lcd_WriteData)
    i.Lcd_WriteIndex                         0x00000bbc   Section        0  lcd_driver.o(i.Lcd_WriteIndex)
    i.NVIC_ClearPendingIRQ                   0x00000bdc   Section        0  system_initial.o(i.NVIC_ClearPendingIRQ)
    i.NVIC_EnableIRQ                         0x00000bf4   Section        0  system_initial.o(i.NVIC_EnableIRQ)
    i.NVIC_SetPriority                       0x00000c0c   Section        0  system_initial.o(i.NVIC_SetPriority)
    i.Osc32M_Freq_Trimming                   0x00000c50   Section        0  aon.o(i.Osc32M_Freq_Trimming)
    i.QSPI_CTRL_IRQHandler                   0x00000ccc   Section        0  isr.o(i.QSPI_CTRL_IRQHandler)
    i.SysTick_Config                         0x00000cd4   Section        0  systick.o(i.SysTick_Config)
    i.SysTick_Handler                        0x00000d04   Section        0  isr.o(i.SysTick_Handler)
    i.SystemInit                             0x00000d14   Section        0  main.o(i.SystemInit)
    i.TIMER0_IRQHandler                      0x00000d38   Section        0  isr.o(i.TIMER0_IRQHandler)
    i.TIMER1_IRQHandler                      0x00000d40   Section        0  isr.o(i.TIMER1_IRQHandler)
    i.Timer0_Interrupt_Handler               0x00000d48   Section        0  timer.o(i.Timer0_Interrupt_Handler)
    i.UART0_IRQHandler                       0x00000d58   Section        0  isr.o(i.UART0_IRQHandler)
    i.UART0_Interrupt_Handler                0x00000d60   Section        0  uart.o(i.UART0_Interrupt_Handler)
    i.UART1_IRQHandler                       0x00000d94   Section        0  isr.o(i.UART1_IRQHandler)
    i.UART1_Interrupt_Handler                0x00000d9c   Section        0  uart.o(i.UART1_Interrupt_Handler)
    i.Uart_16550_Initialise                  0x00000dd0   Section        0  uart.o(i.Uart_16550_Initialise)
    i.WDT_IRQHandler                         0x00000e2c   Section        0  isr.o(i.WDT_IRQHandler)
    i.__ARM_clz                              0x00000e4c   Section        0  depilogue.o(i.__ARM_clz)
    i.__ARM_common_switch8                   0x00000e7a   Section        0  adc.o(i.__ARM_common_switch8)
    i.__scatterload_copy                     0x00000e94   Section       14  handlers.o(i.__scatterload_copy)
    i.__scatterload_null                     0x00000ea2   Section        2  handlers.o(i.__scatterload_null)
    i.__scatterload_zeroinit                 0x00000ea4   Section       14  handlers.o(i.__scatterload_zeroinit)
    i.adc_delay_us                           0x00000eb2   Section        0  adc.o(i.adc_delay_us)
    i.aon_wakeup_irq_cfg                     0x00000ed6   Section        0  aon.o(i.aon_wakeup_irq_cfg)
    i.bsr1901_pullup_pulldown_config         0x00000ef0   Section        0  iomux.o(i.bsr1901_pullup_pulldown_config)
    i.delay_1ms                              0x0000103c   Section        0  lcd_driver.o(i.delay_1ms)
    i.delay_1us                              0x00001052   Section        0  dpi_common.o(i.delay_1us)
    i.delay_ms                               0x00001062   Section        0  lcd_driver.o(i.delay_ms)
    i.gecko_ahb2qspi_ctrl_irq_handler        0x00001078   Section        0  xt25f32.o(i.gecko_ahb2qspi_ctrl_irq_handler)
    i.gecko_aon_wakeup_irq_handler           0x0000109c   Section        0  xt25f32.o(i.gecko_aon_wakeup_irq_handler)
    i.gecko_cmu_init                         0x000010ac   Section        0  cmu.o(i.gecko_cmu_init)
    i.gecko_pinmux_config                    0x000010c0   Section        0  iomux.o(i.gecko_pinmux_config)
    i.gecko_pinmux_default_config            0x00001278   Section        0  iomux.o(i.gecko_pinmux_default_config)
    i.gecko_timer1_irq_handler               0x00001288   Section        0  timer.o(i.gecko_timer1_irq_handler)
    i.gpio_set_output                        0x000012ac   Section        0  gpio.o(i.gpio_set_output)
    i.gpio_set_value                         0x000012e8   Section        0  gpio.o(i.gpio_set_value)
    i.hal_nvic_clear_pending_irq             0x0000130c   Section        0  system_initial.o(i.hal_nvic_clear_pending_irq)
    i.hal_nvic_enable_irq                    0x00001314   Section        0  system_initial.o(i.hal_nvic_enable_irq)
    i.hal_nvic_set_priority                  0x0000131c   Section        0  system_initial.o(i.hal_nvic_set_priority)
    i.lcd_dma_refresh_colorblock             0x00001324   Section        0  spi.o(i.lcd_dma_refresh_colorblock)
    i.main                                   0x00001348   Section        0  main.o(i.main)
    i.pEnterCriticalSection                  0x00001478   Section        0  system_initial.o(i.pEnterCriticalSection)
    i.pExitCriticalSection                   0x0000147e   Section        0  system_initial.o(i.pExitCriticalSection)
    .constdata                               0x00001484   Section    32768  img_star_32b.o(.constdata)
    .constdata                               0x00009484   Section    32768  charging_32bit.o(.constdata)
    .constdata                               0x00011484   Section    20000  circle_100x100.o(.constdata)
    .constdata                               0x000162a4   Section    32768  img_battery_32b.o(.constdata)
    .data                                    0x20000000   Section       12  aon.o(.data)
    .data                                    0x2000000c   Section        8  isr.o(.data)
    .data                                    0x20000014   Section        4  timer.o(.data)
    .data                                    0x20000018   Section        2  dma.o(.data)
    .data                                    0x2000001c   Section       49  bms_ip2366.o(.data)
    counter                                  0x2000001c   Data           1  bms_ip2366.o(.data)
    counter                                  0x2000001d   Data           1  bms_ip2366.o(.data)
    counter                                  0x2000001e   Data           1  bms_ip2366.o(.data)
    ram_code                                 0x20000074   Section        0  isr.o(ram_code)
    ram_code                                 0x200000a8   Section        0  dma.o(ram_code)
    ram_code                                 0x200000e8   Section        0  dpi_common.o(ram_code)
    ram_code                                 0x20000104   Section        0  xt25f32.o(ram_code)

    Global Symbols

    Symbol Name                              Value     Ov Type        Size  Object(Section)

    BuildAttributes$$THM_ISAv3M$S$PE$A:L22$X:L11$S22$IEEE1$IW$USESV6$~STKCKD$USESV7$~SHL$OTIME$ROPI$EBA8$MICROLIB$REQ8$PRES8$EABIv2 0x00000000   Number         0  anon$$obj.o ABSOLUTE
    __ARM_use_no_argv                        0x00000000   Number         0  main.o ABSOLUTE
    __Vectors                                0x00000000   Data           4  startup_cm0.o(RESET)
    _printf_a                                0x00000000   Number         0  stubs.o ABSOLUTE
    _printf_c                                0x00000000   Number         0  stubs.o ABSOLUTE
    _printf_charcount                        0x00000000   Number         0  stubs.o ABSOLUTE
    _printf_d                                0x00000000   Number         0  stubs.o ABSOLUTE
    _printf_e                                0x00000000   Number         0  stubs.o ABSOLUTE
    _printf_f                                0x00000000   Number         0  stubs.o ABSOLUTE
    _printf_flags                            0x00000000   Number         0  stubs.o ABSOLUTE
    _printf_fp_dec                           0x00000000   Number         0  stubs.o ABSOLUTE
    _printf_fp_hex                           0x00000000   Number         0  stubs.o ABSOLUTE
    _printf_g                                0x00000000   Number         0  stubs.o ABSOLUTE
    _printf_i                                0x00000000   Number         0  stubs.o ABSOLUTE
    _printf_int_dec                          0x00000000   Number         0  stubs.o ABSOLUTE
    _printf_l                                0x00000000   Number         0  stubs.o ABSOLUTE
    _printf_lc                               0x00000000   Number         0  stubs.o ABSOLUTE
    _printf_ll                               0x00000000   Number         0  stubs.o ABSOLUTE
    _printf_lld                              0x00000000   Number         0  stubs.o ABSOLUTE
    _printf_lli                              0x00000000   Number         0  stubs.o ABSOLUTE
    _printf_llo                              0x00000000   Number         0  stubs.o ABSOLUTE
    _printf_llu                              0x00000000   Number         0  stubs.o ABSOLUTE
    _printf_llx                              0x00000000   Number         0  stubs.o ABSOLUTE
    _printf_longlong_dec                     0x00000000   Number         0  stubs.o ABSOLUTE
    _printf_longlong_hex                     0x00000000   Number         0  stubs.o ABSOLUTE
    _printf_longlong_oct                     0x00000000   Number         0  stubs.o ABSOLUTE
    _printf_ls                               0x00000000   Number         0  stubs.o ABSOLUTE
    _printf_mbtowc                           0x00000000   Number         0  stubs.o ABSOLUTE
    _printf_n                                0x00000000   Number         0  stubs.o ABSOLUTE
    _printf_o                                0x00000000   Number         0  stubs.o ABSOLUTE
    _printf_p                                0x00000000   Number         0  stubs.o ABSOLUTE
    _printf_percent                          0x00000000   Number         0  stubs.o ABSOLUTE
    _printf_pre_padding                      0x00000000   Number         0  stubs.o ABSOLUTE
    _printf_return_value                     0x00000000   Number         0  stubs.o ABSOLUTE
    _printf_s                                0x00000000   Number         0  stubs.o ABSOLUTE
    _printf_sizespec                         0x00000000   Number         0  stubs.o ABSOLUTE
    _printf_str                              0x00000000   Number         0  stubs.o ABSOLUTE
    _printf_truncate_signed                  0x00000000   Number         0  stubs.o ABSOLUTE
    _printf_truncate_unsigned                0x00000000   Number         0  stubs.o ABSOLUTE
    _printf_u                                0x00000000   Number         0  stubs.o ABSOLUTE
    _printf_wc                               0x00000000   Number         0  stubs.o ABSOLUTE
    _printf_wctomb                           0x00000000   Number         0  stubs.o ABSOLUTE
    _printf_widthprec                        0x00000000   Number         0  stubs.o ABSOLUTE
    _printf_x                                0x00000000   Number         0  stubs.o ABSOLUTE
    __cpp_initialize__aeabi_                  - Undefined Weak Reference
    __cxa_finalize                            - Undefined Weak Reference
    __decompress                              - Undefined Weak Reference
    _clock_init                               - Undefined Weak Reference
    _microlib_exit                            - Undefined Weak Reference
    __main                                   0x000000c1   Thumb Code     0  entry.o(.ARM.Collect$$$$00000000)
    _main_stk                                0x000000c1   Thumb Code     0  entry2.o(.ARM.Collect$$$$00000001)
    _main_scatterload                        0x000000c5   Thumb Code     0  entry5.o(.ARM.Collect$$$$00000004)
    __main_after_scatterload                 0x000000c9   Thumb Code     0  entry5.o(.ARM.Collect$$$$00000004)
    _main_clock                              0x000000c9   Thumb Code     0  entry7b.o(.ARM.Collect$$$$00000008)
    _main_cpp_init                           0x000000c9   Thumb Code     0  entry8b.o(.ARM.Collect$$$$0000000A)
    _main_init                               0x000000c9   Thumb Code     0  entry9a.o(.ARM.Collect$$$$0000000B)
    __rt_final_cpp                           0x000000d1   Thumb Code     0  entry10a.o(.ARM.Collect$$$$0000000D)
    __rt_final_exit                          0x000000d1   Thumb Code     0  entry11a.o(.ARM.Collect$$$$0000000F)
    Reset_Handler                            0x000000d5   Thumb Code     4  startup_cm0.o(.text)
    NMI_Handler                              0x000000d9   Thumb Code     2  startup_cm0.o(.text)
    HardFault_Handler                        0x000000db   Thumb Code     2  startup_cm0.o(.text)
    MemManage_Handler                        0x000000dd   Thumb Code     2  startup_cm0.o(.text)
    BusFault_Handler                         0x000000df   Thumb Code     2  startup_cm0.o(.text)
    UsageFault_Handler                       0x000000e1   Thumb Code     2  startup_cm0.o(.text)
    SVC_Handler                              0x000000e3   Thumb Code     2  startup_cm0.o(.text)
    DebugMon_Handler                         0x000000e5   Thumb Code     2  startup_cm0.o(.text)
    PendSV_Handler                           0x000000e7   Thumb Code     2  startup_cm0.o(.text)
    CMP1_IRQn                                0x000000eb   Thumb Code     0  startup_cm0.o(.text)
    CMP2_IRQn                                0x000000eb   Thumb Code     0  startup_cm0.o(.text)
    GPIO_A2_IRQHandler                       0x000000eb   Thumb Code     0  startup_cm0.o(.text)
    GPIO_A3_IRQHandler                       0x000000eb   Thumb Code     0  startup_cm0.o(.text)
    GPIO_A4_IRQHandler                       0x000000eb   Thumb Code     0  startup_cm0.o(.text)
    GPIO_A6_IRQHandler                       0x000000eb   Thumb Code     0  startup_cm0.o(.text)
    GPIO_A7_IRQHandler                       0x000000eb   Thumb Code     0  startup_cm0.o(.text)
    GPIO_B0_IRQHandler                       0x000000eb   Thumb Code     0  startup_cm0.o(.text)
    GPIO_B1_IRQHandler                       0x000000eb   Thumb Code     0  startup_cm0.o(.text)
    GPIO_B2_IRQHandler                       0x000000eb   Thumb Code     0  startup_cm0.o(.text)
    GPIO_B3_IRQHandler                       0x000000eb   Thumb Code     0  startup_cm0.o(.text)
    GPIO_B4_IRQHandler                       0x000000eb   Thumb Code     0  startup_cm0.o(.text)
    GPIO_B5_IRQHandler                       0x000000eb   Thumb Code     0  startup_cm0.o(.text)
    GPIO_B7_IRQHandler                       0x000000eb   Thumb Code     0  startup_cm0.o(.text)
    RTC_IRQHandler                           0x000000eb   Thumb Code     0  startup_cm0.o(.text)
    SYS_GPIO_0_IRQHandler                    0x000000eb   Thumb Code     0  startup_cm0.o(.text)
    SYS_GPIO_1_IRQHandler                    0x000000eb   Thumb Code     0  startup_cm0.o(.text)
    UART2_IRQHandler                         0x000000eb   Thumb Code     0  startup_cm0.o(.text)
    __aeabi_uidiv                            0x000000f1   Thumb Code     0  uidiv.o(.text)
    __aeabi_uidivmod                         0x000000f1   Thumb Code    44  uidiv.o(.text)
    __aeabi_uread4                           0x0000011d   Thumb Code    20  uread4.o(.text)
    __rt_uread4                              0x0000011d   Thumb Code     0  uread4.o(.text)
    _uread4                                  0x0000011d   Thumb Code     0  uread4.o(.text)
    __aeabi_fadd                             0x00000131   Thumb Code   162  fadd.o(.text)
    __aeabi_fsub                             0x000001d3   Thumb Code     8  fadd.o(.text)
    __aeabi_frsub                            0x000001db   Thumb Code     8  fadd.o(.text)
    __aeabi_dmul                             0x000001e5   Thumb Code   202  dmul.o(.text)
    __aeabi_i2d                              0x000002b5   Thumb Code    34  dflti.o(.text)
    __aeabi_d2iz                             0x000002dd   Thumb Code    62  dfixi.o(.text)
    __aeabi_llsr                             0x00000325   Thumb Code    34  llushr.o(.text)
    _ll_ushift_r                             0x00000325   Thumb Code     0  llushr.o(.text)
    __I$use$fp                               0x00000347   Thumb Code     0  iusefp.o(.text)
    _float_round                             0x00000347   Thumb Code    16  fepilogue.o(.text)
    _float_epilogue                          0x00000357   Thumb Code   114  fepilogue.o(.text)
    _double_round                            0x000003c9   Thumb Code    26  depilogue.o(.text)
    _double_epilogue                         0x000003e3   Thumb Code   164  depilogue.o(.text)
    __scatterload                            0x00000489   Thumb Code    28  init.o(.text)
    __scatterload_rt2                        0x00000489   Thumb Code     0  init.o(.text)
    __aeabi_llsl                             0x000004ad   Thumb Code    32  llshl.o(.text)
    _ll_shift_l                              0x000004ad   Thumb Code     0  llshl.o(.text)
    Long Thumb to Thumb Veneer to dma_sram_delay 0x000004cd   Thumb Code    12  anon$$obj.o(Veneer$$Code)
    Long Thumb to Thumb Veneer to reg_read   0x000004d9   Thumb Code    12  anon$$obj.o(Veneer$$Code)
    Long Thumb to Thumb Veneer to reg_write  0x000004e5   Thumb Code    12  anon$$obj.o(Veneer$$Code)
    Long Thumb to Thumb Veneer to gecko_task_cm0_sw_flash 0x000004f1   Thumb Code    12  anon$$obj.o(Veneer$$Code)
    AON_WKUP_IRQHandler                      0x000004fd   Thumb Code     8  isr.o(i.AON_WKUP_IRQHandler)
    APB_SPI0_IRQnHandler                     0x00000505   Thumb Code     2  isr.o(i.APB_SPI0_IRQnHandler)
    APB_SPI1_IRQnHandler                     0x00000507   Thumb Code     2  isr.o(i.APB_SPI1_IRQnHandler)
    CMU2AHB_IRQHandler                       0x00000509   Thumb Code     2  isr.o(i.CMU2AHB_IRQHandler)
    DMA_Configuration                        0x0000050d   Thumb Code    56  dma.o(i.DMA_Configuration)
    GPADC_IRQHandler                         0x00000549   Thumb Code     2  isr.o(i.GPADC_IRQHandler)
    GPIO_A5_IRQHandler                       0x0000054b   Thumb Code     2  isr.o(i.GPIO_A5_IRQHandler)
    GPIO_B6_IRQHandler                       0x0000054d   Thumb Code     2  isr.o(i.GPIO_B6_IRQHandler)
    Gecko_DMA_Transport                      0x00000551   Thumb Code    44  dma.o(i.Gecko_DMA_Transport)
    Gecko_Set_BaudRate                       0x00000581   Thumb Code   198  uart.o(i.Gecko_Set_BaudRate)
    Get_Vbat_Voltage                         0x0000065d   Thumb Code    96  adc.o(i.Get_Vbat_Voltage)
    HW_SPI_Initialise                        0x000006dd   Thumb Code   106  spi.o(i.HW_SPI_Initialise)
    HW_SPI_Tx_DMA                            0x0000075d   Thumb Code    46  spi.o(i.HW_SPI_Tx_DMA)
    HW_SPI_Tx_DMA_16bit_ColorBlock           0x00000795   Thumb Code    46  spi.o(i.HW_SPI_Tx_DMA_16bit_ColorBlock)
    HW_SPI_Tx_DMA_32bit                      0x000007cd   Thumb Code    46  spi.o(i.HW_SPI_Tx_DMA_32bit)
    LCD_GPIO_Init                            0x00000805   Thumb Code    52  lcd_driver.o(i.LCD_GPIO_Init)
    LCD_WriteData_16Bit                      0x00000839   Thumb Code    30  lcd_driver.o(i.LCD_WriteData_16Bit)
    LDO33_AUX_Enable                         0x00000861   Thumb Code    24  aon.o(i.LDO33_AUX_Enable)
    Lcd_Init                                 0x0000087d   Thumb Code   690  lcd_driver.o(i.Lcd_Init)
    Lcd_Reset                                0x00000b2f   Thumb Code    54  lcd_driver.o(i.Lcd_Reset)
    Lcd_SetRegion                            0x00000b65   Thumb Code    54  lcd_driver.o(i.Lcd_SetRegion)
    Lcd_WriteData                            0x00000b9d   Thumb Code    24  lcd_driver.o(i.Lcd_WriteData)
    Lcd_WriteIndex                           0x00000bbd   Thumb Code    24  lcd_driver.o(i.Lcd_WriteIndex)
    NVIC_ClearPendingIRQ                     0x00000bdd   Thumb Code    18  system_initial.o(i.NVIC_ClearPendingIRQ)
    NVIC_EnableIRQ                           0x00000bf5   Thumb Code    18  system_initial.o(i.NVIC_EnableIRQ)
    NVIC_SetPriority                         0x00000c0d   Thumb Code    60  system_initial.o(i.NVIC_SetPriority)
    Osc32M_Freq_Trimming                     0x00000c51   Thumb Code   110  aon.o(i.Osc32M_Freq_Trimming)
    QSPI_CTRL_IRQHandler                     0x00000ccd   Thumb Code     8  isr.o(i.QSPI_CTRL_IRQHandler)
    SysTick_Config                           0x00000cd5   Thumb Code    38  systick.o(i.SysTick_Config)
    SysTick_Handler                          0x00000d05   Thumb Code    10  isr.o(i.SysTick_Handler)
    SystemInit                               0x00000d15   Thumb Code    36  main.o(i.SystemInit)
    TIMER0_IRQHandler                        0x00000d39   Thumb Code     8  isr.o(i.TIMER0_IRQHandler)
    TIMER1_IRQHandler                        0x00000d41   Thumb Code     8  isr.o(i.TIMER1_IRQHandler)
    Timer0_Interrupt_Handler                 0x00000d49   Thumb Code    10  timer.o(i.Timer0_Interrupt_Handler)
    UART0_IRQHandler                         0x00000d59   Thumb Code     8  isr.o(i.UART0_IRQHandler)
    UART0_Interrupt_Handler                  0x00000d61   Thumb Code    48  uart.o(i.UART0_Interrupt_Handler)
    UART1_IRQHandler                         0x00000d95   Thumb Code     8  isr.o(i.UART1_IRQHandler)
    UART1_Interrupt_Handler                  0x00000d9d   Thumb Code    48  uart.o(i.UART1_Interrupt_Handler)
    Uart_16550_Initialise                    0x00000dd1   Thumb Code    76  uart.o(i.Uart_16550_Initialise)
    WDT_IRQHandler                           0x00000e2d   Thumb Code    18  isr.o(i.WDT_IRQHandler)
    __ARM_clz                                0x00000e4d   Thumb Code    46  depilogue.o(i.__ARM_clz)
    __ARM_common_switch8                     0x00000e7b   Thumb Code    26  adc.o(i.__ARM_common_switch8)
    __scatterload_copy                       0x00000e95   Thumb Code    14  handlers.o(i.__scatterload_copy)
    __scatterload_null                       0x00000ea3   Thumb Code     2  handlers.o(i.__scatterload_null)
    __scatterload_zeroinit                   0x00000ea5   Thumb Code    14  handlers.o(i.__scatterload_zeroinit)
    adc_delay_us                             0x00000eb3   Thumb Code    36  adc.o(i.adc_delay_us)
    aon_wakeup_irq_cfg                       0x00000ed7   Thumb Code    24  aon.o(i.aon_wakeup_irq_cfg)
    bsr1901_pullup_pulldown_config           0x00000ef1   Thumb Code   326  iomux.o(i.bsr1901_pullup_pulldown_config)
    delay_1ms                                0x0000103d   Thumb Code    22  lcd_driver.o(i.delay_1ms)
    delay_1us                                0x00001053   Thumb Code    16  dpi_common.o(i.delay_1us)
    delay_ms                                 0x00001063   Thumb Code    20  lcd_driver.o(i.delay_ms)
    gecko_ahb2qspi_ctrl_irq_handler          0x00001079   Thumb Code    32  xt25f32.o(i.gecko_ahb2qspi_ctrl_irq_handler)
    gecko_aon_wakeup_irq_handler             0x0000109d   Thumb Code    12  xt25f32.o(i.gecko_aon_wakeup_irq_handler)
    gecko_cmu_init                           0x000010ad   Thumb Code    16  cmu.o(i.gecko_cmu_init)
    gecko_pinmux_config                      0x000010c1   Thumb Code   434  iomux.o(i.gecko_pinmux_config)
    gecko_pinmux_default_config              0x00001279   Thumb Code    12  iomux.o(i.gecko_pinmux_default_config)
    gecko_timer1_irq_handler                 0x00001289   Thumb Code    26  timer.o(i.gecko_timer1_irq_handler)
    gpio_set_output                          0x000012ad   Thumb Code    52  gpio.o(i.gpio_set_output)
    gpio_set_value                           0x000012e9   Thumb Code    28  gpio.o(i.gpio_set_value)
    hal_nvic_clear_pending_irq               0x0000130d   Thumb Code     8  system_initial.o(i.hal_nvic_clear_pending_irq)
    hal_nvic_enable_irq                      0x00001315   Thumb Code     8  system_initial.o(i.hal_nvic_enable_irq)
    hal_nvic_set_priority                    0x0000131d   Thumb Code     8  system_initial.o(i.hal_nvic_set_priority)
    lcd_dma_refresh_colorblock               0x00001325   Thumb Code    36  spi.o(i.lcd_dma_refresh_colorblock)
    main                                     0x00001349   Thumb Code   274  main.o(i.main)
    pEnterCriticalSection                    0x00001479   Thumb Code     6  system_initial.o(i.pEnterCriticalSection)
    pExitCriticalSection                     0x0000147f   Thumb Code     4  system_initial.o(i.pExitCriticalSection)
    gImage_128x128_star_32bit                0x00001484   Data       32768  img_star_32b.o(.constdata)
    gImage_128x128_charging_32bit            0x00009484   Data       32768  charging_32bit.o(.constdata)
    gImage_circle_100x100                    0x00011484   Data       20000  circle_100x100.o(.constdata)
    gImage_128x128_battery_32b               0x000162a4   Data       32768  img_battery_32b.o(.constdata)
    Region$$Table$$Base                      0x0001e2a4   Number         0  anon$$obj.o(Region$$Table)
    Region$$Table$$Limit                     0x0001e2c4   Number         0  anon$$obj.o(Region$$Table)
    AON_CFG_ANA_CTRL_1_0x20_Default          0x20000000   Data           4  aon.o(.data)
    AON_CFG_ANA_CTRL_2_0x24_Default          0x20000004   Data           4  aon.o(.data)
    AON_CFG_GPIO_WAKEUP_CTRL_0x10_Default    0x20000008   Data           4  aon.o(.data)
    dma_int_flag                             0x2000000c   Data           1  isr.o(.data)
    TimeTick                                 0x20000010   Data           4  isr.o(.data)
    timer1_tmp_cnt1                          0x20000014   Data           4  timer.o(.data)
    location                                 0x20000018   Data           2  dma.o(.data)
    bFlag_init_ipxs                          0x2000001f   Data           1  bms_ip2366.o(.data)
    bFlag_charge_on                          0x20000020   Data           1  bms_ip2366.o(.data)
    bFlag_charge_qc                          0x20000021   Data           1  bms_ip2366.o(.data)
    bFlag_discharge_qc                       0x20000022   Data           1  bms_ip2366.o(.data)
    bFlag_p_i2c_int_is_high                  0x20000023   Data           1  bms_ip2366.o(.data)
    bFlag_light_load                         0x20000024   Data           1  bms_ip2366.o(.data)
    bFlag_usb_a1_in                          0x20000025   Data           1  bms_ip2366.o(.data)
    bFlag_ocp                                0x20000026   Data           1  bms_ip2366.o(.data)
    bFlag_short_circuit                      0x20000027   Data           1  bms_ip2366.o(.data)
    bFlag_multi_port                         0x20000028   Data           1  bms_ip2366.o(.data)
    bFlag_charge_quick                       0x20000029   Data           1  bms_ip2366.o(.data)
    counter_dl                               0x2000002a   Data           1  bms_ip2366.o(.data)
    counter_gl                               0x2000002b   Data           1  bms_ip2366.o(.data)
    gl_timer_out                             0x2000002c   Data           1  bms_ip2366.o(.data)
    dl_timer_out                             0x2000002d   Data           1  bms_ip2366.o(.data)
    current_ntc                              0x2000002e   Data           1  bms_ip2366.o(.data)
    forceDispTimer                           0x2000002f   Data           1  bms_ip2366.o(.data)
    voltage_battery                          0x20000030   Data           4  bms_ip2366.o(.data)
    voltage_vsys                             0x20000034   Data           4  bms_ip2366.o(.data)
    current_battery                          0x20000038   Data           4  bms_ip2366.o(.data)
    current_vsys                             0x2000003c   Data           4  bms_ip2366.o(.data)
    power_vsys                               0x20000040   Data           4  bms_ip2366.o(.data)
    voltage_ntc                              0x20000044   Data           4  bms_ip2366.o(.data)
    timenode                                 0x20000048   Data           5  bms_ip2366.o(.data)
    Long Thumb to Thumb Veneer to gpio_set_value 0x20000051   Thumb Code    12  anon$$obj.o(Veneer$$Code)
    Long Thumb to Thumb Veneer to delay_1us  0x2000005d   Thumb Code    12  anon$$obj.o(Veneer$$Code)
    Long Thumb to Thumb Veneer to __aeabi_uread4 0x20000069   Thumb Code    12  anon$$obj.o(Veneer$$Code)
    DMA_IRQHandler                           0x20000075   Thumb Code    14  isr.o(ram_code)
    dma_sram_delay                           0x20000083   Thumb Code    34  isr.o(ram_code)
    Clear_DMA_Interrupt                      0x200000a9   Thumb Code    22  dma.o(ram_code)
    DMA_ISR_Routine                          0x200000bf   Thumb Code    32  dma.o(ram_code)
    reg_read                                 0x200000e9   Thumb Code     4  dpi_common.o(ram_code)
    reg_write                                0x200000ed   Thumb Code     4  dpi_common.o(ram_code)
    sram_run_delay                           0x200000f1   Thumb Code    20  dpi_common.o(ram_code)
    gecko_task_cm0_sw_flash                  0x20000105   Thumb Code    66  xt25f32.o(ram_code)
    spi_nor_write_en                         0x20000147   Thumb Code    62  xt25f32.o(ram_code)
    EraseSector                              0x20000185   Thumb Code   136  xt25f32.o(ram_code)
    ProgramPage                              0x2000020d   Thumb Code   194  xt25f32.o(ram_code)
    QSPI_NorFlash_ReadWord                   0x200002cf   Thumb Code    50  xt25f32.o(ram_code)
    __initial_sp                             0x20000ffc   Number         0  startup_cm0.o ABSOLUTE



==============================================================================

Memory Map of the image

  Image Entry point : 0x000000c1

  Load Region LR_IROM1 (Base: 0x00000000, Size: 0x0001e5e4, Max: 0x00400000, ABSOLUTE)

    Execution Region ER_IROM1 (Exec base: 0x00000000, Load base: 0x00000000, Size: 0x0001e2c4, Max: 0x00400000, ABSOLUTE)

    Exec Addr    Load Addr    Size         Type   Attr      Idx    E Section Name        Object

    0x00000000   0x00000000   0x000000c0   Data   RO            2    RESET               startup_cm0.o
    0x000000c0   0x000000c0   0x00000000   Code   RO         3916  * .ARM.Collect$$$$00000000  mc_p.l(entry.o)
    0x000000c0   0x000000c0   0x00000004   Code   RO         4230    .ARM.Collect$$$$00000001  mc_p.l(entry2.o)
    0x000000c4   0x000000c4   0x00000004   Code   RO         4233    .ARM.Collect$$$$00000004  mc_p.l(entry5.o)
    0x000000c8   0x000000c8   0x00000000   Code   RO         4235    .ARM.Collect$$$$00000008  mc_p.l(entry7b.o)
    0x000000c8   0x000000c8   0x00000000   Code   RO         4237    .ARM.Collect$$$$0000000A  mc_p.l(entry8b.o)
    0x000000c8   0x000000c8   0x00000008   Code   RO         4238    .ARM.Collect$$$$0000000B  mc_p.l(entry9a.o)
    0x000000d0   0x000000d0   0x00000000   Code   RO         4240    .ARM.Collect$$$$0000000D  mc_p.l(entry10a.o)
    0x000000d0   0x000000d0   0x00000000   Code   RO         4242    .ARM.Collect$$$$0000000F  mc_p.l(entry11a.o)
    0x000000d0   0x000000d0   0x00000004   Code   RO         4231    .ARM.Collect$$$$00002712  mc_p.l(entry2.o)
    0x000000d4   0x000000d4   0x0000001c   Code   RO            3    .text               startup_cm0.o
    0x000000f0   0x000000f0   0x0000002c   Code   RO         3919    .text               mc_p.l(uidiv.o)
    0x0000011c   0x0000011c   0x00000014   Code   RO         4220    .text               mc_p.l(uread4.o)
    0x00000130   0x00000130   0x000000b2   Code   RO         4222    .text               mf_p.l(fadd.o)
    0x000001e2   0x000001e2   0x00000002   PAD
    0x000001e4   0x000001e4   0x000000d0   Code   RO         4224    .text               mf_p.l(dmul.o)
    0x000002b4   0x000002b4   0x00000028   Code   RO         4226    .text               mf_p.l(dflti.o)
    0x000002dc   0x000002dc   0x00000048   Code   RO         4228    .text               mf_p.l(dfixi.o)
    0x00000324   0x00000324   0x00000022   Code   RO         4247    .text               mc_p.l(llushr.o)
    0x00000346   0x00000346   0x00000000   Code   RO         4251    .text               mc_p.l(iusefp.o)
    0x00000346   0x00000346   0x00000082   Code   RO         4252    .text               mf_p.l(fepilogue.o)
    0x000003c8   0x000003c8   0x000000be   Code   RO         4254    .text               mf_p.l(depilogue.o)
    0x00000486   0x00000486   0x00000002   PAD
    0x00000488   0x00000488   0x00000024   Code   RO         4266    .text               mc_p.l(init.o)
    0x000004ac   0x000004ac   0x00000020   Code   RO         4268    .text               mc_p.l(llshl.o)
    0x000004cc   0x000004cc   0x0000000c   Ven    RO         4280    Veneer$$Code        anon$$obj.o
    0x000004d8   0x000004d8   0x0000000c   Ven    RO         4281    Veneer$$Code        anon$$obj.o
    0x000004e4   0x000004e4   0x0000000c   Ven    RO         4282    Veneer$$Code        anon$$obj.o
    0x000004f0   0x000004f0   0x0000000c   Ven    RO         4283    Veneer$$Code        anon$$obj.o
    0x000004fc   0x000004fc   0x00000008   Code   RO          461    i.AON_WKUP_IRQHandler  isr.o
    0x00000504   0x00000504   0x00000002   Code   RO          462    i.APB_SPI0_IRQnHandler  isr.o
    0x00000506   0x00000506   0x00000002   Code   RO          463    i.APB_SPI1_IRQnHandler  isr.o
    0x00000508   0x00000508   0x00000002   Code   RO          464    i.CMU2AHB_IRQHandler  isr.o
    0x0000050a   0x0000050a   0x00000002   PAD
    0x0000050c   0x0000050c   0x0000003c   Code   RO         1619    i.DMA_Configuration  dma.o
    0x00000548   0x00000548   0x00000002   Code   RO          465    i.GPADC_IRQHandler  isr.o
    0x0000054a   0x0000054a   0x00000002   Code   RO          466    i.GPIO_A5_IRQHandler  isr.o
    0x0000054c   0x0000054c   0x00000002   Code   RO          467    i.GPIO_B6_IRQHandler  isr.o
    0x0000054e   0x0000054e   0x00000002   PAD
    0x00000550   0x00000550   0x00000030   Code   RO         1622    i.Gecko_DMA_Transport  dma.o
    0x00000580   0x00000580   0x000000dc   Code   RO          626    i.Gecko_Set_BaudRate  uart.o
    0x0000065c   0x0000065c   0x00000080   Code   RO          150    i.Get_Vbat_Voltage  adc.o
    0x000006dc   0x000006dc   0x00000080   Code   RO         1192    i.HW_SPI_Initialise  spi.o
    0x0000075c   0x0000075c   0x00000038   Code   RO         1199    i.HW_SPI_Tx_DMA     spi.o
    0x00000794   0x00000794   0x00000038   Code   RO         1201    i.HW_SPI_Tx_DMA_16bit_ColorBlock  spi.o
    0x000007cc   0x000007cc   0x00000038   Code   RO         1202    i.HW_SPI_Tx_DMA_32bit  spi.o
    0x00000804   0x00000804   0x00000034   Code   RO         2071    i.LCD_GPIO_Init     lcd_driver.o
    0x00000838   0x00000838   0x00000028   Code   RO         2072    i.LCD_WriteData_16Bit  lcd_driver.o
    0x00000860   0x00000860   0x0000001c   Code   RO          261    i.LDO33_AUX_Enable  aon.o
    0x0000087c   0x0000087c   0x000002b2   Code   RO         2075    i.Lcd_Init          lcd_driver.o
    0x00000b2e   0x00000b2e   0x00000036   Code   RO         2077    i.Lcd_Reset         lcd_driver.o
    0x00000b64   0x00000b64   0x00000036   Code   RO         2078    i.Lcd_SetRegion     lcd_driver.o
    0x00000b9a   0x00000b9a   0x00000002   PAD
    0x00000b9c   0x00000b9c   0x00000020   Code   RO         2080    i.Lcd_WriteData     lcd_driver.o
    0x00000bbc   0x00000bbc   0x00000020   Code   RO         2081    i.Lcd_WriteIndex    lcd_driver.o
    0x00000bdc   0x00000bdc   0x00000018   Code   RO           11    i.NVIC_ClearPendingIRQ  system_initial.o
    0x00000bf4   0x00000bf4   0x00000018   Code   RO           13    i.NVIC_EnableIRQ    system_initial.o
    0x00000c0c   0x00000c0c   0x00000044   Code   RO           16    i.NVIC_SetPriority  system_initial.o
    0x00000c50   0x00000c50   0x0000007c   Code   RO          263    i.Osc32M_Freq_Trimming  aon.o
    0x00000ccc   0x00000ccc   0x00000008   Code   RO          469    i.QSPI_CTRL_IRQHandler  isr.o
    0x00000cd4   0x00000cd4   0x00000030   Code   RO         1388    i.SysTick_Config    systick.o
    0x00000d04   0x00000d04   0x00000010   Code   RO          470    i.SysTick_Handler   isr.o
    0x00000d14   0x00000d14   0x00000024   Code   RO         2189    i.SystemInit        main.o
    0x00000d38   0x00000d38   0x00000008   Code   RO          471    i.TIMER0_IRQHandler  isr.o
    0x00000d40   0x00000d40   0x00000008   Code   RO          472    i.TIMER1_IRQHandler  isr.o
    0x00000d48   0x00000d48   0x00000010   Code   RO         1328    i.Timer0_Interrupt_Handler  timer.o
    0x00000d58   0x00000d58   0x00000008   Code   RO          473    i.UART0_IRQHandler  isr.o
    0x00000d60   0x00000d60   0x00000034   Code   RO          641    i.UART0_Interrupt_Handler  uart.o
    0x00000d94   0x00000d94   0x00000008   Code   RO          474    i.UART1_IRQHandler  isr.o
    0x00000d9c   0x00000d9c   0x00000034   Code   RO          642    i.UART1_Interrupt_Handler  uart.o
    0x00000dd0   0x00000dd0   0x0000005c   Code   RO          648    i.Uart_16550_Initialise  uart.o
    0x00000e2c   0x00000e2c   0x00000020   Code   RO          475    i.WDT_IRQHandler    isr.o
    0x00000e4c   0x00000e4c   0x0000002e   Code   RO         4256    i.__ARM_clz         mf_p.l(depilogue.o)
    0x00000e7a   0x00000e7a   0x0000001a   Code   RO          242    i.__ARM_common_switch8  adc.o
    0x00000e94   0x00000e94   0x0000000e   Code   RO         4274    i.__scatterload_copy  mc_p.l(handlers.o)
    0x00000ea2   0x00000ea2   0x00000002   Code   RO         4275    i.__scatterload_null  mc_p.l(handlers.o)
    0x00000ea4   0x00000ea4   0x0000000e   Code   RO         4276    i.__scatterload_zeroinit  mc_p.l(handlers.o)
    0x00000eb2   0x00000eb2   0x00000024   Code   RO          153    i.adc_delay_us      adc.o
    0x00000ed6   0x00000ed6   0x00000018   Code   RO          267    i.aon_wakeup_irq_cfg  aon.o
    0x00000eee   0x00000eee   0x00000002   PAD
    0x00000ef0   0x00000ef0   0x0000014c   Code   RO          425    i.bsr1901_pullup_pulldown_config  iomux.o
    0x0000103c   0x0000103c   0x00000016   Code   RO         2084    i.delay_1ms         lcd_driver.o
    0x00001052   0x00001052   0x00000010   Code   RO         1781    i.delay_1us         dpi_common.o
    0x00001062   0x00001062   0x00000014   Code   RO         2085    i.delay_ms          lcd_driver.o
    0x00001076   0x00001076   0x00000002   PAD
    0x00001078   0x00001078   0x00000024   Code   RO         1866    i.gecko_ahb2qspi_ctrl_irq_handler  xt25f32.o
    0x0000109c   0x0000109c   0x00000010   Code   RO         1867    i.gecko_aon_wakeup_irq_handler  xt25f32.o
    0x000010ac   0x000010ac   0x00000014   Code   RO          394    i.gecko_cmu_init    cmu.o
    0x000010c0   0x000010c0   0x000001b8   Code   RO          427    i.gecko_pinmux_config  iomux.o
    0x00001278   0x00001278   0x00000010   Code   RO          428    i.gecko_pinmux_default_config  iomux.o
    0x00001288   0x00001288   0x00000024   Code   RO         1329    i.gecko_timer1_irq_handler  timer.o
    0x000012ac   0x000012ac   0x0000003c   Code   RO          872    i.gpio_set_output   gpio.o
    0x000012e8   0x000012e8   0x00000024   Code   RO          873    i.gpio_set_value    gpio.o
    0x0000130c   0x0000130c   0x00000008   Code   RO           20    i.hal_nvic_clear_pending_irq  system_initial.o
    0x00001314   0x00001314   0x00000008   Code   RO           22    i.hal_nvic_enable_irq  system_initial.o
    0x0000131c   0x0000131c   0x00000008   Code   RO           25    i.hal_nvic_set_priority  system_initial.o
    0x00001324   0x00001324   0x00000024   Code   RO         1209    i.lcd_dma_refresh_colorblock  spi.o
    0x00001348   0x00001348   0x00000130   Code   RO         2190    i.main              main.o
    0x00001478   0x00001478   0x00000006   Code   RO           26    i.pEnterCriticalSection  system_initial.o
    0x0000147e   0x0000147e   0x00000004   Code   RO           27    i.pExitCriticalSection  system_initial.o
    0x00001482   0x00001482   0x00000002   PAD
    0x00001484   0x00001484   0x00008000   Data   RO         2741    .constdata          img_star_32b.o
    0x00009484   0x00009484   0x00008000   Data   RO         2792    .constdata          charging_32bit.o
    0x00011484   0x00011484   0x00004e20   Data   RO         2808    .constdata          circle_100x100.o
    0x000162a4   0x000162a4   0x00008000   Data   RO         2816    .constdata          img_battery_32b.o
    0x0001e2a4   0x0001e2a4   0x00000020   Data   RO         4272    Region$$Table       anon$$obj.o


    Execution Region RW_IRAM1 (Exec base: 0x20000000, Load base: 0x0001e2c4, Size: 0x00000050, Max: 0x00001000, ABSOLUTE)

    Exec Addr    Load Addr    Size         Type   Attr      Idx    E Section Name        Object

    0x20000000   0x0001e2c4   0x0000000c   Data   RW          272    .data               aon.o
    0x2000000c   0x0001e2d0   0x00000008   Data   RW          482    .data               isr.o
    0x20000014   0x0001e2d8   0x00000004   Data   RW         1330    .data               timer.o
    0x20000018   0x0001e2dc   0x00000002   Data   RW         1626    .data               dma.o
    0x2000001a   0x0001e2de   0x00000002   PAD
    0x2000001c   0x0001e2e0   0x00000031   Data   RW         2317    .data               bms_ip2366.o


    Execution Region __RAM_CODE__ (Exec base: 0x20000050, Load base: 0x0001e314, Size: 0x000002d0, Max: 0xffffffff, ABSOLUTE)

    Exec Addr    Load Addr    Size         Type   Attr      Idx    E Section Name        Object

    0x20000050   0x0001e314   0x0000000c   Ven    RO         4284    Veneer$$Code        anon$$obj.o
    0x2000005c   0x0001e320   0x0000000c   Ven    RO         4285    Veneer$$Code        anon$$obj.o
    0x20000068   0x0001e32c   0x0000000c   Ven    RO         4286    Veneer$$Code        anon$$obj.o
    0x20000074   0x0001e338   0x00000034   Code   RO          481    ram_code            isr.o
    0x200000a8   0x0001e36c   0x00000040   Code   RO         1625    ram_code            dma.o
    0x200000e8   0x0001e3ac   0x0000001c   Code   RO         1791    ram_code            dpi_common.o
    0x20000104   0x0001e3c8   0x0000021c   Code   RO         1890    ram_code            xt25f32.o


==============================================================================

Image component sizes


      Code (inc. data)   RO Data    RW Data    ZI Data      Debug   Object Name

       190         32          0          0          0       2158   adc.o
       176         18          0         12          0       1791   aon.o
         0          0          0         49          0       9598   bms_ip2366.o
         0          0      32768          0          0        596   charging_32bit.o
         0          0      20000          0          0        560   circle_100x100.o
        20          4          0          0          0        801   cmu.o
       172         18          0          2          0       2811   dma.o
        44          0          0          0          0       2194   dpi_common.o
        96         16          0          0          0       1908   gpio.o
         0          0      32768          0          0        577   img_battery_32b.o
         0          0      32768          0          0        564   img_star_32b.o
       788         72          0          0          0       9965   iomux.o
       160         24          0          8          0      20048   isr.o
       996         26          0          0          0       8559   lcd_driver.o
       340         30          0          0          0       3580   main.o
       332         52          0          0          0       4202   spi.o
        28          4        192          0          0        764   startup_cm0.o
       150         20          0          0          0      19797   system_initial.o
        48         10          0          0          0        541   systick.o
        52         16          0          4          0       1745   timer.o
       416         46          0          0          0       4320   uart.o
       592         40          0          0          0       3055   xt25f32.o

    ----------------------------------------------------------------------
      4696        456     118528         80          0     100134   Object Totals
        84         28         32          0          0          0   (incl. Generated)
        12          0          0          5          0          0   (incl. Padding)

    ----------------------------------------------------------------------

      Code (inc. data)   RO Data    RW Data    ZI Data      Debug   Library Member Name

         0          0          0          0          0          0   entry.o
         0          0          0          0          0          0   entry10a.o
         0          0          0          0          0          0   entry11a.o
         8          4          0          0          0          0   entry2.o
         4          0          0          0          0          0   entry5.o
         0          0          0          0          0          0   entry7b.o
         0          0          0          0          0          0   entry8b.o
         8          4          0          0          0          0   entry9a.o
        30          0          0          0          0          0   handlers.o
        36          8          0          0          0         68   init.o
         0          0          0          0          0          0   iusefp.o
        32          0          0          0          0         68   llshl.o
        34          0          0          0          0         68   llushr.o
        44          0          0          0          0         72   uidiv.o
        20          0          0          0          0         60   uread4.o
       236          0          0          0          0        216   depilogue.o
        72         10          0          0          0         72   dfixi.o
        40          6          0          0          0         68   dflti.o
       208          6          0          0          0         88   dmul.o
       178          0          0          0          0        108   fadd.o
       130          0          0          0          0        144   fepilogue.o

    ----------------------------------------------------------------------
      1084         38          0          0          0       1032   Library Totals
         4          0          0          0          0          0   (incl. Padding)

    ----------------------------------------------------------------------

      Code (inc. data)   RO Data    RW Data    ZI Data      Debug   Library Name

       216         16          0          0          0        336   mc_p.l
       864         22          0          0          0        696   mf_p.l

    ----------------------------------------------------------------------
      1084         38          0          0          0       1032   Library Totals

    ----------------------------------------------------------------------

==============================================================================


      Code (inc. data)   RO Data    RW Data    ZI Data      Debug   

      5780        494     118528         80          0      98062   Grand Totals
      5780        494     118528         80          0      98062   ELF Image Totals
      5780        494     118528         80          0          0   ROM Totals

==============================================================================

    Total RO  Size (Code + RO Data)               124308 ( 121.39kB)
    Total RW  Size (RW Data + ZI Data)                80 (   0.08kB)
    Total ROM Size (Code + RO Data + RW Data)     124388 ( 121.47kB)

==============================================================================

