


ARM Macro Assembler    Page 1 


    1 00000000         ;/******************************************************
                       ***********************
    2 00000000         ; * @file:    startup_gecko.s
    3 00000000         ; * @purpose: CMSIS Cortex-M0 Core Device Startup File 
    4 00000000         ; * @version: V1.0
    5 00000000         ; * @date:    25 July 2020
    6 00000000         ; Author:   Junfeng
    7 00000000         ; * Copyright (C) 2020 ARM Limited. All rights reserved.
                       
    8 00000000         ; * ARM Limited (ARM) is supplying this software for use
                        with Cortex-M0 
    9 00000000         ; * processor based microcontrollers.  This file can be 
                       freely distributed 
   10 00000000         ; * within development tools that are supporting such AR
                       M based processors. 
   11 00000000         ; 
   12 00000000         ; ******************************************************
                       ***********************/
   13 00000000         
   14 00000000         
   15 00000000         ; <h> Stack Configuration
   16 00000000         ;   <o> Stack Size (in Bytes) <0x0-0xFFFFFFFF:8>
   17 00000000         ; </h>
   18 00000000         
   19 00000000         ;Stack_Size      EQU     0x00000100     ;define the size
                        as 256 bytes
   20 00000000         
   21 00000000         ;                AREA    STACK, NOINIT, READWRITE, ALIGN
                       =3 
   22 00000000         ;Stack_Mem       SPACE   Stack_Size
   23 00000000 20000FFC 
                       __initial_sp
                               EQU              0x20000ffc
   24 00000000         
   25 00000000         
   26 00000000         ; <h> Heap Configuration
   27 00000000         ;   <o>  Heap Size (in Bytes) <0x0-0xFFFFFFFF:8>
   28 00000000         ; </h>
   29 00000000         
   30 00000000         ; Heap_Size       EQU     0x00000100    ;heap size 0
   31 00000000         ; if not use standard library "malloc" function, it can 
                       be set to zero
   32 00000000 00000000 
                       Heap_Size
                               EQU              0x00000000  ;heap size 0
   33 00000000         
   34 00000000                 AREA             HEAP, NOINIT, READWRITE, ALIGN=
3
   35 00000000         __heap_base
   36 00000000         Heap_Mem
                               SPACE            Heap_Size
   37 00000000         __heap_limit
   38 00000000         
   39 00000000         
   40 00000000                 PRESERVE8
   41 00000000                 THUMB
   42 00000000         
   43 00000000         
   44 00000000         ; Vector Table Mapped to Address 0 at Reset



ARM Macro Assembler    Page 2 


   45 00000000         
   46 00000000                 AREA             RESET, DATA, READONLY
   47 00000000                 EXPORT           __Vectors
   48 00000000         
   49 00000000 20000FFC 
                       __Vectors
                               DCD              __initial_sp ; Top of Stack
   50 00000004 00000000        DCD              Reset_Handler ; Reset Handler
   51 00000008 00000000        DCD              NMI_Handler ; NMI Handler
   52 0000000C 00000000        DCD              HardFault_Handler ; Hard Fault 
                                                            Handler
   53 00000010 00000000        DCD              MemManage_Handler 
                                                            ; MPU Fault Handler
                                                            
   54 00000014 00000000        DCD              BusFault_Handler 
                                                            ; Bus Fault Handler
                                                            
   55 00000018 00000000        DCD              UsageFault_Handler ; Usage Faul
                                                            t Handler
   56 0000001C 00000000        DCD              0           ; Reserved
   57 00000020 00000000        DCD              0           ; Reserved
   58 00000024 00000000        DCD              0           ; Reserved
   59 00000028 00000000        DCD              0           ; Reserved
   60 0000002C 00000000        DCD              SVC_Handler ; SVCall Handler
   61 00000030 00000000        DCD              DebugMon_Handler ; Debug Monito
                                                            r Handler
   62 00000034 00000000        DCD              0           ; Reserved
   63 00000038 00000000        DCD              PendSV_Handler ; PendSV Handler
                                                            
   64 0000003C 00000000        DCD              SysTick_Handler 
                                                            ; SysTick Handler
   65 00000040         
   66 00000040         ; External Interrupts
   67 00000040 00000000        DCD              CMP1_IRQn   ; IRQ 0
   68 00000044 00000000        DCD              CMP2_IRQn   ; IRQ 1 
   69 00000048 00000000        DCD              UART0_IRQHandler ; IRQ 2
   70 0000004C 00000000        DCD              UART1_IRQHandler ; IRQ 3
   71 00000050 00000000        DCD              DMA_IRQHandler ; IRQ 4 
   72 00000054         
   73 00000054 00000000        DCD              TIMER0_IRQHandler ; IRQ 5
   74 00000058 00000000        DCD              TIMER1_IRQHandler ; IRQ 6
   75 0000005C 00000000        DCD              GPADC_IRQHandler ; IRQ 7
   76 00000060         
   77 00000060 00000000        DCD              SYS_GPIO_0_IRQHandler ; IRQ 8; 
                                                            Group0//GPIO[7:0] c
                                                            ombination interrup
                                                            t
   78 00000064 00000000        DCD              SYS_GPIO_1_IRQHandler ; IRQ 9; 
                                                            Group1//GPIO[7:0] c
                                                            ombination interrup
                                                            t
   79 00000068 00000000        DCD              WDT_IRQHandler ; IRQ 10
   80 0000006C         ;               DCD     Lightning_IRQHandler      ; IRQ 
                       11 Lightning Transfer Interrupt
   81 0000006C 00000000        DCD              GPIO_A2_IRQHandler ; IRQ 11 cha
                                                            nged it to GPIO_A_2
                                                            (PAD20)
   82 00000070         
   83 00000070 00000000        DCD              GPIO_A0_IRQHandler ; IRQ 12; 



ARM Macro Assembler    Page 3 


   84 00000074 00000000        DCD              APB_SPI0_IRQnHandler ; IRQ 13; 
                                                            
   85 00000078 00000000        DCD              APB_SPI1_IRQnHandler ; IRQ 14;
   86 0000007C         ;               DCD     QI_IRQnHandler            ; IRQ 
                       15;
   87 0000007C 00000000        DCD              GPIO_A3_IRQHandler ; IRQ 15; ch
                                                            anged it to GPIO_A_
                                                            3(PAD21)
   88 00000080 00000000        DCD              QSPI_CTRL_IRQHandler ; IRQ 16; 
                                                            QSPI controller int
                                                            errupt 
   89 00000084         
   90 00000084 00000000        DCD              iWDT_IRQHandler ; IRQ 17; IWDT_
                                                            IRQ = 17, 
   91 00000088 00000000        DCD              GPIO_A4_IRQHandler ; IRQ 18; 
   92 0000008C 00000000        DCD              GPIO_A5_IRQHandler ; IRQ 19; 
   93 00000090 00000000        DCD              GPIO_A6_IRQHandler ; IRQ 20; Re
                                                            served for GPIO[6] 
                                                            MISC
   94 00000094 00000000        DCD              GPIO_A7_IRQHandler ; IRQ 21; Re
                                                            served for GPIO[7] 
                                                            MISC
   95 00000098 00000000        DCD              GPIO_B0_IRQHandler ; IRQ 22; Re
                                                            served for GPIO[8] 
                                                            MISC
   96 0000009C 00000000        DCD              GPIO_B1_IRQHandler ; IRQ 23; Re
                                                            served for GPIO[9] 
                                                            MISC
   97 000000A0 00000000        DCD              GPIO_B2_IRQHandler ; IRQ 24; Re
                                                            served for GPIO[10]
                                                             MISC
   98 000000A4 00000000        DCD              GPIO_B3_IRQHandler ; IRQ 25; Re
                                                            served for GPIO[11]
                                                             MISC
   99 000000A8 00000000        DCD              GPIO_B4_IRQHandler ; IRQ 26; Re
                                                            served for GPIO[12]
                                                             MISC
  100 000000AC 00000000        DCD              GPIO_B5_IRQHandler ; IRQ 27; Re
                                                            served for GPIO[13]
                                                             MISC
  101 000000B0 00000000        DCD              GPIO_B6_IRQHandler ; IRQ 28; Re
                                                            served for GPIO[14]
                                                             MISC
  102 000000B4 00000000        DCD              GPIO_B7_IRQHandler ; IRQ 29; Re
                                                            served for GPIO[15]
                                                             MISC
  103 000000B8 00000000        DCD              AON_WKUP_IRQHandler ; IRQ 30; 
  104 000000BC 00000000        DCD              CMU2AHB_IRQHandler ; IRQ 31; 
  105 000000C0         
  106 000000C0         
  107 000000C0                 AREA             |.text|, CODE, READONLY
  108 00000000         ; Reset Handler
  109 00000000         Reset_Handler
                               PROC
  110 00000000                 EXPORT           Reset_Handler             [WEAK
]
  111 00000000         ;IMPORT  sram_puf_on_power_up
  112 00000000                 IMPORT           __main
  113 00000000         ;BL      sram_puf_on_power_up      ;上电先采SRAM PUF



ARM Macro Assembler    Page 4 


  114 00000000 4805            LDR              R0, =__main
  115 00000002 4700            BX               R0
  116 00000004                 ENDP
  117 00000004         
  118 00000004         
  119 00000004         ; Dummy Exception Handlers (infinite loops which can be 
                       modified)                
  120 00000004         
  121 00000004         NMI_Handler
                               PROC
  122 00000004                 EXPORT           NMI_Handler               [WEAK
]
  123 00000004 E7FE            B                .
  124 00000006                 ENDP
  126 00000006         HardFault_Handler
                               PROC
  127 00000006                 EXPORT           HardFault_Handler         [WEAK
]
  128 00000006 E7FE            B                .
  129 00000008                 ENDP
  131 00000008         MemManage_Handler
                               PROC
  132 00000008                 EXPORT           MemManage_Handler         [WEAK
]
  133 00000008 E7FE            B                .
  134 0000000A                 ENDP
  136 0000000A         BusFault_Handler
                               PROC
  137 0000000A                 EXPORT           BusFault_Handler          [WEAK
]
  138 0000000A E7FE            B                .
  139 0000000C                 ENDP
  141 0000000C         UsageFault_Handler
                               PROC
  142 0000000C                 EXPORT           UsageFault_Handler        [WEAK
]
  143 0000000C E7FE            B                .
  144 0000000E                 ENDP
  145 0000000E         SVC_Handler
                               PROC
  146 0000000E                 EXPORT           SVC_Handler               [WEAK
]
  147 0000000E E7FE            B                .
  148 00000010                 ENDP
  150 00000010         DebugMon_Handler
                               PROC
  151 00000010                 EXPORT           DebugMon_Handler          [WEAK
]
  152 00000010 E7FE            B                .
  153 00000012                 ENDP
  154 00000012         PendSV_Handler
                               PROC
  155 00000012                 EXPORT           PendSV_Handler            [WEAK
]
  156 00000012 E7FE            B                .
  157 00000014                 ENDP
  158 00000014         SysTick_Handler
                               PROC
  159 00000014                 EXPORT           SysTick_Handler           [WEAK



ARM Macro Assembler    Page 5 


]
  160 00000014 E7FE            B                .
  161 00000016                 ENDP
  162 00000016         
  163 00000016         Default_Handler
                               PROC
  164 00000016         
  165 00000016                 EXPORT           CMP1_IRQn              [WEAK]
  166 00000016                 EXPORT           CMP2_IRQn                 [WEAK
]
  167 00000016                 EXPORT           UART0_IRQHandler          [WEAK
]
  168 00000016                 EXPORT           UART1_IRQHandler          [WEAK
]
  169 00000016                 EXPORT           UART2_IRQHandler          [WEAK
]
  170 00000016                 EXPORT           TIMER0_IRQHandler         [WEAK
]
  171 00000016                 EXPORT           TIMER1_IRQHandler         [WEAK
]
  172 00000016                 EXPORT           GPADC_IRQHandler          [WEAK
]
  173 00000016                 EXPORT           SYS_GPIO_0_IRQHandler     [WEAK
]
  174 00000016                 EXPORT           SYS_GPIO_1_IRQHandler     [WEAK
]
  175 00000016                 EXPORT           WDT_IRQHandler            [WEAK
]
  176 00000016         
  177 00000016                 EXPORT           DMA_IRQHandler            [WEAK
]
  178 00000016                 EXPORT           APB_SPI0_IRQnHandler      [WEAK
]
  179 00000016                 EXPORT           APB_SPI1_IRQnHandler      [WEAK
]
  180 00000016         ;               EXPORT  QI_IRQnHandler         [WEAK]
  181 00000016                 EXPORT           GPIO_A3_IRQHandler        [WEAK
]
  182 00000016                 EXPORT           iWDT_IRQHandler         [WEAK]
  183 00000016         
  184 00000016         ;               EXPORT  Lightning_IRQHandler      [WEAK]
                       
  185 00000016                 EXPORT           GPIO_A2_IRQHandler        [WEAK
]
  186 00000016         
  187 00000016                 EXPORT           QSPI_CTRL_IRQHandler      [WEAK
]
  188 00000016                 EXPORT           AON_WKUP_IRQHandler       [WEAK
]
  189 00000016                 EXPORT           CMU2AHB_IRQHandler        [WEAK
]
  190 00000016         
  191 00000016                 EXPORT           GPIO_A4_IRQHandler        [WEAK
]
  192 00000016                 EXPORT           GPIO_A5_IRQHandler        [WEAK
]
  193 00000016                 EXPORT           GPIO_A6_IRQHandler        [WEAK
]
  194 00000016                 EXPORT           GPIO_A7_IRQHandler        [WEAK



ARM Macro Assembler    Page 6 


]
  195 00000016                 EXPORT           GPIO_B0_IRQHandler        [WEAK
]
  196 00000016                 EXPORT           GPIO_B1_IRQHandler        [WEAK
]
  197 00000016         
  198 00000016                 EXPORT           GPIO_B0_IRQHandler        [WEAK
]
  199 00000016                 EXPORT           GPIO_B1_IRQHandler        [WEAK
]
  200 00000016                 EXPORT           GPIO_B2_IRQHandler        [WEAK
]
  201 00000016                 EXPORT           GPIO_B3_IRQHandler        [WEAK
]
  202 00000016                 EXPORT           GPIO_B4_IRQHandler        [WEAK
]
  203 00000016                 EXPORT           GPIO_B5_IRQHandler        [WEAK
]
  204 00000016                 EXPORT           GPIO_B6_IRQHandler        [WEAK
]
  205 00000016                 EXPORT           GPIO_B7_IRQHandler        [WEAK
]
  206 00000016         CMP1_IRQn
  207 00000016         CMP2_IRQn
  208 00000016         UART0_IRQHandler
  209 00000016         UART1_IRQHandler
  210 00000016         UART2_IRQHandler
  211 00000016         TIMER0_IRQHandler
  212 00000016         TIMER1_IRQHandler
  213 00000016         GPADC_IRQHandler
  214 00000016         SYS_GPIO_0_IRQHandler
  215 00000016         SYS_GPIO_1_IRQHandler
  216 00000016         WDT_IRQHandler
  217 00000016         ;Lightning_IRQHandler
  218 00000016         GPIO_A2_IRQHandler
  219 00000016         DMA_IRQHandler
  220 00000016         APB_SPI0_IRQnHandler
  221 00000016         APB_SPI1_IRQnHandler
  222 00000016         ;QI_IRQnHandler
  223 00000016         GPIO_A3_IRQHandler
  224 00000016         iWDT_IRQHandler
  225 00000016         QSPI_CTRL_IRQHandler
  226 00000016         AON_WKUP_IRQHandler
  227 00000016         APB_SPI_IRQnHandler
  228 00000016         CMU2AHB_IRQHandler
  229 00000016         GPIO_A0_IRQHandler
  230 00000016         GPIO_A4_IRQHandler
  231 00000016         GPIO_A5_IRQHandler
  232 00000016         GPIO_A6_IRQHandler
  233 00000016         GPIO_A7_IRQHandler
  234 00000016         GPIO_B0_IRQHandler
  235 00000016         GPIO_B1_IRQHandler
  236 00000016         GPIO_B2_IRQHandler
  237 00000016         GPIO_B3_IRQHandler
  238 00000016         GPIO_B4_IRQHandler
  239 00000016         GPIO_B5_IRQHandler
  240 00000016         GPIO_B6_IRQHandler
  241 00000016         GPIO_B7_IRQHandler
  242 00000016         



ARM Macro Assembler    Page 7 


  243 00000016         
  244 00000016 E7FE            B                .
  245 00000018         
  246 00000018                 ENDP
  247 00000018         
  248 00000018         
  249 00000018                 ALIGN
  250 00000018         
  251 00000018         
  252 00000018         ; User Initial Stack & Heap
  253 00000018         
  254 00000018                 IF               :DEF:__MICROLIB
  255 00000018         
  256 00000018                 EXPORT           __initial_sp
  257 00000018                 EXPORT           __heap_base
  258 00000018                 EXPORT           __heap_limit
  259 00000018         
  260 00000018                 ELSE
  274                          ENDIF
  275 00000018         
  276 00000018         
  277 00000018                 END
              00000000 
Command Line: --debug --xref --diag_suppress=9931 --cpu=Cortex-M0 --apcs=interw
ork --depend=.\objects\startup_cm0.d -o.\objects\startup_cm0.o -ID:\Keil_v5\ARM
\PACK\ARM\CMSIS\5.9.0\Device\ARM\ARMCM0\Include -ID:\Keil_v5\ARM\CMSIS\Include 
--predefine="__MICROLIB SETA 1" --predefine="__UVISION_VERSION SETA 538" --pred
efine="ARMCM0 SETA 1" --list=.\listings\startup_cm0.lst startup\startup_cm0.s



ARM Macro Assembler    Page 1 Alphabetic symbol ordering
Relocatable symbols

HEAP 00000000

Symbol: HEAP
   Definitions
      At line 34 in file startup\startup_cm0.s
   Uses
      None
Comment: HEAP unused
Heap_Mem 00000000

Symbol: Heap_Mem
   Definitions
      At line 36 in file startup\startup_cm0.s
   Uses
      None
Comment: Heap_Mem unused
__heap_base 00000000

Symbol: __heap_base
   Definitions
      At line 35 in file startup\startup_cm0.s
   Uses
      At line 257 in file startup\startup_cm0.s
Comment: __heap_base used once
__heap_limit 00000000

Symbol: __heap_limit
   Definitions
      At line 37 in file startup\startup_cm0.s
   Uses
      At line 258 in file startup\startup_cm0.s
Comment: __heap_limit used once
4 symbols



ARM Macro Assembler    Page 1 Alphabetic symbol ordering
Relocatable symbols

RESET 00000000

Symbol: RESET
   Definitions
      At line 46 in file startup\startup_cm0.s
   Uses
      None
Comment: RESET unused
__Vectors 00000000

Symbol: __Vectors
   Definitions
      At line 49 in file startup\startup_cm0.s
   Uses
      At line 47 in file startup\startup_cm0.s
Comment: __Vectors used once
2 symbols



ARM Macro Assembler    Page 1 Alphabetic symbol ordering
Relocatable symbols

.text 00000000

Symbol: .text
   Definitions
      At line 107 in file startup\startup_cm0.s
   Uses
      None
Comment: .text unused
AON_WKUP_IRQHandler 00000016

Symbol: AON_WKUP_IRQHandler
   Definitions
      At line 226 in file startup\startup_cm0.s
   Uses
      At line 103 in file startup\startup_cm0.s
      At line 188 in file startup\startup_cm0.s

APB_SPI0_IRQnHandler 00000016

Symbol: APB_SPI0_IRQnHandler
   Definitions
      At line 220 in file startup\startup_cm0.s
   Uses
      At line 84 in file startup\startup_cm0.s
      At line 178 in file startup\startup_cm0.s

APB_SPI1_IRQnHandler 00000016

Symbol: APB_SPI1_IRQnHandler
   Definitions
      At line 221 in file startup\startup_cm0.s
   Uses
      At line 85 in file startup\startup_cm0.s
      At line 179 in file startup\startup_cm0.s

APB_SPI_IRQnHandler 00000016

Symbol: APB_SPI_IRQnHandler
   Definitions
      At line 227 in file startup\startup_cm0.s
   Uses
      None
Comment: APB_SPI_IRQnHandler unused
BusFault_Handler 0000000A

Symbol: BusFault_Handler
   Definitions
      At line 136 in file startup\startup_cm0.s
   Uses
      At line 54 in file startup\startup_cm0.s
      At line 137 in file startup\startup_cm0.s

CMP1_IRQn 00000016

Symbol: CMP1_IRQn
   Definitions
      At line 206 in file startup\startup_cm0.s
   Uses
      At line 67 in file startup\startup_cm0.s



ARM Macro Assembler    Page 2 Alphabetic symbol ordering
Relocatable symbols

      At line 165 in file startup\startup_cm0.s

CMP2_IRQn 00000016

Symbol: CMP2_IRQn
   Definitions
      At line 207 in file startup\startup_cm0.s
   Uses
      At line 68 in file startup\startup_cm0.s
      At line 166 in file startup\startup_cm0.s

CMU2AHB_IRQHandler 00000016

Symbol: CMU2AHB_IRQHandler
   Definitions
      At line 228 in file startup\startup_cm0.s
   Uses
      At line 104 in file startup\startup_cm0.s
      At line 189 in file startup\startup_cm0.s

DMA_IRQHandler 00000016

Symbol: DMA_IRQHandler
   Definitions
      At line 219 in file startup\startup_cm0.s
   Uses
      At line 71 in file startup\startup_cm0.s
      At line 177 in file startup\startup_cm0.s

DebugMon_Handler 00000010

Symbol: DebugMon_Handler
   Definitions
      At line 150 in file startup\startup_cm0.s
   Uses
      At line 61 in file startup\startup_cm0.s
      At line 151 in file startup\startup_cm0.s

Default_Handler 00000016

Symbol: Default_Handler
   Definitions
      At line 163 in file startup\startup_cm0.s
   Uses
      None
Comment: Default_Handler unused
GPADC_IRQHandler 00000016

Symbol: GPADC_IRQHandler
   Definitions
      At line 213 in file startup\startup_cm0.s
   Uses
      At line 75 in file startup\startup_cm0.s
      At line 172 in file startup\startup_cm0.s

GPIO_A0_IRQHandler 00000016

Symbol: GPIO_A0_IRQHandler
   Definitions



ARM Macro Assembler    Page 3 Alphabetic symbol ordering
Relocatable symbols

      At line 229 in file startup\startup_cm0.s
   Uses
      At line 83 in file startup\startup_cm0.s
Comment: GPIO_A0_IRQHandler used once
GPIO_A2_IRQHandler 00000016

Symbol: GPIO_A2_IRQHandler
   Definitions
      At line 218 in file startup\startup_cm0.s
   Uses
      At line 81 in file startup\startup_cm0.s
      At line 185 in file startup\startup_cm0.s

GPIO_A3_IRQHandler 00000016

Symbol: GPIO_A3_IRQHandler
   Definitions
      At line 223 in file startup\startup_cm0.s
   Uses
      At line 87 in file startup\startup_cm0.s
      At line 181 in file startup\startup_cm0.s

GPIO_A4_IRQHandler 00000016

Symbol: GPIO_A4_IRQHandler
   Definitions
      At line 230 in file startup\startup_cm0.s
   Uses
      At line 91 in file startup\startup_cm0.s
      At line 191 in file startup\startup_cm0.s

GPIO_A5_IRQHandler 00000016

Symbol: GPIO_A5_IRQHandler
   Definitions
      At line 231 in file startup\startup_cm0.s
   Uses
      At line 92 in file startup\startup_cm0.s
      At line 192 in file startup\startup_cm0.s

GPIO_A6_IRQHandler 00000016

Symbol: GPIO_A6_IRQHandler
   Definitions
      At line 232 in file startup\startup_cm0.s
   Uses
      At line 93 in file startup\startup_cm0.s
      At line 193 in file startup\startup_cm0.s

GPIO_A7_IRQHandler 00000016

Symbol: GPIO_A7_IRQHandler
   Definitions
      At line 233 in file startup\startup_cm0.s
   Uses
      At line 94 in file startup\startup_cm0.s
      At line 194 in file startup\startup_cm0.s

GPIO_B0_IRQHandler 00000016



ARM Macro Assembler    Page 4 Alphabetic symbol ordering
Relocatable symbols


Symbol: GPIO_B0_IRQHandler
   Definitions
      At line 234 in file startup\startup_cm0.s
   Uses
      At line 95 in file startup\startup_cm0.s
      At line 195 in file startup\startup_cm0.s
      At line 198 in file startup\startup_cm0.s

GPIO_B1_IRQHandler 00000016

Symbol: GPIO_B1_IRQHandler
   Definitions
      At line 235 in file startup\startup_cm0.s
   Uses
      At line 96 in file startup\startup_cm0.s
      At line 196 in file startup\startup_cm0.s
      At line 199 in file startup\startup_cm0.s

GPIO_B2_IRQHandler 00000016

Symbol: GPIO_B2_IRQHandler
   Definitions
      At line 236 in file startup\startup_cm0.s
   Uses
      At line 97 in file startup\startup_cm0.s
      At line 200 in file startup\startup_cm0.s

GPIO_B3_IRQHandler 00000016

Symbol: GPIO_B3_IRQHandler
   Definitions
      At line 237 in file startup\startup_cm0.s
   Uses
      At line 98 in file startup\startup_cm0.s
      At line 201 in file startup\startup_cm0.s

GPIO_B4_IRQHandler 00000016

Symbol: GPIO_B4_IRQHandler
   Definitions
      At line 238 in file startup\startup_cm0.s
   Uses
      At line 99 in file startup\startup_cm0.s
      At line 202 in file startup\startup_cm0.s

GPIO_B5_IRQHandler 00000016

Symbol: GPIO_B5_IRQHandler
   Definitions
      At line 239 in file startup\startup_cm0.s
   Uses
      At line 100 in file startup\startup_cm0.s
      At line 203 in file startup\startup_cm0.s

GPIO_B6_IRQHandler 00000016

Symbol: GPIO_B6_IRQHandler
   Definitions



ARM Macro Assembler    Page 5 Alphabetic symbol ordering
Relocatable symbols

      At line 240 in file startup\startup_cm0.s
   Uses
      At line 101 in file startup\startup_cm0.s
      At line 204 in file startup\startup_cm0.s

GPIO_B7_IRQHandler 00000016

Symbol: GPIO_B7_IRQHandler
   Definitions
      At line 241 in file startup\startup_cm0.s
   Uses
      At line 102 in file startup\startup_cm0.s
      At line 205 in file startup\startup_cm0.s

HardFault_Handler 00000006

Symbol: HardFault_Handler
   Definitions
      At line 126 in file startup\startup_cm0.s
   Uses
      At line 52 in file startup\startup_cm0.s
      At line 127 in file startup\startup_cm0.s

MemManage_Handler 00000008

Symbol: MemManage_Handler
   Definitions
      At line 131 in file startup\startup_cm0.s
   Uses
      At line 53 in file startup\startup_cm0.s
      At line 132 in file startup\startup_cm0.s

NMI_Handler 00000004

Symbol: NMI_Handler
   Definitions
      At line 121 in file startup\startup_cm0.s
   Uses
      At line 51 in file startup\startup_cm0.s
      At line 122 in file startup\startup_cm0.s

PendSV_Handler 00000012

Symbol: PendSV_Handler
   Definitions
      At line 154 in file startup\startup_cm0.s
   Uses
      At line 63 in file startup\startup_cm0.s
      At line 155 in file startup\startup_cm0.s

QSPI_CTRL_IRQHandler 00000016

Symbol: QSPI_CTRL_IRQHandler
   Definitions
      At line 225 in file startup\startup_cm0.s
   Uses
      At line 88 in file startup\startup_cm0.s
      At line 187 in file startup\startup_cm0.s




ARM Macro Assembler    Page 6 Alphabetic symbol ordering
Relocatable symbols

Reset_Handler 00000000

Symbol: Reset_Handler
   Definitions
      At line 109 in file startup\startup_cm0.s
   Uses
      At line 50 in file startup\startup_cm0.s
      At line 110 in file startup\startup_cm0.s

SVC_Handler 0000000E

Symbol: SVC_Handler
   Definitions
      At line 145 in file startup\startup_cm0.s
   Uses
      At line 60 in file startup\startup_cm0.s
      At line 146 in file startup\startup_cm0.s

SYS_GPIO_0_IRQHandler 00000016

Symbol: SYS_GPIO_0_IRQHandler
   Definitions
      At line 214 in file startup\startup_cm0.s
   Uses
      At line 77 in file startup\startup_cm0.s
      At line 173 in file startup\startup_cm0.s

SYS_GPIO_1_IRQHandler 00000016

Symbol: SYS_GPIO_1_IRQHandler
   Definitions
      At line 215 in file startup\startup_cm0.s
   Uses
      At line 78 in file startup\startup_cm0.s
      At line 174 in file startup\startup_cm0.s

SysTick_Handler 00000014

Symbol: SysTick_Handler
   Definitions
      At line 158 in file startup\startup_cm0.s
   Uses
      At line 64 in file startup\startup_cm0.s
      At line 159 in file startup\startup_cm0.s

TIMER0_IRQHandler 00000016

Symbol: TIMER0_IRQHandler
   Definitions
      At line 211 in file startup\startup_cm0.s
   Uses
      At line 73 in file startup\startup_cm0.s
      At line 170 in file startup\startup_cm0.s

TIMER1_IRQHandler 00000016

Symbol: TIMER1_IRQHandler
   Definitions
      At line 212 in file startup\startup_cm0.s



ARM Macro Assembler    Page 7 Alphabetic symbol ordering
Relocatable symbols

   Uses
      At line 74 in file startup\startup_cm0.s
      At line 171 in file startup\startup_cm0.s

UART0_IRQHandler 00000016

Symbol: UART0_IRQHandler
   Definitions
      At line 208 in file startup\startup_cm0.s
   Uses
      At line 69 in file startup\startup_cm0.s
      At line 167 in file startup\startup_cm0.s

UART1_IRQHandler 00000016

Symbol: UART1_IRQHandler
   Definitions
      At line 209 in file startup\startup_cm0.s
   Uses
      At line 70 in file startup\startup_cm0.s
      At line 168 in file startup\startup_cm0.s

UART2_IRQHandler 00000016

Symbol: UART2_IRQHandler
   Definitions
      At line 210 in file startup\startup_cm0.s
   Uses
      At line 169 in file startup\startup_cm0.s
Comment: UART2_IRQHandler used once
UsageFault_Handler 0000000C

Symbol: UsageFault_Handler
   Definitions
      At line 141 in file startup\startup_cm0.s
   Uses
      At line 55 in file startup\startup_cm0.s
      At line 142 in file startup\startup_cm0.s

WDT_IRQHandler 00000016

Symbol: WDT_IRQHandler
   Definitions
      At line 216 in file startup\startup_cm0.s
   Uses
      At line 79 in file startup\startup_cm0.s
      At line 175 in file startup\startup_cm0.s

iWDT_IRQHandler 00000016

Symbol: iWDT_IRQHandler
   Definitions
      At line 224 in file startup\startup_cm0.s
   Uses
      At line 90 in file startup\startup_cm0.s
      At line 182 in file startup\startup_cm0.s

46 symbols



ARM Macro Assembler    Page 1 Alphabetic symbol ordering
Absolute symbols

Heap_Size 00000000

Symbol: Heap_Size
   Definitions
      At line 32 in file startup\startup_cm0.s
   Uses
      At line 36 in file startup\startup_cm0.s
Comment: Heap_Size used once
__initial_sp 20000FFC

Symbol: __initial_sp
   Definitions
      At line 23 in file startup\startup_cm0.s
   Uses
      At line 49 in file startup\startup_cm0.s
      At line 256 in file startup\startup_cm0.s

2 symbols



ARM Macro Assembler    Page 1 Alphabetic symbol ordering
External symbols

__main 00000000

Symbol: __main
   Definitions
      At line 112 in file startup\startup_cm0.s
   Uses
      At line 114 in file startup\startup_cm0.s
Comment: __main used once
1 symbol
390 symbols in table
