<html>
<body>
<pre>
<h1>µVision Build Log</h1>
<h2>Tool Versions:</h2>
IDE-Version: ¦ÌVision V5.38.0.0
Copyright (C) 2022 ARM Ltd and ARM Germany GmbH. All rights reserved.
License Information: 1 2, A, LIC=EXJT4-FUCS2-2ZSW4-FLMHT-98MHC-12FJG
 
Tool Versions:
Toolchain:       MDK-ARM Plus  Version: 5.38.0.0
Toolchain Path:  D:\Keil_v5\ARM\ARMCC\Bin
C Compiler:      Armcc.exe V5.06 update 6 (build 750)
Assembler:       Armasm.exe V5.06 update 6 (build 750)
Linker/Locator:  ArmLink.exe V5.06 update 6 (build 750)
Library Manager: ArmAr.exe V5.06 update 6 (build 750)
Hex Converter:   FromElf.exe V5.06 update 6 (build 750)
CPU DLL:         SARMCM3.DLL V5.38.0.0
Dialog DLL:      DARMCM1.DLL V1.19.6.0
Target DLL:      Segger\JL2CM3.dll V2.99.42.0
Dialog DLL:      TARMCM1.DLL V1.14.6.0
 
<h2>Project:</h2>
D:\SVN\projects\BSR1901\software\sdk\bsr1901_demo.uvprojx
Project File Date:  05/05/2026

<h2>Output:</h2>
*** Using Compiler 'V5.06 update 6 (build 750)', folder: 'D:\Keil_v5\ARM\ARMCC\Bin'
Rebuild target 'Target 1'
compiling system_initial.c...
assembling startup_cm0.s...
compiling aon.c...
compiling cmu.c...
compiling isr.c...
compiling iomux.c...
compiling uart.c...
compiling gpio.c...
compiling adc.c...
compiling gpio_i2c.c...
compiling spi.c...
compiling spi2ahb.c...
compiling systick.c...
compiling timer.c...
compiling watchdog.c...
compiling dma.c...
compiling pwm.c...
compiling efuse.c...
compiling opa.c...
compiling mos.c...
compiling charger.c...
compiling dpi_common.c...
compiling lcd_driver.c...
compiling bms_ip2366.c...
compiling xt25f32.c...
compiling 120x240_1.c...
compiling 120x240.c...
compiling 120x240_1_32bit.c...
compiling bat_64x35.c...
compiling 120x240_32bit.c...
compiling bat_percent_162x43.c...
compiling bat_90x49.c...
compiling black_128x128.c...
compiling img.c...
compiling charging.c...
compiling charging_32bit.c...
compiling font_0_9_digital_32b.c...
compiling font_A_z_32b.c...
compiling fire_eye_img.c...
compiling img_battery_32b.c...
compiling img_battery.c...
compiling img_cake.c...
compiling img_cake_32b.c...
compiling img_star.c...
compiling img_star_32b.c...
compiling ui_circle_100x100.c...
compiling sc_arc.c...
compiling sc_common.c...
compiling sc_compose.c...
compiling sc_event_task.c...
compiling sc_keyboard.c...
compiling sc_menu.c...
compiling sc_lvgl_font.c...
compiling sc_gui.c...
compiling lv_font_12.c...
compiling lv_font_16.c...
compiling lv_font_20.c...
compiling sc_transform.c...
compiling test_img.c...
compiling watch_106_64.c...
compiling bashen.c...
compiling main.c...
compiling key_process.c...
compiling sc_demo_test.c...
compiling ui_app.c...
compiling GUI.c...
linking...
Program Size: Code=12668 RO-data=227140 RW-data=44 ZI-data=40  
FromELF: creating hex file...
".\Objects\bsr1901_demo.axf" - 0 Error(s), 0 Warning(s).

<h2>Software Packages used:</h2>

Package Vendor: ARM
                http://www.keil.com/pack/ARM.CMSIS.5.9.0.pack
                ARM.CMSIS.5.9.0
                CMSIS (Common Microcontroller Software Interface Standard)

<h2>Collection of Component include folders:</h2>
  D:/Keil_v5/ARM/PACK/ARM/CMSIS/5.9.0/Device/ARM/ARMCM0/Include

<h2>Collection of Component Files used:</h2>
Build Time Elapsed:  00:00:09
</pre>
</body>
</html>
