<html>
<body>
<pre>
<h1>µVision Build Log</h1>
<h2>Tool Versions:</h2>
IDE-Version: ¦ÌVision V5.38.0.0
Copyright (C) 2022 ARM Ltd and ARM Germany GmbH. All rights reserved.
License Information: 1 2, A, LIC=EXJT4-FUCS2-2ZSW4-FLMHT-98MHC-12FJG
 
Tool Versions:
Toolchain:       MDK-ARM Plus  Version: 5.38.0.0
Toolchain Path:  D:\Keil_v5\ARM\ARMCC\Bin
C Compiler:      Armcc.exe V5.06 update 6 (build 750)
Assembler:       Armasm.exe V5.06 update 6 (build 750)
Linker/Locator:  ArmLink.exe V5.06 update 6 (build 750)
Library Manager: ArmAr.exe V5.06 update 6 (build 750)
Hex Converter:   FromElf.exe V5.06 update 6 (build 750)
CPU DLL:         SARMCM3.DLL V5.38.0.0
Dialog DLL:      DARMCM1.DLL V1.19.6.0
Target DLL:      Segger\JL2CM3.dll V2.99.42.0
Dialog DLL:      TARMCM1.DLL V1.14.6.0
 
<h2>Project:</h2>
D:\GitHub\software\sdk\bsr1901_demo.uvprojx
Project File Date:  01/10/2026

<h2>Output:</h2>
*** Using Compiler 'V5.06 update 6 (build 750)', folder: 'D:\Keil_v5\ARM\ARMCC\Bin'
Rebuild target 'Target 1'
assembling startup_cm0.s...
compiling system_initial.c...
compiling adc.c...
compiling aon.c...
compiling cmu.c...
compiling isr.c...
compiling iomux.c...
compiling uart.c...
compiling gpio.c...
compiling gpio_i2c.c...
compiling spi.c...
compiling timer.c...
compiling systick.c...
compiling pwm.c...
compiling watchdog.c...
compiling dma.c...
compiling opa.c...
compiling efuse.c...
compiling mos.c...
compiling dpi_common.c...
compiling lcd_driver.c...
compiling xt25f32.c...
compiling main.c...
compiling img_cake_32b.c...
compiling img_star_32b.c...
compiling bms_ip2366.c...
compiling key_process.c...
compiling img_cake.c...
compiling img_star.c...
compiling charging_32bit.c...
compiling charging.c...
compiling img_battery.c...
compiling img_battery_32b.c...
compiling circle_100x100.c...
compiling fire_eye_img.c...
compiling sc_common.c...
compiling sc_arc.c...
compiling sc_event_task.c...
compiling sc_compose.c...
compiling sc_keyboard.c...
compiling sc_gui.c...
compiling sc_menu.c...
compiling sc_lvgl_font.c...
compiling watch_106_64.c...
compiling test_img.c...
compiling sc_transform.c...
compiling lv_font_12.c...
compiling lv_font_16.c...
compiling lv_font_20.c...
compiling sc_demo_test.c...
linking...
Program Size: Code=5780 RO-data=118528 RW-data=80 ZI-data=0  
FromELF: creating hex file...
After Build - User command #1: build.bat
D:\GitHub\software\sdk>set path=D:\Keil_v5\ARM\ARMCC\bin 
D:\GitHub\software\sdk>fromelf.exe --bin -o ./Output/bsr1901_demo.bin ./Objects/bsr1901_demo.axf 
D:\GitHub\software\sdk>fromelf.exe -rc -o ./Output/bsr1901_demo.asm ./Objects/bsr1901_demo.axf 
D:\GitHub\software\sdk>fromelf.exe -ad -o ./Output/bsr1901_demo.data ./Objects/bsr1901_demo.axf 
D:\GitHub\software\sdk>fromelf.exe -cvf ./Objects/bsr1901_demo.axf --vhx --32x1 -o ./Output/bsr1901.hex 
D:\GitHub\software\sdk>fromelf.exe -cvf ./Objects/bsr1901_demo.axf -o ./Output/bsr1901_asm.txt 
After Build - User command #2: Keil5_disp_size_bar_v0.3.exe
[Keil5_disp_size_bar V0.3]: start find map file
[Keil5_disp_size_bar V0.3]: Found:D:\GitHub\software\sdk\Listings\bsr1901_demo.map
[Keil5_disp_size_bar V0.3]: found end
ram:
    4 KB   ram1:|____________________|  1.95 % (    0.08 KB /     4.00 KB) [4016 B]
4194304 KB   ram2:|____________________|  0.00 % (    0.70 KB / 4194304.00 KB) [4294966575 B]
flash:
 4096 KB flash1:|____________________|  2.95 % (  120.69 KB /  4096.00 KB) [4070716 B]
 
".\Objects\bsr1901_demo.axf" - 0 Error(s), 0 Warning(s).

<h2>Software Packages used:</h2>

Package Vendor: ARM
                http://www.keil.com/pack/ARM.CMSIS.5.9.0.pack
                ARM.CMSIS.5.9.0
                CMSIS (Common Microcontroller Software Interface Standard)

<h2>Collection of Component include folders:</h2>
  D:/Keil_v5/ARM/PACK/ARM/CMSIS/5.9.0/Device/ARM/ARMCM0/Include

<h2>Collection of Component Files used:</h2>
Build Time Elapsed:  00:00:10
</pre>
</body>
</html>
